Archive member included to satisfy reference by file (symbol)

D:/Application/stm32cubeclt/STM32CubeCLT_1.18.0/GNU-tools-for-STM32/bin/../lib/gcc/arm-none-eabi/13.3.1/thumb/v7-m/nofp\libgcc.a(_arm_muldf3.o)
                              CMakeFiles/DSB2.elf.dir/Core/Src/oled/oled.c.obj (__aeabi_dmul)
D:/Application/stm32cubeclt/STM32CubeCLT_1.18.0/GNU-tools-for-STM32/bin/../lib/gcc/arm-none-eabi/13.3.1/thumb/v7-m/nofp\libgcc.a(_arm_mulsf3.o)
                              CMakeFiles/DSB2.elf.dir/Core/Src/move_while_rotating/move_while_rotating.c.obj (__aeabi_fmul)
D:/Application/stm32cubeclt/STM32CubeCLT_1.18.0/GNU-tools-for-STM32/bin/../lib/gcc/arm-none-eabi/13.3.1/thumb/v7-m/nofp\libgcc.a(_arm_addsubdf3.o)
                              CMakeFiles/DSB2.elf.dir/Core/Src/oled/oled.c.obj (__aeabi_dsub)
D:/Application/stm32cubeclt/STM32CubeCLT_1.18.0/GNU-tools-for-STM32/bin/../lib/gcc/arm-none-eabi/13.3.1/thumb/v7-m/nofp\libgcc.a(_arm_fixdfsi.o)
                              CMakeFiles/DSB2.elf.dir/Core/Src/oled/oled.c.obj (__aeabi_d2iz)
D:/Application/stm32cubeclt/STM32CubeCLT_1.18.0/GNU-tools-for-STM32/bin/../lib/gcc/arm-none-eabi/13.3.1/thumb/v7-m/nofp\libgcc.a(_arm_addsubsf3.o)
                              CMakeFiles/DSB2.elf.dir/Core/Src/yaw_pid_control/yaw_ramp.c.obj (__aeabi_fsub)
D:/Application/stm32cubeclt/STM32CubeCLT_1.18.0/GNU-tools-for-STM32/bin/../lib/gcc/arm-none-eabi/13.3.1/thumb/v7-m/nofp\libgcc.a(_arm_muldivsf3.o)
                              CMakeFiles/DSB2.elf.dir/Core/Src/main.c.obj (__aeabi_fdiv)
D:/Application/stm32cubeclt/STM32CubeCLT_1.18.0/GNU-tools-for-STM32/bin/../lib/gcc/arm-none-eabi/13.3.1/thumb/v7-m/nofp\libgcc.a(_arm_cmpsf2.o)
                              CMakeFiles/DSB2.elf.dir/Core/Src/yaw_pid_control/yaw_ramp.c.obj (__aeabi_fcmplt)
D:/Application/stm32cubeclt/STM32CubeCLT_1.18.0/GNU-tools-for-STM32/bin/../lib/gcc/arm-none-eabi/13.3.1/thumb/v7-m/nofp\libgcc.a(_arm_fixsfsi.o)
                              CMakeFiles/DSB2.elf.dir/Core/Src/move_while_rotating/move_while_rotating.c.obj (__aeabi_f2iz)
D:/Application/stm32cubeclt/STM32CubeCLT_1.18.0/GNU-tools-for-STM32/bin/../lib/gcc/arm-none-eabi/13.3.1/thumb/v7-m/nofp\libgcc.a(_aeabi_ldivmod.o)
                              CMakeFiles/DSB2.elf.dir/Core/Src/yaw_pid_control/yaw_pid_control.c.obj (__aeabi_ldivmod)
D:/Application/stm32cubeclt/STM32CubeCLT_1.18.0/GNU-tools-for-STM32/bin/../lib/gcc/arm-none-eabi/13.3.1/thumb/v7-m/nofp\libgcc.a(_udivmoddi4.o)
                              D:/Application/stm32cubeclt/STM32CubeCLT_1.18.0/GNU-tools-for-STM32/bin/../lib/gcc/arm-none-eabi/13.3.1/thumb/v7-m/nofp\libgcc.a(_aeabi_ldivmod.o) (__udivmoddi4)
D:/Application/stm32cubeclt/STM32CubeCLT_1.18.0/GNU-tools-for-STM32/bin/../lib/gcc/arm-none-eabi/13.3.1/thumb/v7-m/nofp\libgcc.a(_dvmd_tls.o)
                              D:/Application/stm32cubeclt/STM32CubeCLT_1.18.0/GNU-tools-for-STM32/bin/../lib/gcc/arm-none-eabi/13.3.1/thumb/v7-m/nofp\libgcc.a(_aeabi_ldivmod.o) (__aeabi_ldiv0)
D:/Application/stm32cubeclt/STM32CubeCLT_1.18.0/GNU-tools-for-STM32/bin/../lib/gcc/arm-none-eabi/13.3.1/../../../../arm-none-eabi/lib/thumb/v7-m/nofp\libg.a(libc_a-atoi.o)
                              CMakeFiles/DSB2.elf.dir/Core/Src/linetracker_uart5/linetracker_uart5.c.obj (atoi)
D:/Application/stm32cubeclt/STM32CubeCLT_1.18.0/GNU-tools-for-STM32/bin/../lib/gcc/arm-none-eabi/13.3.1/../../../../arm-none-eabi/lib/thumb/v7-m/nofp\libg.a(libc_a-exit.o)
                              D:/Application/stm32cubeclt/STM32CubeCLT_1.18.0/GNU-tools-for-STM32/bin/../lib/gcc/arm-none-eabi/13.3.1/../../../../arm-none-eabi/lib/thumb/v7-m/nofp/crt0.o (exit)
D:/Application/stm32cubeclt/STM32CubeCLT_1.18.0/GNU-tools-for-STM32/bin/../lib/gcc/arm-none-eabi/13.3.1/../../../../arm-none-eabi/lib/thumb/v7-m/nofp\libg.a(libc_a-strtol.o)
                              D:/Application/stm32cubeclt/STM32CubeCLT_1.18.0/GNU-tools-for-STM32/bin/../lib/gcc/arm-none-eabi/13.3.1/../../../../arm-none-eabi/lib/thumb/v7-m/nofp\libg.a(libc_a-atoi.o) (_strtol_r)
D:/Application/stm32cubeclt/STM32CubeCLT_1.18.0/GNU-tools-for-STM32/bin/../lib/gcc/arm-none-eabi/13.3.1/../../../../arm-none-eabi/lib/thumb/v7-m/nofp\libg.a(libc_a-ctype_.o)
                              D:/Application/stm32cubeclt/STM32CubeCLT_1.18.0/GNU-tools-for-STM32/bin/../lib/gcc/arm-none-eabi/13.3.1/../../../../arm-none-eabi/lib/thumb/v7-m/nofp\libg.a(libc_a-strtol.o) (_ctype_)
D:/Application/stm32cubeclt/STM32CubeCLT_1.18.0/GNU-tools-for-STM32/bin/../lib/gcc/arm-none-eabi/13.3.1/../../../../arm-none-eabi/lib/thumb/v7-m/nofp\libg.a(libc_a-findfp.o)
                              D:/Application/stm32cubeclt/STM32CubeCLT_1.18.0/GNU-tools-for-STM32/bin/../lib/gcc/arm-none-eabi/13.3.1/../../../../arm-none-eabi/lib/thumb/v7-m/nofp\libg.a(libc_a-exit.o) (__stdio_exit_handler)
D:/Application/stm32cubeclt/STM32CubeCLT_1.18.0/GNU-tools-for-STM32/bin/../lib/gcc/arm-none-eabi/13.3.1/../../../../arm-none-eabi/lib/thumb/v7-m/nofp\libg.a(libc_a-fwalk.o)
[...]
Memory Configuration

Name             Origin             Length             Attributes
RAM              0x20000000         0x0000c000         xrw
FLASH            0x08000000         0x00040000         xr
*default*        0x00000000         0xffffffff

Linker script and memory map

LOAD D:/Application/stm32cubeclt/STM32CubeCLT_1.18.0/GNU-tools-for-STM32/bin/../lib/gcc/arm-none-eabi/13.3.1/thumb/v7-m/nofp/crti.o
LOAD D:/Application/stm32cubeclt/STM32CubeCLT_1.18.0/GNU-tools-for-STM32/bin/../lib/gcc/arm-none-eabi/13.3.1/thumb/v7-m/nofp/crtbegin.o
LOAD D:/Application/stm32cubeclt/STM32CubeCLT_1.18.0/GNU-tools-for-STM32/bin/../lib/gcc/arm-none-eabi/13.3.1/../../../../arm-none-eabi/lib/thumb/v7-m/nofp/crt0.o
LOAD CMakeFiles/DSB2.elf.dir/Core/Src/buzzer/buzzer.c.obj
LOAD CMakeFiles/DSB2.elf.dir/Core/Src/gpio.c.obj
LOAD CMakeFiles/DSB2.elf.dir/Core/Src/i2c.c.obj
LOAD CMakeFiles/DSB2.elf.dir/Core/Src/imu_uart4/imu_uart4.c.obj
LOAD CMakeFiles/DSB2.elf.dir/Core/Src/key/key.c.obj
LOAD CMakeFiles/DSB2.elf.dir/Core/Src/line_follow_pid/line_follow_pid.c.obj
LOAD CMakeFiles/DSB2.elf.dir/Core/Src/linetracker_uart5/linetracker_uart5.c.obj
LOAD CMakeFiles/DSB2.elf.dir/Core/Src/main.c.obj
LOAD CMakeFiles/DSB2.elf.dir/Core/Src/motor_rx/motor_rx.c.obj
LOAD CMakeFiles/DSB2.elf.dir/Core/Src/move_while_rotating/move_while_rotating.c.obj
LOAD CMakeFiles/DSB2.elf.dir/Core/Src/oled/font.c.obj
LOAD CMakeFiles/DSB2.elf.dir/Core/Src/oled/oled.c.obj
LOAD CMakeFiles/DSB2.elf.dir/Core/Src/process.c.obj
LOAD CMakeFiles/DSB2.elf.dir/Core/Src/servo_control/servo_control.c.obj
LOAD CMakeFiles/DSB2.elf.dir/Core/Src/stm32f1xx_hal_msp.c.obj
LOAD CMakeFiles/DSB2.elf.dir/Core/Src/stm32f1xx_it.c.obj
LOAD CMakeFiles/DSB2.elf.dir/Core/Src/syscalls.c.obj
LOAD CMakeFiles/DSB2.elf.dir/Core/Src/sysmem.c.obj
LOAD CMakeFiles/DSB2.elf.dir/Core/Src/system_stm32f1xx.c.obj
LOAD CMakeFiles/DSB2.elf.dir/Core/Src/tim.c.obj
LOAD CMakeFiles/DSB2.elf.dir/Core/Src/uart2_motor_frame_tx/uart2_motor_frame_tx.c.obj
LOAD CMakeFiles/DSB2.elf.dir/Core/Src/usart.c.obj
LOAD CMakeFiles/DSB2.elf.dir/Core/Src/vision_parser/vision_parser.c.obj
LOAD CMakeFiles/DSB2.elf.dir/Core/Src/wind/wind.c.obj
LOAD CMakeFiles/DSB2.elf.dir/Core/Src/yaw_pid_control/yaw_pid_control.c.obj
LOAD CMakeFiles/DSB2.elf.dir/Core/Src/yaw_pid_control/yaw_ramp.c.obj
LOAD CMakeFiles/DSB2.elf.dir/Core/Startup/startup_stm32f103rctx.s.obj
LOAD CMakeFiles/DSB2.elf.dir/Drivers/STM32F1xx_HAL_Driver/Src/stm32f1xx_hal.c.obj
LOAD CMakeFiles/DSB2.elf.dir/Drivers/STM32F1xx_HAL_Driver/Src/stm32f1xx_hal_cortex.c.obj
LOAD CMakeFiles/DSB2.elf.dir/Drivers/STM32F1xx_HAL_Driver/Src/stm32f1xx_hal_dma.c.obj
LOAD CMakeFiles/DSB2.elf.dir/Drivers/STM32F1xx_HAL_Driver/Src/stm32f1xx_hal_exti.c.obj
LOAD CMakeFiles/DSB2.elf.dir/Drivers/STM32F1xx_HAL_Driver/Src/stm32f1xx_hal_flash.c.obj
LOAD CMakeFiles/DSB2.elf.dir/Drivers/STM32F1xx_HAL_Driver/Src/stm32f1xx_hal_flash_ex.c.obj
LOAD CMakeFiles/DSB2.elf.dir/Drivers/STM32F1xx_HAL_Driver/Src/stm32f1xx_hal_gpio.c.obj
LOAD CMakeFiles/DSB2.elf.dir/Drivers/STM32F1xx_HAL_Driver/Src/stm32f1xx_hal_gpio_ex.c.obj
LOAD CMakeFiles/DSB2.elf.dir/Drivers/STM32F1xx_HAL_Driver/Src/stm32f1xx_hal_i2c.c.obj
LOAD CMakeFiles/DSB2.elf.dir/Drivers/STM32F1xx_HAL_Driver/Src/stm32f1xx_hal_pwr.c.obj
LOAD CMakeFiles/DSB2.elf.dir/Drivers/STM32F1xx_HAL_Driver/Src/stm32f1xx_hal_rcc.c.obj
LOAD CMakeFiles/DSB2.elf.dir/Drivers/STM32F1xx_HAL_Driver/Src/stm32f1xx_hal_rcc_ex.c.obj
LOAD CMakeFiles/DSB2.elf.dir/Drivers/STM32F1xx_HAL_Driver/Src/stm32f1xx_hal_tim.c.obj
LOAD CMakeFiles/DSB2.elf.dir/Drivers/STM32F1xx_HAL_Driver/Src/stm32f1xx_hal_tim_ex.c.obj
LOAD CMakeFiles/DSB2.elf.dir/Drivers/STM32F1xx_HAL_Driver/Src/stm32f1xx_hal_uart.c.obj
START GROUP
LOAD D:/Application/stm32cubeclt/STM32CubeCLT_1.18.0/GNU-tools-for-STM32/bin/../lib/gcc/arm-none-eabi/13.3.1/thumb/v7-m/nofp\libgcc.a
LOAD D:/Application/stm32cubeclt/STM32CubeCLT_1.18.0/GNU-tools-for-STM32/bin/../lib/gcc/arm-none-eabi/13.3.1/../../../../arm-none-eabi/lib/thumb/v7-m/nofp\libg.a
LOAD D:/Application/stm32cubeclt/STM32CubeCLT_1.18.0/GNU-tools-for-STM32/bin/../lib/gcc/arm-none-eabi/13.3.1/../../../../arm-none-eabi/lib/thumb/v7-m/nofp\libc.a
END GROUP
LOAD D:/Application/stm32cubeclt/STM32CubeCLT_1.18.0/GNU-tools-for-STM32/bin/../lib/gcc/arm-none-eabi/13.3.1/thumb/v7-m/nofp/crtend.o
LOAD D:/Application/stm32cubeclt/STM32CubeCLT_1.18.0/GNU-tools-for-STM32/bin/../lib/gcc/arm-none-eabi/13.3.1/thumb/v7-m/nofp/crtn.o
                0x2000c000                        _estack = (ORIGIN (RAM) + LENGTH (RAM))
                0x00000200                        _Min_Heap_Size = 0x200
                0x00000400                        _Min_Stack_Size = 0x400

.isr_vector     0x08000000      0x1e4
                0x08000000                        . = ALIGN (0x4)
 *(.isr_vector)
 .isr_vector    0x08000000      0x1e4 CMakeFiles/DSB2.elf.dir/Core/Startup/startup_stm32f103rctx.s.obj
                0x08000000                g_pfnVectors
                0x080001e4                        . = ALIGN (0x4)

.text           0x080001e8     0xb04c
                0x080001e8                        . = ALIGN (0x4)
 *(.text)
 .text          0x080001e8       0x40 D:/Application/stm32cubeclt/STM32CubeCLT_1.18.0/GNU-tools-for-STM32/bin/../lib/gcc/arm-none-eabi/13.3.1/thumb/v7-m/nofp/crtbegin.o
 .text          0x08000228      0x378 D:/Application/stm32cubeclt/STM32CubeCLT_1.18.0/GNU-tools-for-STM32/bin/../lib/gcc/arm-none-eabi/13.3.1/thumb/v7-m/nofp\libgcc.a(_arm_addsubdf3.o)
                0x08000228                __aeabi_drsub
                0x08000230                __aeabi_dsub
                0x08000230                __subdf3
                0x08000234                __aeabi_dadd
                0x08000234                __adddf3
                0x080004ac                __floatunsidf
                0x080004ac                __aeabi_ui2d
                0x080004cc                __floatsidf
                0x080004cc                __aeabi_i2d
                0x080004f0                __aeabi_f2d
                0x080004f0                __extendsfdf2
                0x08000534                __floatundidf
                0x08000534                __aeabi_ul2d
                0x08000544                __floatdidf
                0x08000544                __aeabi_l2d
 .text          0x080005a0       0x50 D:/Application/stm32cubeclt/STM32CubeCLT_1.18.0/GNU-tools-for-STM32/bin/../lib/gcc/arm-none-eabi/13.3.1/thumb/v7-m/nofp\libgcc.a(_arm_fixdfsi.o)
                0x080005a0                __aeabi_d2iz
                0x080005a0                __fixdfsi
 .text          0x080005f0      0x21c D:/Application/stm32cubeclt/STM32CubeCLT_1.18.0/GNU-tools-for-STM32/bin/../lib/gcc/arm-none-eabi/13.3.1/thumb/v7-m/nofp\libgcc.a(_arm_addsubsf3.o)
                0x080005f0                __aeabi_frsub
                0x080005f8                __subsf3
                0x080005f8                __aeabi_fsub
                0x080005fc                __aeabi_fadd
                0x080005fc                __addsf3
                0x0800075c                __aeabi_ui2f
                0x0800075c                __floatunsisf
                0x08000764                __aeabi_i2f
                0x08000764                __floatsisf
                0x08000780                __aeabi_ul2f
                0x08000780                __floatundisf
                0x08000790                __aeabi_l2f
                0x08000790                __floatdisf
 .text          0x0800080c      0x2a0 D:/Application/stm32cubeclt/STM32CubeCLT_1.18.0/GNU-tools-for-STM32/bin/../lib/gcc/arm-none-eabi/13.3.1/thumb/v7-m/nofp\libgcc.a(_arm_muldivsf3.o)
                0x0800080c                __mulsf3
                0x0800080c                __aeabi_fmul
                0x08000974                __aeabi_fdiv
                0x08000974                __divsf3
 .text          0x08000aac       0xec D:/Application/stm32cubeclt/STM32CubeCLT_1.18.0/GNU-tools-for-STM32/bin/../lib/gcc/arm-none-eabi/13.3.1/thumb/v7-m/nofp\libgcc.a(_arm_cmpsf2.o)
                0x08000aac                __gesf2
                0x08000aac                __gtsf2
                0x08000ab4                __lesf2
                0x08000ab4                __ltsf2
                0x08000abc                __nesf2
                0x08000abc                __eqsf2
                0x08000abc                __cmpsf2
                0x08000b1c                __aeabi_cfrcmple
                0x08000b24                __aeabi_cfcmpeq
                0x08000b24                __aeabi_cfcmple
                0x08000b34                __aeabi_fcmpeq
                0x08000b48                __aeabi_fcmplt
                0x08000b5c                __aeabi_fcmple
                0x08000b70                __aeabi_fcmpge
                0x08000b84                __aeabi_fcmpgt
 .text          0x08000b98       0x4c D:/Application/stm32cubeclt/STM32CubeCLT_1.18.0/GNU-tools-for-STM32/bin/../lib/gcc/arm-none-eabi/13.3.1/thumb/v7-m/nofp\libgcc.a(_arm_fixsfsi.o)
                0x08000b98                __aeabi_f2iz
                0x08000b98                __fixsfsi
 .text          0x08000be4       0xa0 D:/Application/stm32cubeclt/STM32CubeCLT_1.18.0/GNU-tools-for-STM32/bin/../lib/gcc/arm-none-eabi/13.3.1/thumb/v7-m/nofp\libgcc.a(_aeabi_ldivmod.o)
                0x08000be4                __aeabi_ldivmod
 .text          0x08000c84      0x300 D:/Application/stm32cubeclt/STM32CubeCLT_1.18.0/GNU-tools-for-STM32/bin/../lib/gcc/arm-none-eabi/13.3.1/thumb/v7-m/nofp\libgcc.a(_udivmoddi4.o)
                0x08000c84                __udivmoddi4
 .text          0x08000f84        0x4 D:/Application/stm32cubeclt/STM32CubeCLT_1.18.0/GNU-tools-for-STM32/bin/../lib/gcc/arm-none-eabi/13.3.1/thumb/v7-m/nofp\libgcc.a(_dvmd_tls.o)
                0x08000f84                __aeabi_idiv0
                0x08000f84                __aeabi_ldiv0
 .text          0x08000f88       0x10 D:/Application/stm32cubeclt/STM32CubeCLT_1.18.0/GNU-tools-for-STM32/bin/../lib/gcc/arm-none-eabi/13.3.1/../../../../arm-none-eabi/lib/thumb/v7-m/nofp\libg.a(libc_a-strlen.o)
                0x08000f88                strlen
 .text          0x08000f98      0x424 D:/Application/stm32cubeclt/STM32CubeCLT_1.18.0/GNU-tools-for-STM32/bin/../lib/gcc/arm-none-eabi/13.3.1/thumb/v7-m/nofp\libgcc.a(_arm_muldivdf3.o)
                0x08000f98                __aeabi_dmul
                0x08000f98                __muldf3
                0x080011ec                __divdf3
                0x080011ec                __aeabi_ddiv
 .text          0x080013bc      0x110 D:/Application/stm32cubeclt/STM32CubeCLT_1.18.0/GNU-tools-for-STM32/bin/../lib/gcc/arm-none-eabi/13.3.1/thumb/v7-m/nofp\libgcc.a(_arm_cmpdf2.o)
                0x080013bc                __gtdf2
                0x080013bc                __gedf2
                0x080013c4                __ltdf2
                0x080013c4                __ledf2
                0x080013cc                __nedf2
                0x080013cc                __eqdf2
                0x080013cc                __cmpdf2
                0x08001448                __aeabi_cdrcmple
                0x08001458                __aeabi_cdcmpeq
                0x08001458                __aeabi_cdcmple
                0x08001468                __aeabi_dcmpeq
                0x0800147c                __aeabi_dcmplt
                0x08001490                __aeabi_dcmple
                0x080014a4                __aeabi_dcmpge
                0x080014b8                __aeabi_dcmpgt
 .text          0x080014cc       0x2c D:/Application/stm32cubeclt/STM32CubeCLT_1.18.0/GNU-tools-for-STM32/bin/../lib/gcc/arm-none-eabi/13.3.1/thumb/v7-m/nofp\libgcc.a(_arm_unorddf2.o)
                0x080014cc                __unorddf2
                0x080014cc                __aeabi_dcmpun
 .text          0x080014f8       0x30 D:/Application/stm32cubeclt/STM32CubeCLT_1.18.0/GNU-tools-for-STM32/bin/../lib/gcc/arm-none-eabi/13.3.1/thumb/v7-m/nofp\libgcc.a(_aeabi_uldivmod.o)
                0x080014f8                __aeabi_uldivmod
 *(.text*)
 .text.set_freq
                0x08001528       0x38 CMakeFiles/DSB2.elf.dir/Core/Src/buzzer/buzzer.c.obj
 .text.Buzzer_Init
                0x08001560       0x10 CMakeFiles/DSB2.elf.dir/Core/Src/buzzer/buzzer.c.obj
                0x08001560                Buzzer_Init
 .text.Buzzer_Stop
                0x08001570       0x10 CMakeFiles/DSB2.elf.dir/Core/Src/buzzer/buzzer.c.obj
                0x08001570                Buzzer_Stop
 .text.Buzzer_PlayFreq
                0x08001580       0x14 CMakeFiles/DSB2.elf.dir/Core/Src/buzzer/buzzer.c.obj
                0x08001580                Buzzer_PlayFreq
 .text.Buzzer_PlayMelody
                0x08001594       0x48 CMakeFiles/DSB2.elf.dir/Core/Src/buzzer/buzzer.c.obj
                0x08001594                Buzzer_PlayMelody
 .text.MX_GPIO_Init
                0x080015dc       0xe8 CMakeFiles/DSB2.elf.dir/Core/Src/gpio.c.obj
                0x080015dc                MX_GPIO_Init
 .text.MX_I2C1_Init
                0x080016c4       0x3c CMakeFiles/DSB2.elf.dir/Core/Src/i2c.c.obj
                0x080016c4                MX_I2C1_Init
 .text.HAL_I2C_MspInit
                0x08001700       0x78 CMakeFiles/DSB2.elf.dir/Core/Src/i2c.c.obj
                0x08001700                HAL_I2C_MspInit
 .text.decode3_int
                0x08001778       0x6e CMakeFiles/DSB2.elf.dir/Core/Src/imu_uart4/imu_uart4.c.obj
 *fill*         0x080017e6        0x2 
 .text.IMU_ParseFrame
                0x080017e8       0x84 CMakeFiles/DSB2.elf.dir/Core/Src/imu_uart4/imu_uart4.c.obj
 .text.IMU_UART4_Init
                0x0800186c       0x18 CMakeFiles/DSB2.elf.dir/Core/Src/imu_uart4/imu_uart4.c.obj
                0x0800186c                IMU_UART4_Init
 .text.IMU_UART4_RxISR
                0x08001884       0x50 CMakeFiles/DSB2.elf.dir/Core/Src/imu_uart4/imu_uart4.c.obj
                0x08001884                IMU_UART4_RxISR
 .text.KEY_NVIC_Config
                0x080018d4       0x24 CMakeFiles/DSB2.elf.dir/Core/Src/key/key.c.obj
 .text.Key_Init
                0x080018f8       0x30 CMakeFiles/DSB2.elf.dir/Core/Src/key/key.c.obj
                0x080018f8                Key_Init
 .text.HAL_GPIO_EXTI_Callback
                0x08001928       0x4c CMakeFiles/DSB2.elf.dir/Core/Src/key/key.c.obj
                0x08001928                HAL_GPIO_EXTI_Callback
 .text.Line_nspection_data_synthesis
                0x08001974       0x5c CMakeFiles/DSB2.elf.dir/Core/Src/line_follow_pid/line_follow_pid.c.obj
 .text.Line_Follow_PID_Compute
                0x080019d0       0x80 CMakeFiles/DSB2.elf.dir/Core/Src/line_follow_pid/line_follow_pid.c.obj
 .text.Line_Follow_PID_Control
                0x08001a50       0x20 CMakeFiles/DSB2.elf.dir/Core/Src/line_follow_pid/line_follow_pid.c.obj
                0x08001a50                Line_Follow_PID_Control
 .text.LT_ParseDigitalFrame
                0x08001a70       0x58 CMakeFiles/DSB2.elf.dir/Core/Src/linetracker_uart5/linetracker_uart5.c.obj
 .text.LT_UART5_Init
                0x08001ac8       0x3c CMakeFiles/DSB2.elf.dir/Core/Src/linetracker_uart5/linetracker_uart5.c.obj
                0x08001ac8                LT_UART5_Init
 .text.LT_UART5_RxISR
                0x08001b04       0x5c CMakeFiles/DSB2.elf.dir/Core/Src/linetracker_uart5/linetracker_uart5.c.obj
                0x08001b04                LT_UART5_RxISR
 .text.LT_Process
                0x08001b60       0x20 CMakeFiles/DSB2.elf.dir/Core/Src/linetracker_uart5/linetracker_uart5.c.obj
                0x08001b60                LT_Process
 .text.Error_Handler
                0x08001b80        0x4 CMakeFiles/DSB2.elf.dir/Core/Src/main.c.obj
                0x08001b80                Error_Handler
 .text.SystemClock_Config
                0x08001b84       0x64 CMakeFiles/DSB2.elf.dir/Core/Src/main.c.obj
                0x08001b84                SystemClock_Config
 .text.main     0x08001be8      0x21c CMakeFiles/DSB2.elf.dir/Core/Src/main.c.obj
                0x08001be8                main
 .text.MotorRx_Init
                0x08001e04       0x48 CMakeFiles/DSB2.elf.dir/Core/Src/motor_rx/motor_rx.c.obj
                0x08001e04                MotorRx_Init
 .text.MotorRx_RxISR
                0x08001e4c       0x74 CMakeFiles/DSB2.elf.dir/Core/Src/motor_rx/motor_rx.c.obj
                0x08001e4c                MotorRx_RxISR
 .text.MotorRx_Parse
                0x08001ec0       0xb0 CMakeFiles/DSB2.elf.dir/Core/Src/motor_rx/motor_rx.c.obj
                0x08001ec0                MotorRx_Parse
 .text.MoveWhileRotating
                0x08001f70       0xbc CMakeFiles/DSB2.elf.dir/Core/Src/move_while_rotating/move_while_rotating.c.obj
                0x08001f70                MoveWhileRotating
 .text.OLED_Send
                0x0800202c       0x20 CMakeFiles/DSB2.elf.dir/Core/Src/oled/oled.c.obj
                0x0800202c                OLED_Send
 .text.OLED_SendCmd
                0x0800204c       0x14 CMakeFiles/DSB2.elf.dir/Core/Src/oled/oled.c.obj
                0x0800204c                OLED_SendCmd
 .text.OLED_NewFrame
                0x08002060       0x14 CMakeFiles/DSB2.elf.dir/Core/Src/oled/oled.c.obj
                0x08002060                OLED_NewFrame
 .text.OLED_ShowFrame
                0x08002074       0x50 CMakeFiles/DSB2.elf.dir/Core/Src/oled/oled.c.obj
                0x08002074                OLED_ShowFrame
 .text.OLED_Init
                0x080020c4       0xb4 CMakeFiles/DSB2.elf.dir/Core/Src/oled/oled.c.obj
                0x080020c4                OLED_Init
 .text.OLED_SetPixel
                0x08002178       0x4c CMakeFiles/DSB2.elf.dir/Core/Src/oled/oled.c.obj
                0x08002178                OLED_SetPixel
 .text.OLED_SetByte_Fine
                0x080021c4       0x74 CMakeFiles/DSB2.elf.dir/Core/Src/oled/oled.c.obj
                0x080021c4                OLED_SetByte_Fine
 .text.OLED_SetBits_Fine
                0x08002238       0x78 CMakeFiles/DSB2.elf.dir/Core/Src/oled/oled.c.obj
                0x08002238                OLED_SetBits_Fine
 .text.OLED_SetBits
                0x080022b0       0x4e CMakeFiles/DSB2.elf.dir/Core/Src/oled/oled.c.obj
                0x080022b0                OLED_SetBits
 .text.OLED_SetBlock
                0x080022fe       0x8e CMakeFiles/DSB2.elf.dir/Core/Src/oled/oled.c.obj
                0x080022fe                OLED_SetBlock
 .text.OLED_DrawLine
                0x0800238c      0x120 CMakeFiles/DSB2.elf.dir/Core/Src/oled/oled.c.obj
                0x0800238c                OLED_DrawLine
 .text.OLED_PrintASCIIChar
                0x080024ac       0x2c CMakeFiles/DSB2.elf.dir/Core/Src/oled/oled.c.obj
                0x080024ac                OLED_PrintASCIIChar
 .text.OLED_PrintASCIIString
                0x080024d8       0x36 CMakeFiles/DSB2.elf.dir/Core/Src/oled/oled.c.obj
                0x080024d8                OLED_PrintASCIIString
 .text._OLED_GetUTF8Len
                0x0800250e       0x36 CMakeFiles/DSB2.elf.dir/Core/Src/oled/oled.c.obj
                0x0800250e                _OLED_GetUTF8Len
 .text.OLED_PrintString
                0x08002544       0xf0 CMakeFiles/DSB2.elf.dir/Core/Src/oled/oled.c.obj
                0x08002544                OLED_PrintString
 .text.process_Init
                0x08002634       0x64 CMakeFiles/DSB2.elf.dir/Core/Src/process.c.obj
                0x08002634                process_Init
 .text.servo_init
                0x08002698       0x1c CMakeFiles/DSB2.elf.dir/Core/Src/servo_control/servo_control.c.obj
                0x08002698                servo_init
 .text.HAL_MspInit
                0x080026b4       0x30 CMakeFiles/DSB2.elf.dir/Core/Src/stm32f1xx_hal_msp.c.obj
                0x080026b4                HAL_MspInit
 .text.NMI_Handler
                0x080026e4        0x2 CMakeFiles/DSB2.elf.dir/Core/Src/stm32f1xx_it.c.obj
                0x080026e4                NMI_Handler
 .text.HardFault_Handler
                0x080026e6        0x2 CMakeFiles/DSB2.elf.dir/Core/Src/stm32f1xx_it.c.obj
                0x080026e6                HardFault_Handler
 .text.MemManage_Handler
                0x080026e8        0x2 CMakeFiles/DSB2.elf.dir/Core/Src/stm32f1xx_it.c.obj
                0x080026e8                MemManage_Handler
 .text.BusFault_Handler
                0x080026ea        0x2 CMakeFiles/DSB2.elf.dir/Core/Src/stm32f1xx_it.c.obj
                0x080026ea                BusFault_Handler
 .text.UsageFault_Handler
                0x080026ec        0x2 CMakeFiles/DSB2.elf.dir/Core/Src/stm32f1xx_it.c.obj
                0x080026ec                UsageFault_Handler
 .text.SVC_Handler
                0x080026ee        0x2 CMakeFiles/DSB2.elf.dir/Core/Src/stm32f1xx_it.c.obj
                0x080026ee                SVC_Handler
 .text.DebugMon_Handler
                0x080026f0        0x2 CMakeFiles/DSB2.elf.dir/Core/Src/stm32f1xx_it.c.obj
                0x080026f0                DebugMon_Handler
 .text.PendSV_Handler
                0x080026f2        0x2 CMakeFiles/DSB2.elf.dir/Core/Src/stm32f1xx_it.c.obj
                0x080026f2                PendSV_Handler
 .text.SysTick_Handler
                0x080026f4       0x40 CMakeFiles/DSB2.elf.dir/Core/Src/stm32f1xx_it.c.obj
                0x080026f4                SysTick_Handler
 .text.EXTI4_IRQHandler
                0x08002734        0xa CMakeFiles/DSB2.elf.dir/Core/Src/stm32f1xx_it.c.obj
                0x08002734                EXTI4_IRQHandler
 .text.EXTI9_5_IRQHandler
                0x0800273e       0x16 CMakeFiles/DSB2.elf.dir/Core/Src/stm32f1xx_it.c.obj
                0x0800273e                EXTI9_5_IRQHandler
 .text.USART2_IRQHandler
                0x08002754       0x10 CMakeFiles/DSB2.elf.dir/Core/Src/stm32f1xx_it.c.obj
                0x08002754                USART2_IRQHandler
 .text.TIM5_IRQHandler
                0x08002764       0x14 CMakeFiles/DSB2.elf.dir/Core/Src/stm32f1xx_it.c.obj
                0x08002764                TIM5_IRQHandler
 .text.UART4_IRQHandler
                0x08002778       0x10 CMakeFiles/DSB2.elf.dir/Core/Src/stm32f1xx_it.c.obj
                0x08002778                UART4_IRQHandler
 .text.UART5_IRQHandler
                0x08002788       0x10 CMakeFiles/DSB2.elf.dir/Core/Src/stm32f1xx_it.c.obj
                0x08002788                UART5_IRQHandler
 .text.TIM6_IRQHandler
                0x08002798       0x14 CMakeFiles/DSB2.elf.dir/Core/Src/stm32f1xx_it.c.obj
                0x08002798                TIM6_IRQHandler
 .text.TIM7_IRQHandler
                0x080027ac       0x34 CMakeFiles/DSB2.elf.dir/Core/Src/stm32f1xx_it.c.obj
                0x080027ac                TIM7_IRQHandler
 .text.HAL_UART_TxCpltCallback
                0x080027e0        0x8 CMakeFiles/DSB2.elf.dir/Core/Src/stm32f1xx_it.c.obj
                0x080027e0                HAL_UART_TxCpltCallback
 .text.HAL_UART_RxCpltCallback
                0x080027e8       0x48 CMakeFiles/DSB2.elf.dir/Core/Src/stm32f1xx_it.c.obj
                0x080027e8                HAL_UART_RxCpltCallback
 .text._getpid  0x08002830        0x4 CMakeFiles/DSB2.elf.dir/Core/Src/syscalls.c.obj
                0x08002830                _getpid
 .text._kill    0x08002834       0x10 CMakeFiles/DSB2.elf.dir/Core/Src/syscalls.c.obj
                0x08002834                _kill
 .text._exit    0x08002844        0xc CMakeFiles/DSB2.elf.dir/Core/Src/syscalls.c.obj
                0x08002844                _exit
 .text._read    0x08002850       0x20 CMakeFiles/DSB2.elf.dir/Core/Src/syscalls.c.obj
                0x08002850                _read
 .text._write   0x08002870       0x1c CMakeFiles/DSB2.elf.dir/Core/Src/syscalls.c.obj
                0x08002870                _write
 .text._close   0x0800288c        0x6 CMakeFiles/DSB2.elf.dir/Core/Src/syscalls.c.obj
                0x0800288c                _close
 .text._fstat   0x08002892        0xa CMakeFiles/DSB2.elf.dir/Core/Src/syscalls.c.obj
                0x08002892                _fstat
 .text._isatty  0x0800289c        0x4 CMakeFiles/DSB2.elf.dir/Core/Src/syscalls.c.obj
                0x0800289c                _isatty
 .text._lseek   0x080028a0        0x4 CMakeFiles/DSB2.elf.dir/Core/Src/syscalls.c.obj
                0x080028a0                _lseek
 .text._sbrk    0x080028a4       0x48 CMakeFiles/DSB2.elf.dir/Core/Src/sysmem.c.obj
                0x080028a4                _sbrk
 .text.SystemInit
                0x080028ec        0x2 CMakeFiles/DSB2.elf.dir/Core/Src/system_stm32f1xx.c.obj
                0x080028ec                SystemInit
 *fill*         0x080028ee        0x2 
 .text.MX_TIM5_Init
                0x080028f0       0x70 CMakeFiles/DSB2.elf.dir/Core/Src/tim.c.obj
                0x080028f0                MX_TIM5_Init
 .text.MX_TIM6_Init
                0x08002960       0x50 CMakeFiles/DSB2.elf.dir/Core/Src/tim.c.obj
                0x08002960                MX_TIM6_Init
 .text.MX_TIM7_Init
                0x080029b0       0x50 CMakeFiles/DSB2.elf.dir/Core/Src/tim.c.obj
                0x080029b0                MX_TIM7_Init
 .text.HAL_TIM_PWM_MspInit
                0x08002a00       0xa8 CMakeFiles/DSB2.elf.dir/Core/Src/tim.c.obj
                0x08002a00                HAL_TIM_PWM_MspInit
 .text.HAL_TIM_Base_MspInit
                0x08002aa8       0xa0 CMakeFiles/DSB2.elf.dir/Core/Src/tim.c.obj
                0x08002aa8                HAL_TIM_Base_MspInit
 .text.HAL_TIM_MspPostInit
                0x08002b48      0x138 CMakeFiles/DSB2.elf.dir/Core/Src/tim.c.obj
                0x08002b48                HAL_TIM_MspPostInit
 .text.MX_TIM1_Init
                0x08002c80       0xc8 CMakeFiles/DSB2.elf.dir/Core/Src/tim.c.obj
                0x08002c80                MX_TIM1_Init
 .text.MX_TIM2_Init
                0x08002d48       0x84 CMakeFiles/DSB2.elf.dir/Core/Src/tim.c.obj
                0x08002d48                MX_TIM2_Init
 .text.MX_TIM3_Init
                0x08002dcc       0xb8 CMakeFiles/DSB2.elf.dir/Core/Src/tim.c.obj
                0x08002dcc                MX_TIM3_Init
 .text.MX_TIM4_Init
                0x08002e84       0xa0 CMakeFiles/DSB2.elf.dir/Core/Src/tim.c.obj
                0x08002e84                MX_TIM4_Init
 .text.MX_TIM8_Init
                0x08002f24       0xd0 CMakeFiles/DSB2.elf.dir/Core/Src/tim.c.obj
                0x08002f24                MX_TIM8_Init
 .text.MotorFrame_UART2_TxInit
                0x08002ff4        0xc CMakeFiles/DSB2.elf.dir/Core/Src/uart2_motor_frame_tx/uart2_motor_frame_tx.c.obj
                0x08002ff4                MotorFrame_UART2_TxInit
 .text.MotorFrame_SetSpeedAndCtrl
                0x08003000       0x44 CMakeFiles/DSB2.elf.dir/Core/Src/uart2_motor_frame_tx/uart2_motor_frame_tx.c.obj
                0x08003000                MotorFrame_SetSpeedAndCtrl
 .text.MotorFrame_UART2_SendIT
                0x08003044       0x2c CMakeFiles/DSB2.elf.dir/Core/Src/uart2_motor_frame_tx/uart2_motor_frame_tx.c.obj
                0x08003044                MotorFrame_UART2_SendIT
 .text.MotorFrame_SetAngleVelocity
                0x08003070       0x1c CMakeFiles/DSB2.elf.dir/Core/Src/uart2_motor_frame_tx/uart2_motor_frame_tx.c.obj
                0x08003070                MotorFrame_SetAngleVelocity
 .text.MotorFrame_UART2_TxCallback
                0x0800308c       0x18 CMakeFiles/DSB2.elf.dir/Core/Src/uart2_motor_frame_tx/uart2_motor_frame_tx.c.obj
                0x0800308c                MotorFrame_UART2_TxCallback
 .text.MotorFrame_CheckAndSend
                0x080030a4       0x34 CMakeFiles/DSB2.elf.dir/Core/Src/uart2_motor_frame_tx/uart2_motor_frame_tx.c.obj
                0x080030a4                MotorFrame_CheckAndSend
 .text.MX_UART4_Init
                0x080030d8       0x34 CMakeFiles/DSB2.elf.dir/Core/Src/usart.c.obj
                0x080030d8                MX_UART4_Init
 .text.MX_UART5_Init
                0x0800310c       0x34 CMakeFiles/DSB2.elf.dir/Core/Src/usart.c.obj
                0x0800310c                MX_UART5_Init
 .text.MX_USART1_UART_Init
                0x08003140       0x34 CMakeFiles/DSB2.elf.dir/Core/Src/usart.c.obj
                0x08003140                MX_USART1_UART_Init
 .text.MX_USART2_UART_Init
                0x08003174       0x34 CMakeFiles/DSB2.elf.dir/Core/Src/usart.c.obj
                0x08003174                MX_USART2_UART_Init
 .text.MX_USART3_UART_Init
                0x080031a8       0x34 CMakeFiles/DSB2.elf.dir/Core/Src/usart.c.obj
                0x080031a8                MX_USART3_UART_Init
 .text.HAL_UART_MspInit
                0x080031dc      0x23c CMakeFiles/DSB2.elf.dir/Core/Src/usart.c.obj
                0x080031dc                HAL_UART_MspInit
 .text.vision_uart_init
                0x08003418       0x18 CMakeFiles/DSB2.elf.dir/Core/Src/vision_parser/vision_parser.c.obj
                0x08003418                vision_uart_init
 .text.vision_frame_parse
                0x08003430       0x7c CMakeFiles/DSB2.elf.dir/Core/Src/vision_parser/vision_parser.c.obj
                0x08003430                vision_frame_parse
 .text.Vision_RxISR
                0x080034ac       0x70 CMakeFiles/DSB2.elf.dir/Core/Src/vision_parser/vision_parser.c.obj
                0x080034ac                Vision_RxISR
 .text.Wind_Init
                0x0800351c       0x38 CMakeFiles/DSB2.elf.dir/Core/Src/wind/wind.c.obj
                0x0800351c                Wind_Init
 .text.Wind_SetDirection
                0x08003554       0x44 CMakeFiles/DSB2.elf.dir/Core/Src/wind/wind.c.obj
                0x08003554                Wind_SetDirection
 .text.Wind_SetSpeed
                0x08003598       0x18 CMakeFiles/DSB2.elf.dir/Core/Src/wind/wind.c.obj
                0x08003598                Wind_SetSpeed
 .text.Vehicle_movement
                0x080035b0       0x20 CMakeFiles/DSB2.elf.dir/Core/Src/yaw_pid_control/yaw_pid_control.c.obj
                0x080035b0                Vehicle_movement
 .text.yaw_pid_control_callback
                0x080035d0      0x13c CMakeFiles/DSB2.elf.dir/Core/Src/yaw_pid_control/yaw_pid_control.c.obj
                0x080035d0                yaw_pid_control_callback
 .text.Speed_Control
                0x0800370c       0x2c CMakeFiles/DSB2.elf.dir/Core/Src/yaw_pid_control/yaw_pid_control.c.obj
                0x0800370c                Speed_Control
 .text.shortest_diff
                0x08003738       0x24 CMakeFiles/DSB2.elf.dir/Core/Src/yaw_pid_control/yaw_ramp.c.obj
 .text.ease_in_out_quad
                0x0800375c       0x4c CMakeFiles/DSB2.elf.dir/Core/Src/yaw_pid_control/yaw_ramp.c.obj
 .text.yaw_ramp_set_goal
                0x080037a8       0x68 CMakeFiles/DSB2.elf.dir/Core/Src/yaw_pid_control/yaw_ramp.c.obj
                0x080037a8                yaw_ramp_set_goal
 .text.yaw_ramp_update
                0x08003810       0x90 CMakeFiles/DSB2.elf.dir/Core/Src/yaw_pid_control/yaw_ramp.c.obj
                0x08003810                yaw_ramp_update
 .text.Reset_Handler
                0x080038a0       0x48 CMakeFiles/DSB2.elf.dir/Core/Startup/startup_stm32f103rctx.s.obj
                0x080038a0                Reset_Handler
 .text.Default_Handler
                0x080038e8        0x2 CMakeFiles/DSB2.elf.dir/Core/Startup/startup_stm32f103rctx.s.obj
                0x080038e8                RTC_Alarm_IRQHandler
                0x080038e8                EXTI2_IRQHandler
                0x080038e8                TIM8_TRG_COM_IRQHandler
                0x080038e8                TIM8_CC_IRQHandler
                0x080038e8                TIM1_CC_IRQHandler
                0x080038e8                PVD_IRQHandler
                0x080038e8                SDIO_IRQHandler
                0x080038e8                EXTI3_IRQHandler
                0x080038e8                EXTI0_IRQHandler
                0x080038e8                I2C2_EV_IRQHandler
                0x080038e8                ADC1_2_IRQHandler
                0x080038e8                SPI1_IRQHandler
                0x080038e8                TAMPER_IRQHandler
                0x080038e8                TIM8_UP_IRQHandler
                0x080038e8                DMA2_Channel2_IRQHandler
                0x080038e8                DMA1_Channel4_IRQHandler
                0x080038e8                USART3_IRQHandler
                0x080038e8                RTC_IRQHandler
                0x080038e8                DMA1_Channel7_IRQHandler
                0x080038e8                CAN1_RX1_IRQHandler
                0x080038e8                ADC3_IRQHandler
                0x080038e8                TIM4_IRQHandler
                0x080038e8                DMA2_Channel1_IRQHandler
                0x080038e8                I2C1_EV_IRQHandler
                0x080038e8                DMA1_Channel6_IRQHandler
                0x080038e8                TIM3_IRQHandler
                0x080038e8                RCC_IRQHandler
                0x080038e8                TIM1_TRG_COM_IRQHandler
                0x080038e8                DMA1_Channel1_IRQHandler
                0x080038e8                Default_Handler
                0x080038e8                EXTI15_10_IRQHandler
                0x080038e8                SPI2_IRQHandler
                0x080038e8                DMA1_Channel5_IRQHandler
                0x080038e8                USB_LP_CAN1_RX0_IRQHandler
                0x080038e8                USB_HP_CAN1_TX_IRQHandler
                0x080038e8                DMA1_Channel3_IRQHandler
                0x080038e8                FSMC_IRQHandler
                0x080038e8                TIM1_UP_IRQHandler
                0x080038e8                WWDG_IRQHandler
                0x080038e8                TIM2_IRQHandler
                0x080038e8                TIM1_BRK_IRQHandler
                0x080038e8                EXTI1_IRQHandler
                0x080038e8                DMA2_Channel4_5_IRQHandler
                0x080038e8                I2C2_ER_IRQHandler
                0x080038e8                DMA1_Channel2_IRQHandler
                0x080038e8                TIM8_BRK_IRQHandler
                0x080038e8                CAN1_SCE_IRQHandler
                0x080038e8                FLASH_IRQHandler
                0x080038e8                USART1_IRQHandler
                0x080038e8                SPI3_IRQHandler
                0x080038e8                I2C1_ER_IRQHandler
                0x080038e8                USBWakeUp_IRQHandler
                0x080038e8                DMA2_Channel3_IRQHandler
 *fill*         0x080038ea        0x2 
 .text.HAL_InitTick
                0x080038ec       0x4c CMakeFiles/DSB2.elf.dir/Drivers/STM32F1xx_HAL_Driver/Src/stm32f1xx_hal.c.obj
                0x080038ec                HAL_InitTick
 .text.HAL_Init
                0x08003938       0x24 CMakeFiles/DSB2.elf.dir/Drivers/STM32F1xx_HAL_Driver/Src/stm32f1xx_hal.c.obj
                0x08003938                HAL_Init
 .text.HAL_IncTick
                0x0800395c       0x18 CMakeFiles/DSB2.elf.dir/Drivers/STM32F1xx_HAL_Driver/Src/stm32f1xx_hal.c.obj
                0x0800395c                HAL_IncTick
 .text.HAL_GetTick
                0x08003974        0xc CMakeFiles/DSB2.elf.dir/Drivers/STM32F1xx_HAL_Driver/Src/stm32f1xx_hal.c.obj
                0x08003974                HAL_GetTick
 .text.HAL_Delay
                0x08003980       0x28 CMakeFiles/DSB2.elf.dir/Drivers/STM32F1xx_HAL_Driver/Src/stm32f1xx_hal.c.obj
                0x08003980                HAL_Delay
 .text.__NVIC_SetPriority
                0x080039a8       0x28 CMakeFiles/DSB2.elf.dir/Drivers/STM32F1xx_HAL_Driver/Src/stm32f1xx_hal_cortex.c.obj
 .text.NVIC_EncodePriority
                0x080039d0       0x3e CMakeFiles/DSB2.elf.dir/Drivers/STM32F1xx_HAL_Driver/Src/stm32f1xx_hal_cortex.c.obj
 *fill*         0x08003a0e        0x2 
 .text.HAL_NVIC_SetPriorityGrouping
                0x08003a10       0x24 CMakeFiles/DSB2.elf.dir/Drivers/STM32F1xx_HAL_Driver/Src/stm32f1xx_hal_cortex.c.obj
                0x08003a10                HAL_NVIC_SetPriorityGrouping
 .text.HAL_NVIC_SetPriority
                0x08003a34       0x20 CMakeFiles/DSB2.elf.dir/Drivers/STM32F1xx_HAL_Driver/Src/stm32f1xx_hal_cortex.c.obj
                0x08003a34                HAL_NVIC_SetPriority
 .text.HAL_NVIC_EnableIRQ
                0x08003a54       0x1c CMakeFiles/DSB2.elf.dir/Drivers/STM32F1xx_HAL_Driver/Src/stm32f1xx_hal_cortex.c.obj
                0x08003a54                HAL_NVIC_EnableIRQ
 .text.HAL_SYSTICK_Config
                0x08003a70       0x28 CMakeFiles/DSB2.elf.dir/Drivers/STM32F1xx_HAL_Driver/Src/stm32f1xx_hal_cortex.c.obj
                0x08003a70                HAL_SYSTICK_Config
 .text.HAL_DMA_Abort
                0x08003a98       0x46 CMakeFiles/DSB2.elf.dir/Drivers/STM32F1xx_HAL_Driver/Src/stm32f1xx_hal_dma.c.obj
                0x08003a98                HAL_DMA_Abort
 *fill*         0x08003ade        0x2 
 .text.HAL_DMA_Abort_IT
                0x08003ae0      0x16c CMakeFiles/DSB2.elf.dir/Drivers/STM32F1xx_HAL_Driver/Src/stm32f1xx_hal_dma.c.obj
                0x08003ae0                HAL_DMA_Abort_IT
 .text.HAL_GPIO_Init
                0x08003c4c      0x238 CMakeFiles/DSB2.elf.dir/Drivers/STM32F1xx_HAL_Driver/Src/stm32f1xx_hal_gpio.c.obj
                0x08003c4c                HAL_GPIO_Init
 .text.HAL_GPIO_WritePin
                0x08003e84        0xc CMakeFiles/DSB2.elf.dir/Drivers/STM32F1xx_HAL_Driver/Src/stm32f1xx_hal_gpio.c.obj
                0x08003e84                HAL_GPIO_WritePin
 .text.HAL_GPIO_EXTI_IRQHandler
                0x08003e90       0x1c CMakeFiles/DSB2.elf.dir/Drivers/STM32F1xx_HAL_Driver/Src/stm32f1xx_hal_gpio.c.obj
                0x08003e90                HAL_GPIO_EXTI_IRQHandler
 .text.I2C_IsAcknowledgeFailed
                0x08003eac       0x32 CMakeFiles/DSB2.elf.dir/Drivers/STM32F1xx_HAL_Driver/Src/stm32f1xx_hal_i2c.c.obj
 .text.I2C_WaitOnFlagUntilTimeout
                0x08003ede       0xaa CMakeFiles/DSB2.elf.dir/Drivers/STM32F1xx_HAL_Driver/Src/stm32f1xx_hal_i2c.c.obj
 .text.I2C_WaitOnMasterAddressFlagUntilTimeout
                0x08003f88       0xd6 CMakeFiles/DSB2.elf.dir/Drivers/STM32F1xx_HAL_Driver/Src/stm32f1xx_hal_i2c.c.obj
 *fill*         0x0800405e        0x2 
 .text.I2C_MasterRequestWrite
                0x08004060       0xb4 CMakeFiles/DSB2.elf.dir/Drivers/STM32F1xx_HAL_Driver/Src/stm32f1xx_hal_i2c.c.obj
 .text.I2C_WaitOnTXEFlagUntilTimeout
                0x08004114       0x5e CMakeFiles/DSB2.elf.dir/Drivers/STM32F1xx_HAL_Driver/Src/stm32f1xx_hal_i2c.c.obj
 .text.I2C_WaitOnBTFFlagUntilTimeout
                0x08004172       0x5e CMakeFiles/DSB2.elf.dir/Drivers/STM32F1xx_HAL_Driver/Src/stm32f1xx_hal_i2c.c.obj
 .text.HAL_I2C_Init
                0x080041d0      0x1bc CMakeFiles/DSB2.elf.dir/Drivers/STM32F1xx_HAL_Driver/Src/stm32f1xx_hal_i2c.c.obj
                0x080041d0                HAL_I2C_Init
 .text.HAL_I2C_Master_Transmit
                0x0800438c      0x178 CMakeFiles/DSB2.elf.dir/Drivers/STM32F1xx_HAL_Driver/Src/stm32f1xx_hal_i2c.c.obj
                0x0800438c                HAL_I2C_Master_Transmit
 .text.RCC_Delay
                0x08004504       0x2c CMakeFiles/DSB2.elf.dir/Drivers/STM32F1xx_HAL_Driver/Src/stm32f1xx_hal_rcc.c.obj
 .text.HAL_RCC_OscConfig
                0x08004530      0x410 CMakeFiles/DSB2.elf.dir/Drivers/STM32F1xx_HAL_Driver/Src/stm32f1xx_hal_rcc.c.obj
                0x08004530                HAL_RCC_OscConfig
 .text.HAL_RCC_GetSysClockFreq
                0x08004940       0x54 CMakeFiles/DSB2.elf.dir/Drivers/STM32F1xx_HAL_Driver/Src/stm32f1xx_hal_rcc.c.obj
                0x08004940                HAL_RCC_GetSysClockFreq
 .text.HAL_RCC_ClockConfig
                0x08004994      0x16c CMakeFiles/DSB2.elf.dir/Drivers/STM32F1xx_HAL_Driver/Src/stm32f1xx_hal_rcc.c.obj
                0x08004994                HAL_RCC_ClockConfig
 .text.HAL_RCC_GetHCLKFreq
                0x08004b00        0xc CMakeFiles/DSB2.elf.dir/Drivers/STM32F1xx_HAL_Driver/Src/stm32f1xx_hal_rcc.c.obj
                0x08004b00                HAL_RCC_GetHCLKFreq
 .text.HAL_RCC_GetPCLK1Freq
                0x08004b0c       0x20 CMakeFiles/DSB2.elf.dir/Drivers/STM32F1xx_HAL_Driver/Src/stm32f1xx_hal_rcc.c.obj
                0x08004b0c                HAL_RCC_GetPCLK1Freq
 .text.HAL_RCC_GetPCLK2Freq
                0x08004b2c       0x20 CMakeFiles/DSB2.elf.dir/Drivers/STM32F1xx_HAL_Driver/Src/stm32f1xx_hal_rcc.c.obj
                0x08004b2c                HAL_RCC_GetPCLK2Freq
 .text.TIM_OC1_SetConfig
                0x08004b4c       0x70 CMakeFiles/DSB2.elf.dir/Drivers/STM32F1xx_HAL_Driver/Src/stm32f1xx_hal_tim.c.obj
 .text.TIM_OC3_SetConfig
                0x08004bbc       0x70 CMakeFiles/DSB2.elf.dir/Drivers/STM32F1xx_HAL_Driver/Src/stm32f1xx_hal_tim.c.obj
 .text.TIM_OC4_SetConfig
                0x08004c2c       0x50 CMakeFiles/DSB2.elf.dir/Drivers/STM32F1xx_HAL_Driver/Src/stm32f1xx_hal_tim.c.obj
 .text.TIM_TI1_ConfigInputStage
                0x08004c7c       0x24 CMakeFiles/DSB2.elf.dir/Drivers/STM32F1xx_HAL_Driver/Src/stm32f1xx_hal_tim.c.obj
 .text.TIM_TI2_ConfigInputStage
                0x08004ca0       0x26 CMakeFiles/DSB2.elf.dir/Drivers/STM32F1xx_HAL_Driver/Src/stm32f1xx_hal_tim.c.obj
 .text.TIM_ITRx_SetConfig
                0x08004cc6       0x10 CMakeFiles/DSB2.elf.dir/Drivers/STM32F1xx_HAL_Driver/Src/stm32f1xx_hal_tim.c.obj
 *fill*         0x08004cd6        0x2 
 .text.HAL_TIM_Base_Start_IT
                0x08004cd8       0x78 CMakeFiles/DSB2.elf.dir/Drivers/STM32F1xx_HAL_Driver/Src/stm32f1xx_hal_tim.c.obj
                0x08004cd8                HAL_TIM_Base_Start_IT
 .text.HAL_TIM_PeriodElapsedCallback
                0x08004d50        0x2 CMakeFiles/DSB2.elf.dir/Drivers/STM32F1xx_HAL_Driver/Src/stm32f1xx_hal_tim.c.obj
                0x08004d50                HAL_TIM_PeriodElapsedCallback
 .text.HAL_TIM_OC_DelayElapsedCallback
                0x08004d52        0x2 CMakeFiles/DSB2.elf.dir/Drivers/STM32F1xx_HAL_Driver/Src/stm32f1xx_hal_tim.c.obj
                0x08004d52                HAL_TIM_OC_DelayElapsedCallback
 .text.HAL_TIM_IC_CaptureCallback
                0x08004d54        0x2 CMakeFiles/DSB2.elf.dir/Drivers/STM32F1xx_HAL_Driver/Src/stm32f1xx_hal_tim.c.obj
                0x08004d54                HAL_TIM_IC_CaptureCallback
 .text.HAL_TIM_PWM_PulseFinishedCallback
                0x08004d56        0x2 CMakeFiles/DSB2.elf.dir/Drivers/STM32F1xx_HAL_Driver/Src/stm32f1xx_hal_tim.c.obj
                0x08004d56                HAL_TIM_PWM_PulseFinishedCallback
 .text.HAL_TIM_TriggerCallback
                0x08004d58        0x2 CMakeFiles/DSB2.elf.dir/Drivers/STM32F1xx_HAL_Driver/Src/stm32f1xx_hal_tim.c.obj
                0x08004d58                HAL_TIM_TriggerCallback
 .text.HAL_TIM_IRQHandler
                0x08004d5a      0x15e CMakeFiles/DSB2.elf.dir/Drivers/STM32F1xx_HAL_Driver/Src/stm32f1xx_hal_tim.c.obj
                0x08004d5a                HAL_TIM_IRQHandler
 .text.TIM_Base_SetConfig
                0x08004eb8       0xa8 CMakeFiles/DSB2.elf.dir/Drivers/STM32F1xx_HAL_Driver/Src/stm32f1xx_hal_tim.c.obj
                0x08004eb8                TIM_Base_SetConfig
 .text.HAL_TIM_Base_Init
                0x08004f60       0x58 CMakeFiles/DSB2.elf.dir/Drivers/STM32F1xx_HAL_Driver/Src/stm32f1xx_hal_tim.c.obj
                0x08004f60                HAL_TIM_Base_Init
 .text.HAL_TIM_PWM_Init
                0x08004fb8       0x58 CMakeFiles/DSB2.elf.dir/Drivers/STM32F1xx_HAL_Driver/Src/stm32f1xx_hal_tim.c.obj
                0x08004fb8                HAL_TIM_PWM_Init
 .text.TIM_OC2_SetConfig
                0x08005010       0x70 CMakeFiles/DSB2.elf.dir/Drivers/STM32F1xx_HAL_Driver/Src/stm32f1xx_hal_tim.c.obj
                0x08005010                TIM_OC2_SetConfig
 .text.HAL_TIM_PWM_ConfigChannel
                0x08005080       0xdc CMakeFiles/DSB2.elf.dir/Drivers/STM32F1xx_HAL_Driver/Src/stm32f1xx_hal_tim.c.obj
                0x08005080                HAL_TIM_PWM_ConfigChannel
 .text.TIM_ETR_SetConfig
                0x0800515c       0x18 CMakeFiles/DSB2.elf.dir/Drivers/STM32F1xx_HAL_Driver/Src/stm32f1xx_hal_tim.c.obj
                0x0800515c                TIM_ETR_SetConfig
 .text.HAL_TIM_ConfigClockSource
                0x08005174       0xfe CMakeFiles/DSB2.elf.dir/Drivers/STM32F1xx_HAL_Driver/Src/stm32f1xx_hal_tim.c.obj
                0x08005174                HAL_TIM_ConfigClockSource
 .text.TIM_CCxChannelCmd
                0x08005272       0x1e CMakeFiles/DSB2.elf.dir/Drivers/STM32F1xx_HAL_Driver/Src/stm32f1xx_hal_tim.c.obj
                0x08005272                TIM_CCxChannelCmd
 .text.HAL_TIM_PWM_Start
                0x08005290       0xf4 CMakeFiles/DSB2.elf.dir/Drivers/STM32F1xx_HAL_Driver/Src/stm32f1xx_hal_tim.c.obj
                0x08005290                HAL_TIM_PWM_Start
 .text.HAL_TIM_PWM_Stop
                0x08005384       0x8c CMakeFiles/DSB2.elf.dir/Drivers/STM32F1xx_HAL_Driver/Src/stm32f1xx_hal_tim.c.obj
                0x08005384                HAL_TIM_PWM_Stop
 .text.HAL_TIMEx_MasterConfigSynchronization
                0x08005410       0x7c CMakeFiles/DSB2.elf.dir/Drivers/STM32F1xx_HAL_Driver/Src/stm32f1xx_hal_tim_ex.c.obj
                0x08005410                HAL_TIMEx_MasterConfigSynchronization
 .text.HAL_TIMEx_ConfigBreakDeadTime
                0x0800548c       0x52 CMakeFiles/DSB2.elf.dir/Drivers/STM32F1xx_HAL_Driver/Src/stm32f1xx_hal_tim_ex.c.obj
                0x0800548c                HAL_TIMEx_ConfigBreakDeadTime
 .text.HAL_TIMEx_CommutCallback
                0x080054de        0x2 CMakeFiles/DSB2.elf.dir/Drivers/STM32F1xx_HAL_Driver/Src/stm32f1xx_hal_tim_ex.c.obj
                0x080054de                HAL_TIMEx_CommutCallback
 .text.HAL_TIMEx_BreakCallback
                0x080054e0        0x2 CMakeFiles/DSB2.elf.dir/Drivers/STM32F1xx_HAL_Driver/Src/stm32f1xx_hal_tim_ex.c.obj
                0x080054e0                HAL_TIMEx_BreakCallback
 .text.UART_EndRxTransfer
                0x080054e2       0x5c CMakeFiles/DSB2.elf.dir/Drivers/STM32F1xx_HAL_Driver/Src/stm32f1xx_hal_uart.c.obj
 .text.UART_Transmit_IT
                0x0800553e       0x60 CMakeFiles/DSB2.elf.dir/Drivers/STM32F1xx_HAL_Driver/Src/stm32f1xx_hal_uart.c.obj
 *fill*         0x0800559e        0x2 
 .text.UART_SetConfig
                0x080055a0       0x94 CMakeFiles/DSB2.elf.dir/Drivers/STM32F1xx_HAL_Driver/Src/stm32f1xx_hal_uart.c.obj
 .text.UART_WaitOnFlagUntilTimeout
                0x08005634       0x86 CMakeFiles/DSB2.elf.dir/Drivers/STM32F1xx_HAL_Driver/Src/stm32f1xx_hal_uart.c.obj
 .text.HAL_UART_Init
                0x080056ba       0x60 CMakeFiles/DSB2.elf.dir/Drivers/STM32F1xx_HAL_Driver/Src/stm32f1xx_hal_uart.c.obj
                0x080056ba                HAL_UART_Init
 .text.HAL_UART_Transmit
                0x0800571a       0xcc CMakeFiles/DSB2.elf.dir/Drivers/STM32F1xx_HAL_Driver/Src/stm32f1xx_hal_uart.c.obj
                0x0800571a                HAL_UART_Transmit
 .text.HAL_UART_Transmit_IT
                0x080057e6       0x38 CMakeFiles/DSB2.elf.dir/Drivers/STM32F1xx_HAL_Driver/Src/stm32f1xx_hal_uart.c.obj
                0x080057e6                HAL_UART_Transmit_IT
 .text.UART_EndTransmit_IT
                0x0800581e       0x1a CMakeFiles/DSB2.elf.dir/Drivers/STM32F1xx_HAL_Driver/Src/stm32f1xx_hal_uart.c.obj
 .text.HAL_UART_ErrorCallback
                0x08005838        0x2 CMakeFiles/DSB2.elf.dir/Drivers/STM32F1xx_HAL_Driver/Src/stm32f1xx_hal_uart.c.obj
                0x08005838                HAL_UART_ErrorCallback
 .text.UART_DMAAbortOnError
                0x0800583a       0x10 CMakeFiles/DSB2.elf.dir/Drivers/STM32F1xx_HAL_Driver/Src/stm32f1xx_hal_uart.c.obj
 .text.HAL_UARTEx_RxEventCallback
                0x0800584a        0x2 CMakeFiles/DSB2.elf.dir/Drivers/STM32F1xx_HAL_Driver/Src/stm32f1xx_hal_uart.c.obj
                0x0800584a                HAL_UARTEx_RxEventCallback
 .text.UART_Receive_IT
                0x0800584c       0xe6 CMakeFiles/DSB2.elf.dir/Drivers/STM32F1xx_HAL_Driver/Src/stm32f1xx_hal_uart.c.obj
 *fill*         0x08005932        0x2 
 .text.HAL_UART_IRQHandler
                0x08005934      0x284 CMakeFiles/DSB2.elf.dir/Drivers/STM32F1xx_HAL_Driver/Src/stm32f1xx_hal_uart.c.obj
                0x08005934                HAL_UART_IRQHandler
 .text.UART_Start_Receive_IT
                0x08005bb8       0x36 CMakeFiles/DSB2.elf.dir/Drivers/STM32F1xx_HAL_Driver/Src/stm32f1xx_hal_uart.c.obj
                0x08005bb8                UART_Start_Receive_IT
 .text.HAL_UART_Receive_IT
                0x08005bee       0x26 CMakeFiles/DSB2.elf.dir/Drivers/STM32F1xx_HAL_Driver/Src/stm32f1xx_hal_uart.c.obj
                0x08005bee                HAL_UART_Receive_IT
 .text.atoi     0x08005c14        0x8 D:/Application/stm32cubeclt/STM32CubeCLT_1.18.0/GNU-tools-for-STM32/bin/../lib/gcc/arm-none-eabi/13.3.1/../../../../arm-none-eabi/lib/thumb/v7-m/nofp\libg.a(libc_a-atoi.o)
                0x08005c14                atoi
 .text._strtol_l.isra.0
                0x08005c1c       0xf4 D:/Application/stm32cubeclt/STM32CubeCLT_1.18.0/GNU-tools-for-STM32/bin/../lib/gcc/arm-none-eabi/13.3.1/../../../../arm-none-eabi/lib/thumb/v7-m/nofp\libg.a(libc_a-strtol.o)
 .text.strtol   0x08005d10       0x14 D:/Application/stm32cubeclt/STM32CubeCLT_1.18.0/GNU-tools-for-STM32/bin/../lib/gcc/arm-none-eabi/13.3.1/../../../../arm-none-eabi/lib/thumb/v7-m/nofp\libg.a(libc_a-strtol.o)
                0x08005d10                strtol
 .text.std      0x08005d24       0x6c D:/Application/stm32cubeclt/STM32CubeCLT_1.18.0/GNU-tools-for-STM32/bin/../lib/gcc/arm-none-eabi/13.3.1/../../../../arm-none-eabi/lib/thumb/v7-m/nofp\libg.a(libc_a-findfp.o)
 .text.stdio_exit_handler
                0x08005d90       0x18 D:/Application/stm32cubeclt/STM32CubeCLT_1.18.0/GNU-tools-for-STM32/bin/../lib/gcc/arm-none-eabi/13.3.1/../../../../arm-none-eabi/lib/thumb/v7-m/nofp\libg.a(libc_a-findfp.o)
 .text.cleanup_stdio
                0x08005da8       0x40 D:/Application/stm32cubeclt/STM32CubeCLT_1.18.0/GNU-tools-for-STM32/bin/../lib/gcc/arm-none-eabi/13.3.1/../../../../arm-none-eabi/lib/thumb/v7-m/nofp\libg.a(libc_a-findfp.o)
 .text.global_stdio_init.part.0
                0x08005de8       0x3c D:/Application/stm32cubeclt/STM32CubeCLT_1.18.0/GNU-tools-for-STM32/bin/../lib/gcc/arm-none-eabi/13.3.1/../../../../arm-none-eabi/lib/thumb/v7-m/nofp\libg.a(libc_a-findfp.o)
 .text.__sfp_lock_acquire
                0x08005e24        0xc D:/Application/stm32cubeclt/STM32CubeCLT_1.18.0/GNU-tools-for-STM32/bin/../lib/gcc/arm-none-eabi/13.3.1/../../../../arm-none-eabi/lib/thumb/v7-m/nofp\libg.a(libc_a-findfp.o)
                0x08005e24                __sfp_lock_acquire
 .text.__sfp_lock_release
                0x08005e30        0xc D:/Application/stm32cubeclt/STM32CubeCLT_1.18.0/GNU-tools-for-STM32/bin/../lib/gcc/arm-none-eabi/13.3.1/../../../../arm-none-eabi/lib/thumb/v7-m/nofp\libg.a(libc_a-findfp.o)
                0x08005e30                __sfp_lock_release
 .text.__sinit  0x08005e3c       0x30 D:/Application/stm32cubeclt/STM32CubeCLT_1.18.0/GNU-tools-for-STM32/bin/../lib/gcc/arm-none-eabi/13.3.1/../../../../arm-none-eabi/lib/thumb/v7-m/nofp\libg.a(libc_a-findfp.o)
                0x08005e3c                __sinit
 .text._fwalk_sglue
                0x08005e6c       0x3c D:/Application/stm32cubeclt/STM32CubeCLT_1.18.0/GNU-tools-for-STM32/bin/../lib/gcc/arm-none-eabi/13.3.1/../../../../arm-none-eabi/lib/thumb/v7-m/nofp\libg.a(libc_a-fwalk.o)
                0x08005e6c                _fwalk_sglue
 .text.snprintf
                0x08005ea8       0x6c D:/Application/stm32cubeclt/STM32CubeCLT_1.18.0/GNU-tools-for-STM32/bin/../lib/gcc/arm-none-eabi/13.3.1/../../../../arm-none-eabi/lib/thumb/v7-m/nofp\libg.a(libc_a-snprintf.o)
                0x08005ea8                snprintf
 .text.__sread  0x08005f14       0x22 D:/Application/stm32cubeclt/STM32CubeCLT_1.18.0/GNU-tools-for-STM32/bin/../lib/gcc/arm-none-eabi/13.3.1/../../../../arm-none-eabi/lib/thumb/v7-m/nofp\libg.a(libc_a-stdio.o)
                0x08005f14                __sread
 .text.__swrite
                0x08005f36       0x38 D:/Application/stm32cubeclt/STM32CubeCLT_1.18.0/GNU-tools-for-STM32/bin/../lib/gcc/arm-none-eabi/13.3.1/../../../../arm-none-eabi/lib/thumb/v7-m/nofp\libg.a(libc_a-stdio.o)
                0x08005f36                __swrite
 .text.__sseek  0x08005f6e       0x24 D:/Application/stm32cubeclt/STM32CubeCLT_1.18.0/GNU-tools-for-STM32/bin/../lib/gcc/arm-none-eabi/13.3.1/../../../../arm-none-eabi/lib/thumb/v7-m/nofp\libg.a(libc_a-stdio.o)
                0x08005f6e                __sseek
 .text.__sclose
                0x08005f92        0x8 D:/Application/stm32cubeclt/STM32CubeCLT_1.18.0/GNU-tools-for-STM32/bin/../lib/gcc/arm-none-eabi/13.3.1/../../../../arm-none-eabi/lib/thumb/v7-m/nofp\libg.a(libc_a-stdio.o)
                0x08005f92                __sclose
 .text.memcmp   0x08005f9a       0x20 D:/Application/stm32cubeclt/STM32CubeCLT_1.18.0/GNU-tools-for-STM32/bin/../lib/gcc/arm-none-eabi/13.3.1/../../../../arm-none-eabi/lib/thumb/v7-m/nofp\libg.a(libc_a-memcmp.o)
                0x08005f9a                memcmp
 .text.memset   0x08005fba       0x10 D:/Application/stm32cubeclt/STM32CubeCLT_1.18.0/GNU-tools-for-STM32/bin/../lib/gcc/arm-none-eabi/13.3.1/../../../../arm-none-eabi/lib/thumb/v7-m/nofp\libg.a(libc_a-memset.o)
                0x08005fba                memset
 .text.strchr   0x08005fca       0x1a D:/Application/stm32cubeclt/STM32CubeCLT_1.18.0/GNU-tools-for-STM32/bin/../lib/gcc/arm-none-eabi/13.3.1/../../../../arm-none-eabi/lib/thumb/v7-m/nofp\libg.a(libc_a-strchr.o)
                0x08005fca                strchr
 .text._close_r
                0x08005fe4       0x20 D:/Application/stm32cubeclt/STM32CubeCLT_1.18.0/GNU-tools-for-STM32/bin/../lib/gcc/arm-none-eabi/13.3.1/../../../../arm-none-eabi/lib/thumb/v7-m/nofp\libg.a(libc_a-closer.o)
                0x08005fe4                _close_r
 .text._lseek_r
                0x08006004       0x24 D:/Application/stm32cubeclt/STM32CubeCLT_1.18.0/GNU-tools-for-STM32/bin/../lib/gcc/arm-none-eabi/13.3.1/../../../../arm-none-eabi/lib/thumb/v7-m/nofp\libg.a(libc_a-lseekr.o)
                0x08006004                _lseek_r
 .text._read_r  0x08006028       0x24 D:/Application/stm32cubeclt/STM32CubeCLT_1.18.0/GNU-tools-for-STM32/bin/../lib/gcc/arm-none-eabi/13.3.1/../../../../arm-none-eabi/lib/thumb/v7-m/nofp\libg.a(libc_a-readr.o)
                0x08006028                _read_r
 .text._write_r
                0x0800604c       0x24 D:/Application/stm32cubeclt/STM32CubeCLT_1.18.0/GNU-tools-for-STM32/bin/../lib/gcc/arm-none-eabi/13.3.1/../../../../arm-none-eabi/lib/thumb/v7-m/nofp\libg.a(libc_a-writer.o)
                0x0800604c                _write_r
 .text.__errno  0x08006070        0xc D:/Application/stm32cubeclt/STM32CubeCLT_1.18.0/GNU-tools-for-STM32/bin/../lib/gcc/arm-none-eabi/13.3.1/../../../../arm-none-eabi/lib/thumb/v7-m/nofp\libg.a(libc_a-errno.o)
                0x08006070                __errno
 .text.__libc_init_array
                0x0800607c       0x48 D:/Application/stm32cubeclt/STM32CubeCLT_1.18.0/GNU-tools-for-STM32/bin/../lib/gcc/arm-none-eabi/13.3.1/../../../../arm-none-eabi/lib/thumb/v7-m/nofp\libg.a(libc_a-init.o)
                0x0800607c                __libc_init_array
 .text.__retarget_lock_init_recursive
                0x080060c4        0x2 D:/Application/stm32cubeclt/STM32CubeCLT_1.18.0/GNU-tools-for-STM32/bin/../lib/gcc/arm-none-eabi/13.3.1/../../../../arm-none-eabi/lib/thumb/v7-m/nofp\libg.a(libc_a-lock.o)
                0x080060c4                __retarget_lock_init_recursive
 .text.__retarget_lock_close_recursive
                0x080060c6        0x2 D:/Application/stm32cubeclt/STM32CubeCLT_1.18.0/GNU-tools-for-STM32/bin/../lib/gcc/arm-none-eabi/13.3.1/../../../../arm-none-eabi/lib/thumb/v7-m/nofp\libg.a(libc_a-lock.o)
                0x080060c6                __retarget_lock_close_recursive
 .text.__retarget_lock_acquire_recursive
                0x080060c8        0x2 D:/Application/stm32cubeclt/STM32CubeCLT_1.18.0/GNU-tools-for-STM32/bin/../lib/gcc/arm-none-eabi/13.3.1/../../../../arm-none-eabi/lib/thumb/v7-m/nofp\libg.a(libc_a-lock.o)
                0x080060c8                __retarget_lock_acquire_recursive
 .text.__retarget_lock_release_recursive
                0x080060ca        0x2 D:/Application/stm32cubeclt/STM32CubeCLT_1.18.0/GNU-tools-for-STM32/bin/../lib/gcc/arm-none-eabi/13.3.1/../../../../arm-none-eabi/lib/thumb/v7-m/nofp\libg.a(libc_a-lock.o)
                0x080060ca                __retarget_lock_release_recursive
 .text.memcpy   0x080060cc       0x1c D:/Application/stm32cubeclt/STM32CubeCLT_1.18.0/GNU-tools-for-STM32/bin/../lib/gcc/arm-none-eabi/13.3.1/../../../../arm-none-eabi/lib/thumb/v7-m/nofp\libg.a(libc_a-memcpy-stub.o)
                0x080060cc                memcpy
 .text.startup.register_fini
                0x080060e8       0x14 D:/Application/stm32cubeclt/STM32CubeCLT_1.18.0/GNU-tools-for-STM32/bin/../lib/gcc/arm-none-eabi/13.3.1/../../../../arm-none-eabi/lib/thumb/v7-m/nofp\libg.a(libc_a-__call_atexit.o)
 .text.atexit   0x080060fc        0xc D:/Application/stm32cubeclt/STM32CubeCLT_1.18.0/GNU-tools-for-STM32/bin/../lib/gcc/arm-none-eabi/13.3.1/../../../../arm-none-eabi/lib/thumb/v7-m/nofp\libg.a(libc_a-atexit.o)
                0x080060fc                atexit
 .text._malloc_trim_r
                0x08006108       0xac D:/Application/stm32cubeclt/STM32CubeCLT_1.18.0/GNU-tools-for-STM32/bin/../lib/gcc/arm-none-eabi/13.3.1/../../../../arm-none-eabi/lib/thumb/v7-m/nofp\libg.a(libc_a-freer.o)
                0x08006108                _malloc_trim_r
 .text._free_r  0x080061b4      0x180 D:/Application/stm32cubeclt/STM32CubeCLT_1.18.0/GNU-tools-for-STM32/bin/../lib/gcc/arm-none-eabi/13.3.1/../../../../arm-none-eabi/lib/thumb/v7-m/nofp\libg.a(libc_a-freer.o)
                0x080061b4                _free_r
 .text._malloc_r
                0x08006334      0x474 D:/Application/stm32cubeclt/STM32CubeCLT_1.18.0/GNU-tools-for-STM32/bin/../lib/gcc/arm-none-eabi/13.3.1/../../../../arm-none-eabi/lib/thumb/v7-m/nofp\libg.a(libc_a-mallocr.o)
                0x08006334                _malloc_r
 .text.__malloc_lock
                0x080067a8        0xc D:/Application/stm32cubeclt/STM32CubeCLT_1.18.0/GNU-tools-for-STM32/bin/../lib/gcc/arm-none-eabi/13.3.1/../../../../arm-none-eabi/lib/thumb/v7-m/nofp\libg.a(libc_a-mlock.o)
                0x080067a8                __malloc_lock
 .text.__malloc_unlock
                0x080067b4        0xc D:/Application/stm32cubeclt/STM32CubeCLT_1.18.0/GNU-tools-for-STM32/bin/../lib/gcc/arm-none-eabi/13.3.1/../../../../arm-none-eabi/lib/thumb/v7-m/nofp\libg.a(libc_a-mlock.o)
                0x080067b4                __malloc_unlock
 .text._svfprintf_r
                0x080067c0     0x13bc D:/Application/stm32cubeclt/STM32CubeCLT_1.18.0/GNU-tools-for-STM32/bin/../lib/gcc/arm-none-eabi/13.3.1/../../../../arm-none-eabi/lib/thumb/v7-m/nofp\libg.a(libc_a-svfprintf.o)
                0x080067c0                _svfprintf_r
 .text.__ssprint_r
                0x08007b7c       0x4e D:/Application/stm32cubeclt/STM32CubeCLT_1.18.0/GNU-tools-for-STM32/bin/../lib/gcc/arm-none-eabi/13.3.1/../../../../arm-none-eabi/lib/thumb/v7-m/nofp\libg.a(libc_a-ssprint_r.o)
                0x08007b7c                __ssprint_r
 .text._fclose_r
                0x08007bca       0xac D:/Application/stm32cubeclt/STM32CubeCLT_1.18.0/GNU-tools-for-STM32/bin/../lib/gcc/arm-none-eabi/13.3.1/../../../../arm-none-eabi/lib/thumb/v7-m/nofp\libg.a(libc_a-fclose.o)
                0x08007bca                _fclose_r
 *fill*         0x08007c76        0x2 
 .text.__sflush_r
                0x08007c78      0x108 D:/Application/stm32cubeclt/STM32CubeCLT_1.18.0/GNU-tools-for-STM32/bin/../lib/gcc/arm-none-eabi/13.3.1/../../../../arm-none-eabi/lib/thumb/v7-m/nofp\libg.a(libc_a-fflush.o)
                0x08007c78                __sflush_r
 .text._fflush_r
                0x08007d80       0x4a D:/Application/stm32cubeclt/STM32CubeCLT_1.18.0/GNU-tools-for-STM32/bin/../lib/gcc/arm-none-eabi/13.3.1/../../../../arm-none-eabi/lib/thumb/v7-m/nofp\libg.a(libc_a-fflush.o)
                0x08007d80                _fflush_r
 .text.strncpy  0x08007dca       0x26 D:/Application/stm32cubeclt/STM32CubeCLT_1.18.0/GNU-tools-for-STM32/bin/../lib/gcc/arm-none-eabi/13.3.1/../../../../arm-none-eabi/lib/thumb/v7-m/nofp\libg.a(libc_a-strncpy.o)
                0x08007dca                strncpy
 .text._localeconv_r
                0x08007df0        0x8 D:/Application/stm32cubeclt/STM32CubeCLT_1.18.0/GNU-tools-for-STM32/bin/../lib/gcc/arm-none-eabi/13.3.1/../../../../arm-none-eabi/lib/thumb/v7-m/nofp\libg.a(libc_a-localeconv.o)
                0x08007df0                _localeconv_r
 .text._sbrk_r  0x08007df8       0x20 D:/Application/stm32cubeclt/STM32CubeCLT_1.18.0/GNU-tools-for-STM32/bin/../lib/gcc/arm-none-eabi/13.3.1/../../../../arm-none-eabi/lib/thumb/v7-m/nofp\libg.a(libc_a-sbrkr.o)
                0x08007df8                _sbrk_r
 .text.__libc_fini_array
                0x08007e18       0x28 D:/Application/stm32cubeclt/STM32CubeCLT_1.18.0/GNU-tools-for-STM32/bin/../lib/gcc/arm-none-eabi/13.3.1/../../../../arm-none-eabi/lib/thumb/v7-m/nofp\libg.a(libc_a-fini.o)
                0x08007e18                __libc_fini_array
 .text.sysconf  0x08007e40       0x18 D:/Application/stm32cubeclt/STM32CubeCLT_1.18.0/GNU-tools-for-STM32/bin/../lib/gcc/arm-none-eabi/13.3.1/../../../../arm-none-eabi/lib/thumb/v7-m/nofp\libg.a(libc_a-sysconf.o)
                0x08007e40                sysconf
 .text.memchr   0x08007e58       0x1c D:/Application/stm32cubeclt/STM32CubeCLT_1.18.0/GNU-tools-for-STM32/bin/../lib/gcc/arm-none-eabi/13.3.1/../../../../arm-none-eabi/lib/thumb/v7-m/nofp\libg.a(libc_a-memchr-stub.o)
                0x08007e58                memchr
 .text.frexp    0x08007e74       0x64 D:/Application/stm32cubeclt/STM32CubeCLT_1.18.0/GNU-tools-for-STM32/bin/../lib/gcc/arm-none-eabi/13.3.1/../../../../arm-none-eabi/lib/thumb/v7-m/nofp\libg.a(libm_a-s_frexp.o)
                0x08007e74                frexp
 .text.__register_exitproc
                0x08007ed8       0x80 D:/Application/stm32cubeclt/STM32CubeCLT_1.18.0/GNU-tools-for-STM32/bin/../lib/gcc/arm-none-eabi/13.3.1/../../../../arm-none-eabi/lib/thumb/v7-m/nofp\libg.a(libc_a-__atexit.o)
                0x08007ed8                __register_exitproc
 .text.quorem   0x08007f58      0x110 D:/Application/stm32cubeclt/STM32CubeCLT_1.18.0/GNU-tools-for-STM32/bin/../lib/gcc/arm-none-eabi/13.3.1/../../../../arm-none-eabi/lib/thumb/v7-m/nofp\libg.a(libc_a-dtoa.o)
 .text._dtoa_r  0x08008068      0xb74 D:/Application/stm32cubeclt/STM32CubeCLT_1.18.0/GNU-tools-for-STM32/bin/../lib/gcc/arm-none-eabi/13.3.1/../../../../arm-none-eabi/lib/thumb/v7-m/nofp\libg.a(libc_a-dtoa.o)
                0x08008068                _dtoa_r
 .text._Balloc  0x08008bdc       0x4a D:/Application/stm32cubeclt/STM32CubeCLT_1.18.0/GNU-tools-for-STM32/bin/../lib/gcc/arm-none-eabi/13.3.1/../../../../arm-none-eabi/lib/thumb/v7-m/nofp\libg.a(libc_a-mprec.o)
                0x08008bdc                _Balloc
 .text._Bfree   0x08008c26       0x12 D:/Application/stm32cubeclt/STM32CubeCLT_1.18.0/GNU-tools-for-STM32/bin/../lib/gcc/arm-none-eabi/13.3.1/../../../../arm-none-eabi/lib/thumb/v7-m/nofp\libg.a(libc_a-mprec.o)
                0x08008c26                _Bfree
 .text.__multadd
                0x08008c38       0x8c D:/Application/stm32cubeclt/STM32CubeCLT_1.18.0/GNU-tools-for-STM32/bin/../lib/gcc/arm-none-eabi/13.3.1/../../../../arm-none-eabi/lib/thumb/v7-m/nofp\libg.a(libc_a-mprec.o)
                0x08008c38                __multadd
 .text.__hi0bits
                0x08008cc4       0x3e D:/Application/stm32cubeclt/STM32CubeCLT_1.18.0/GNU-tools-for-STM32/bin/../lib/gcc/arm-none-eabi/13.3.1/../../../../arm-none-eabi/lib/thumb/v7-m/nofp\libg.a(libc_a-mprec.o)
                0x08008cc4                __hi0bits
 .text.__lo0bits
                0x08008d02       0x5a D:/Application/stm32cubeclt/STM32CubeCLT_1.18.0/GNU-tools-for-STM32/bin/../lib/gcc/arm-none-eabi/13.3.1/../../../../arm-none-eabi/lib/thumb/v7-m/nofp\libg.a(libc_a-mprec.o)
                0x08008d02                __lo0bits
 .text.__i2b    0x08008d5c       0x2c D:/Application/stm32cubeclt/STM32CubeCLT_1.18.0/GNU-tools-for-STM32/bin/../lib/gcc/arm-none-eabi/13.3.1/../../../../arm-none-eabi/lib/thumb/v7-m/nofp\libg.a(libc_a-mprec.o)
                0x08008d5c                __i2b
 .text.__multiply
                0x08008d88      0x144 D:/Application/stm32cubeclt/STM32CubeCLT_1.18.0/GNU-tools-for-STM32/bin/../lib/gcc/arm-none-eabi/13.3.1/../../../../arm-none-eabi/lib/thumb/v7-m/nofp\libg.a(libc_a-mprec.o)
                0x08008d88                __multiply
 .text.__pow5mult
                0x08008ecc       0x80 D:/Application/stm32cubeclt/STM32CubeCLT_1.18.0/GNU-tools-for-STM32/bin/../lib/gcc/arm-none-eabi/13.3.1/../../../../arm-none-eabi/lib/thumb/v7-m/nofp\libg.a(libc_a-mprec.o)
                0x08008ecc                __pow5mult
 .text.__lshift
                0x08008f4c       0xd8 D:/Application/stm32cubeclt/STM32CubeCLT_1.18.0/GNU-tools-for-STM32/bin/../lib/gcc/arm-none-eabi/13.3.1/../../../../arm-none-eabi/lib/thumb/v7-m/nofp\libg.a(libc_a-mprec.o)
                0x08008f4c                __lshift
 .text.__mcmp   0x08009024       0x36 D:/Application/stm32cubeclt/STM32CubeCLT_1.18.0/GNU-tools-for-STM32/bin/../lib/gcc/arm-none-eabi/13.3.1/../../../../arm-none-eabi/lib/thumb/v7-m/nofp\libg.a(libc_a-mprec.o)
                0x08009024                __mcmp
 *fill*         0x0800905a        0x2 
 .text.__mdiff  0x0800905c      0x128 D:/Application/stm32cubeclt/STM32CubeCLT_1.18.0/GNU-tools-for-STM32/bin/../lib/gcc/arm-none-eabi/13.3.1/../../../../arm-none-eabi/lib/thumb/v7-m/nofp\libg.a(libc_a-mprec.o)
                0x0800905c                __mdiff
 .text.__d2b    0x08009184       0xb0 D:/Application/stm32cubeclt/STM32CubeCLT_1.18.0/GNU-tools-for-STM32/bin/../lib/gcc/arm-none-eabi/13.3.1/../../../../arm-none-eabi/lib/thumb/v7-m/nofp\libg.a(libc_a-mprec.o)
                0x08009184                __d2b
 .text.__ssputs_r
                0x08009234       0xb6 D:/Application/stm32cubeclt/STM32CubeCLT_1.18.0/GNU-tools-for-STM32/bin/../lib/gcc/arm-none-eabi/13.3.1/../../../../arm-none-eabi/lib/thumb/v7-m/nofp\libg.a(libc_a-ssputs_r.o)
                0x08009234                __ssputs_r
 .text.memmove  0x080092ea       0x34 D:/Application/stm32cubeclt/STM32CubeCLT_1.18.0/GNU-tools-for-STM32/bin/../lib/gcc/arm-none-eabi/13.3.1/../../../../arm-none-eabi/lib/thumb/v7-m/nofp\libg.a(libc_a-memmove.o)
                0x080092ea                memmove
 *fill*         0x0800931e        0x2 
 .text.__assert_func
                0x08009320       0x3c D:/Application/stm32cubeclt/STM32CubeCLT_1.18.0/GNU-tools-for-STM32/bin/../lib/gcc/arm-none-eabi/13.3.1/../../../../arm-none-eabi/lib/thumb/v7-m/nofp\libg.a(libc_a-assert.o)
                0x08009320                __assert_func
 .text._calloc_r
                0x0800935c       0x6a D:/Application/stm32cubeclt/STM32CubeCLT_1.18.0/GNU-tools-for-STM32/bin/../lib/gcc/arm-none-eabi/13.3.1/../../../../arm-none-eabi/lib/thumb/v7-m/nofp\libg.a(libc_a-callocr.o)
                0x0800935c                _calloc_r
 .text.__ascii_mbtowc
                0x080093c6       0x24 D:/Application/stm32cubeclt/STM32CubeCLT_1.18.0/GNU-tools-for-STM32/bin/../lib/gcc/arm-none-eabi/13.3.1/../../../../arm-none-eabi/lib/thumb/v7-m/nofp\libg.a(libc_a-mbtowc_r.o)
                0x080093c6                __ascii_mbtowc
 *fill*         0x080093ea        0x2 
 .text._realloc_r
                0x080093ec      0x358 D:/Application/stm32cubeclt/STM32CubeCLT_1.18.0/GNU-tools-for-STM32/bin/../lib/gcc/arm-none-eabi/13.3.1/../../../../arm-none-eabi/lib/thumb/v7-m/nofp\libg.a(libc_a-reallocr.o)
                0x080093ec                _realloc_r
 .text.__ascii_wctomb
                0x08009744       0x1a D:/Application/stm32cubeclt/STM32CubeCLT_1.18.0/GNU-tools-for-STM32/bin/../lib/gcc/arm-none-eabi/13.3.1/../../../../arm-none-eabi/lib/thumb/v7-m/nofp\libg.a(libc_a-wctomb_r.o)
                0x08009744                __ascii_wctomb
 *fill*         0x0800975e        0x2 
 .text.fiprintf
                0x08009760       0x24 D:/Application/stm32cubeclt/STM32CubeCLT_1.18.0/GNU-tools-for-STM32/bin/../lib/gcc/arm-none-eabi/13.3.1/../../../../arm-none-eabi/lib/thumb/v7-m/nofp\libg.a(libc_a-fiprintf.o)
                0x08009760                fiprintf
 .text._vfiprintf_r
                0x08009784      0x918 D:/Application/stm32cubeclt/STM32CubeCLT_1.18.0/GNU-tools-for-STM32/bin/../lib/gcc/arm-none-eabi/13.3.1/../../../../arm-none-eabi/lib/thumb/v7-m/nofp\libg.a(libc_a-vfiprintf.o)
                0x08009784                _vfiprintf_r
 .text.__sbprintf
                0x0800a09c       0x80 D:/Application/stm32cubeclt/STM32CubeCLT_1.18.0/GNU-tools-for-STM32/bin/../lib/gcc/arm-none-eabi/13.3.1/../../../../arm-none-eabi/lib/thumb/v7-m/nofp\libg.a(libc_a-vfiprintf.o)
 .text.__sprint_r
                0x0800a11c       0x1a D:/Application/stm32cubeclt/STM32CubeCLT_1.18.0/GNU-tools-for-STM32/bin/../lib/gcc/arm-none-eabi/13.3.1/../../../../arm-none-eabi/lib/thumb/v7-m/nofp\libg.a(libc_a-sprint_r.o)
                0x0800a11c                __sprint_r
 *fill*         0x0800a136        0x2 
 .text.__sfvwrite_r
                0x0800a138      0x298 D:/Application/stm32cubeclt/STM32CubeCLT_1.18.0/GNU-tools-for-STM32/bin/../lib/gcc/arm-none-eabi/13.3.1/../../../../arm-none-eabi/lib/thumb/v7-m/nofp\libg.a(libc_a-fvwrite.o)
                0x0800a138                __sfvwrite_r
 .text.__swsetup_r
                0x0800a3d0       0xac D:/Application/stm32cubeclt/STM32CubeCLT_1.18.0/GNU-tools-for-STM32/bin/../lib/gcc/arm-none-eabi/13.3.1/../../../../arm-none-eabi/lib/thumb/v7-m/nofp\libg.a(libc_a-wsetup.o)
                0x0800a3d0                __swsetup_r
 .text.abort    0x0800a47c        0xe D:/Application/stm32cubeclt/STM32CubeCLT_1.18.0/GNU-tools-for-STM32/bin/../lib/gcc/arm-none-eabi/13.3.1/../../../../arm-none-eabi/lib/thumb/v7-m/nofp\libg.a(libc_a-abort.o)
                0x0800a47c                abort
 .text.__swhatbuf_r
                0x0800a48a       0x50 D:/Application/stm32cubeclt/STM32CubeCLT_1.18.0/GNU-tools-for-STM32/bin/../lib/gcc/arm-none-eabi/13.3.1/../../../../arm-none-eabi/lib/thumb/v7-m/nofp\libg.a(libc_a-makebuf.o)
                0x0800a48a                __swhatbuf_r
 .text.__smakebuf_r
                0x0800a4da       0x78 D:/Application/stm32cubeclt/STM32CubeCLT_1.18.0/GNU-tools-for-STM32/bin/../lib/gcc/arm-none-eabi/13.3.1/../../../../arm-none-eabi/lib/thumb/v7-m/nofp\libg.a(libc_a-makebuf.o)
                0x0800a4da                __smakebuf_r
 .text._raise_r
                0x0800a552       0x52 D:/Application/stm32cubeclt/STM32CubeCLT_1.18.0/GNU-tools-for-STM32/bin/../lib/gcc/arm-none-eabi/13.3.1/../../../../arm-none-eabi/lib/thumb/v7-m/nofp\libg.a(libc_a-signal.o)
                0x0800a552                _raise_r
 .text.raise    0x0800a5a4       0x10 D:/Application/stm32cubeclt/STM32CubeCLT_1.18.0/GNU-tools-for-STM32/bin/../lib/gcc/arm-none-eabi/13.3.1/../../../../arm-none-eabi/lib/thumb/v7-m/nofp\libg.a(libc_a-signal.o)
                0x0800a5a4                raise
 .text._fstat_r
                0x0800a5b4       0x24 D:/Application/stm32cubeclt/STM32CubeCLT_1.18.0/GNU-tools-for-STM32/bin/../lib/gcc/arm-none-eabi/13.3.1/../../../../arm-none-eabi/lib/thumb/v7-m/nofp\libg.a(libc_a-fstatr.o)
                0x0800a5b4                _fstat_r
 .text._isatty_r
                0x0800a5d8       0x20 D:/Application/stm32cubeclt/STM32CubeCLT_1.18.0/GNU-tools-for-STM32/bin/../lib/gcc/arm-none-eabi/13.3.1/../../../../arm-none-eabi/lib/thumb/v7-m/nofp\libg.a(libc_a-isattyr.o)
                0x0800a5d8                _isatty_r
 .text._kill_r  0x0800a5f8       0x24 D:/Application/stm32cubeclt/STM32CubeCLT_1.18.0/GNU-tools-for-STM32/bin/../lib/gcc/arm-none-eabi/13.3.1/../../../../arm-none-eabi/lib/thumb/v7-m/nofp\libg.a(libc_a-signalr.o)
                0x0800a5f8                _kill_r
 .text._getpid_r
                0x0800a61c        0x4 D:/Application/stm32cubeclt/STM32CubeCLT_1.18.0/GNU-tools-for-STM32/bin/../lib/gcc/arm-none-eabi/13.3.1/../../../../arm-none-eabi/lib/thumb/v7-m/nofp\libg.a(libc_a-signalr.o)
                0x0800a61c                _getpid_r
 .text.cosf     0x0800a620       0x70 D:/Application/stm32cubeclt/STM32CubeCLT_1.18.0/GNU-tools-for-STM32/bin/../lib/gcc/arm-none-eabi/13.3.1/../../../../arm-none-eabi/lib/thumb/v7-m/nofp\libm.a(libm_a-sf_cos.o)
                0x0800a620                cosf
 .text.sinf     0x0800a690       0x74 D:/Application/stm32cubeclt/STM32CubeCLT_1.18.0/GNU-tools-for-STM32/bin/../lib/gcc/arm-none-eabi/13.3.1/../../../../arm-none-eabi/lib/thumb/v7-m/nofp\libm.a(libm_a-sf_sin.o)
                0x0800a690                sinf
 .text.__kernel_cosf
                0x0800a704      0x100 D:/Application/stm32cubeclt/STM32CubeCLT_1.18.0/GNU-tools-for-STM32/bin/../lib/gcc/arm-none-eabi/13.3.1/../../../../arm-none-eabi/lib/thumb/v7-m/nofp\libm.a(libm_a-kf_cos.o)
                0x0800a704                __kernel_cosf
 .text.__kernel_sinf
                0x0800a804       0xec D:/Application/stm32cubeclt/STM32CubeCLT_1.18.0/GNU-tools-for-STM32/bin/../lib/gcc/arm-none-eabi/13.3.1/../../../../arm-none-eabi/lib/thumb/v7-m/nofp\libm.a(libm_a-kf_sin.o)
                0x0800a804                __kernel_sinf
 .text.__ieee754_rem_pio2f
                0x0800a8f0      0x2cc D:/Application/stm32cubeclt/STM32CubeCLT_1.18.0/GNU-tools-for-STM32/bin/../lib/gcc/arm-none-eabi/13.3.1/../../../../arm-none-eabi/lib/thumb/v7-m/nofp\libm.a(libm_a-ef_rem_pio2.o)
                0x0800a8f0                __ieee754_rem_pio2f
 .text.fabsf    0x0800abbc        0x6 D:/Application/stm32cubeclt/STM32CubeCLT_1.18.0/GNU-tools-for-STM32/bin/../lib/gcc/arm-none-eabi/13.3.1/../../../../arm-none-eabi/lib/thumb/v7-m/nofp\libm.a(libm_a-sf_fabs.o)
                0x0800abbc                fabsf
 *fill*         0x0800abc2        0x2 
 .text.__kernel_rem_pio2f
                0x0800abc4      0x53c D:/Application/stm32cubeclt/STM32CubeCLT_1.18.0/GNU-tools-for-STM32/bin/../lib/gcc/arm-none-eabi/13.3.1/../../../../arm-none-eabi/lib/thumb/v7-m/nofp\libm.a(libm_a-kf_rem_pio2.o)
                0x0800abc4                __kernel_rem_pio2f
 .text.scalbnf  0x0800b100       0x98 D:/Application/stm32cubeclt/STM32CubeCLT_1.18.0/GNU-tools-for-STM32/bin/../lib/gcc/arm-none-eabi/13.3.1/../../../../arm-none-eabi/lib/thumb/v7-m/nofp\libm.a(libm_a-sf_scalbn.o)
                0x0800b100                scalbnf
 .text.floorf   0x0800b198       0x84 D:/Application/stm32cubeclt/STM32CubeCLT_1.18.0/GNU-tools-for-STM32/bin/../lib/gcc/arm-none-eabi/13.3.1/../../../../arm-none-eabi/lib/thumb/v7-m/nofp\libm.a(libm_a-sf_floor.o)
                0x0800b198                floorf
 *(.glue_7)
 .glue_7        0x0800b21c        0x0 linker stubs
 *(.glue_7t)
 .glue_7t       0x0800b21c        0x0 linker stubs
 *(.eh_frame)
 .eh_frame      0x0800b21c        0x0 D:/Application/stm32cubeclt/STM32CubeCLT_1.18.0/GNU-tools-for-STM32/bin/../lib/gcc/arm-none-eabi/13.3.1/thumb/v7-m/nofp/crtbegin.o
 *(.init)
 .init          0x0800b21c        0x4 D:/Application/stm32cubeclt/STM32CubeCLT_1.18.0/GNU-tools-for-STM32/bin/../lib/gcc/arm-none-eabi/13.3.1/thumb/v7-m/nofp/crti.o
                0x0800b21c                _init
 .init          0x0800b220        0x8 D:/Application/stm32cubeclt/STM32CubeCLT_1.18.0/GNU-tools-for-STM32/bin/../lib/gcc/arm-none-eabi/13.3.1/thumb/v7-m/nofp/crtn.o
 *(.fini)
 .fini          0x0800b228        0x4 D:/Application/stm32cubeclt/STM32CubeCLT_1.18.0/GNU-tools-for-STM32/bin/../lib/gcc/arm-none-eabi/13.3.1/thumb/v7-m/nofp/crti.o
                0x0800b228                _fini
 .fini          0x0800b22c        0x8 D:/Application/stm32cubeclt/STM32CubeCLT_1.18.0/GNU-tools-for-STM32/bin/../lib/gcc/arm-none-eabi/13.3.1/thumb/v7-m/nofp/crtn.o
                0x0800b234                        . = ALIGN (0x4)
                0x0800b234                        _etext = .

.vfp11_veneer   0x0800b234        0x0
 .vfp11_veneer  0x0800b234        0x0 linker stubs

.v4_bx          0x0800b234        0x0
 .v4_bx         0x0800b234        0x0 linker stubs

.iplt           0x0800b234        0x0
 .iplt          0x0800b234        0x0 D:/Application/stm32cubeclt/STM32CubeCLT_1.18.0/GNU-tools-for-STM32/bin/../lib/gcc/arm-none-eabi/13.3.1/thumb/v7-m/nofp/crtbegin.o

.rodata         0x0800b238     0x19d8
                0x0800b238                        . = ALIGN (0x4)
 *(.rodata)
 *(.rodata*)
 .rodata.mel_len
                0x0800b238        0x4 CMakeFiles/DSB2.elf.dir/Core/Src/buzzer/buzzer.c.obj
 .rodata.mel_tab
                0x0800b23c        0x8 CMakeFiles/DSB2.elf.dir/Core/Src/buzzer/buzzer.c.obj
 .rodata.melody_startup
                0x0800b244       0x10 CMakeFiles/DSB2.elf.dir/Core/Src/buzzer/buzzer.c.obj
 .rodata.melody_pirates
                0x0800b254       0x80 CMakeFiles/DSB2.elf.dir/Core/Src/buzzer/buzzer.c.obj
 .rodata.s_keyPin
                0x0800b2d4        0x8 CMakeFiles/DSB2.elf.dir/Core/Src/key/key.c.obj
 .rodata.weight
                0x0800b2dc        0x8 CMakeFiles/DSB2.elf.dir/Core/Src/line_follow_pid/line_follow_pid.c.obj
 .rodata.LT_UART5_Init.str1.4
                0x0800b2e4       0x93 CMakeFiles/DSB2.elf.dir/Core/Src/linetracker_uart5/linetracker_uart5.c.obj
                                  0x8 (size before relaxing)
 .rodata.main.str1.4
                0x0800b377       0x8f CMakeFiles/DSB2.elf.dir/Core/Src/main.c.obj
 *fill*         0x0800b377        0x1 
 .rodata.font12x12
                0x0800b378       0x10 CMakeFiles/DSB2.elf.dir/Core/Src/oled/font.c.obj
                0x0800b378                font12x12
 .rodata.zh12x12
                0x0800b388      0x690 CMakeFiles/DSB2.elf.dir/Core/Src/oled/font.c.obj
                0x0800b388                zh12x12
 .rodata.afont16x8
                0x0800ba18        0x8 CMakeFiles/DSB2.elf.dir/Core/Src/oled/font.c.obj
                0x0800ba18                afont16x8
 .rodata.ascii_16x8
                0x0800ba20      0x5f0 CMakeFiles/DSB2.elf.dir/Core/Src/oled/font.c.obj
                0x0800ba20                ascii_16x8
 .rodata.afont12x6
                0x0800c010        0x8 CMakeFiles/DSB2.elf.dir/Core/Src/oled/font.c.obj
                0x0800c010                afont12x6
 .rodata.ascii_12x6
                0x0800c018      0x474 CMakeFiles/DSB2.elf.dir/Core/Src/oled/font.c.obj
                0x0800c018                ascii_12x6
 .rodata.APBPrescTable
                0x0800c48c        0x8 CMakeFiles/DSB2.elf.dir/Core/Src/system_stm32f1xx.c.obj
                0x0800c48c                APBPrescTable
 .rodata.AHBPrescTable
                0x0800c494       0x10 CMakeFiles/DSB2.elf.dir/Core/Src/system_stm32f1xx.c.obj
                0x0800c494                AHBPrescTable
 .rodata.aPredivFactorTable.0
                0x0800c4a4        0x2 CMakeFiles/DSB2.elf.dir/Drivers/STM32F1xx_HAL_Driver/Src/stm32f1xx_hal_rcc.c.obj
 *fill*         0x0800c4a6        0x2 
 .rodata.aPLLMULFactorTable.1
                0x0800c4a8       0x10 CMakeFiles/DSB2.elf.dir/Drivers/STM32F1xx_HAL_Driver/Src/stm32f1xx_hal_rcc.c.obj
 .rodata._ctype_
                0x0800c4b8      0x101 D:/Application/stm32cubeclt/STM32CubeCLT_1.18.0/GNU-tools-for-STM32/bin/../lib/gcc/arm-none-eabi/13.3.1/../../../../arm-none-eabi/lib/thumb/v7-m/nofp\libg.a(libc_a-ctype_.o)
                0x0800c4b8                _ctype_
 .rodata._svfprintf_r.str1.1
                0x0800c5b9      0x149 D:/Application/stm32cubeclt/STM32CubeCLT_1.18.0/GNU-tools-for-STM32/bin/../lib/gcc/arm-none-eabi/13.3.1/../../../../arm-none-eabi/lib/thumb/v7-m/nofp\libg.a(libc_a-svfprintf.o)
                                 0x34 (size before relaxing)
 .rodata.zeroes.0
                0x0800c702       0x10 D:/Application/stm32cubeclt/STM32CubeCLT_1.18.0/GNU-tools-for-STM32/bin/../lib/gcc/arm-none-eabi/13.3.1/../../../../arm-none-eabi/lib/thumb/v7-m/nofp\libg.a(libc_a-svfprintf.o)
 .rodata.blanks.1
                0x0800c712       0x10 D:/Application/stm32cubeclt/STM32CubeCLT_1.18.0/GNU-tools-for-STM32/bin/../lib/gcc/arm-none-eabi/13.3.1/../../../../arm-none-eabi/lib/thumb/v7-m/nofp\libg.a(libc_a-svfprintf.o)
 .rodata._dtoa_r.str1.1
                0x0800c722       0x78 D:/Application/stm32cubeclt/STM32CubeCLT_1.18.0/GNU-tools-for-STM32/bin/../lib/gcc/arm-none-eabi/13.3.1/../../../../arm-none-eabi/lib/thumb/v7-m/nofp\libg.a(libc_a-dtoa.o)
 .rodata.__multadd.str1.1
                0x0800c722       0x6a D:/Application/stm32cubeclt/STM32CubeCLT_1.18.0/GNU-tools-for-STM32/bin/../lib/gcc/arm-none-eabi/13.3.1/../../../../arm-none-eabi/lib/thumb/v7-m/nofp\libg.a(libc_a-mprec.o)
 *fill*         0x0800c722        0x2 
 .rodata.p05.0  0x0800c724        0xc D:/Application/stm32cubeclt/STM32CubeCLT_1.18.0/GNU-tools-for-STM32/bin/../lib/gcc/arm-none-eabi/13.3.1/../../../../arm-none-eabi/lib/thumb/v7-m/nofp\libg.a(libc_a-mprec.o)
 .rodata.__mprec_bigtens
                0x0800c730       0x28 D:/Application/stm32cubeclt/STM32CubeCLT_1.18.0/GNU-tools-for-STM32/bin/../lib/gcc/arm-none-eabi/13.3.1/../../../../arm-none-eabi/lib/thumb/v7-m/nofp\libg.a(libc_a-mprec.o)
                0x0800c730                __mprec_bigtens
 .rodata.__mprec_tens
                0x0800c758       0xc8 D:/Application/stm32cubeclt/STM32CubeCLT_1.18.0/GNU-tools-for-STM32/bin/../lib/gcc/arm-none-eabi/13.3.1/../../../../arm-none-eabi/lib/thumb/v7-m/nofp\libg.a(libc_a-mprec.o)
                0x0800c758                __mprec_tens
 .rodata._setlocale_r.str1.1
                0x0800c820        0x9 D:/Application/stm32cubeclt/STM32CubeCLT_1.18.0/GNU-tools-for-STM32/bin/../lib/gcc/arm-none-eabi/13.3.1/../../../../arm-none-eabi/lib/thumb/v7-m/nofp\libg.a(libc_a-locale.o)
 .rodata.str1.1
                0x0800c820        0x2 D:/Application/stm32cubeclt/STM32CubeCLT_1.18.0/GNU-tools-for-STM32/bin/../lib/gcc/arm-none-eabi/13.3.1/../../../../arm-none-eabi/lib/thumb/v7-m/nofp\libg.a(libc_a-locale.o)
 .rodata.__assert_func.str1.1
                0x0800c820       0x3d D:/Application/stm32cubeclt/STM32CubeCLT_1.18.0/GNU-tools-for-STM32/bin/../lib/gcc/arm-none-eabi/13.3.1/../../../../arm-none-eabi/lib/thumb/v7-m/nofp\libg.a(libc_a-assert.o)
 .rodata._vfiprintf_r.str1.1
                0x0800c820       0x22 D:/Application/stm32cubeclt/STM32CubeCLT_1.18.0/GNU-tools-for-STM32/bin/../lib/gcc/arm-none-eabi/13.3.1/../../../../arm-none-eabi/lib/thumb/v7-m/nofp\libg.a(libc_a-vfiprintf.o)
 .rodata.zeroes.0
                0x0800c820       0x10 D:/Application/stm32cubeclt/STM32CubeCLT_1.18.0/GNU-tools-for-STM32/bin/../lib/gcc/arm-none-eabi/13.3.1/../../../../arm-none-eabi/lib/thumb/v7-m/nofp\libg.a(libc_a-vfiprintf.o)
 .rodata.blanks.1
                0x0800c830       0x10 D:/Application/stm32cubeclt/STM32CubeCLT_1.18.0/GNU-tools-for-STM32/bin/../lib/gcc/arm-none-eabi/13.3.1/../../../../arm-none-eabi/lib/thumb/v7-m/nofp\libg.a(libc_a-vfiprintf.o)
 .rodata.npio2_hw
                0x0800c840       0x80 D:/Application/stm32cubeclt/STM32CubeCLT_1.18.0/GNU-tools-for-STM32/bin/../lib/gcc/arm-none-eabi/13.3.1/../../../../arm-none-eabi/lib/thumb/v7-m/nofp\libm.a(libm_a-ef_rem_pio2.o)
 .rodata.two_over_pi
                0x0800c8c0      0x318 D:/Application/stm32cubeclt/STM32CubeCLT_1.18.0/GNU-tools-for-STM32/bin/../lib/gcc/arm-none-eabi/13.3.1/../../../../arm-none-eabi/lib/thumb/v7-m/nofp\libm.a(libm_a-ef_rem_pio2.o)
 .rodata.PIo2   0x0800cbd8       0x2c D:/Application/stm32cubeclt/STM32CubeCLT_1.18.0/GNU-tools-for-STM32/bin/../lib/gcc/arm-none-eabi/13.3.1/../../../../arm-none-eabi/lib/thumb/v7-m/nofp\libm.a(libm_a-kf_rem_pio2.o)
 .rodata.init_jk
                0x0800cc04        0xc D:/Application/stm32cubeclt/STM32CubeCLT_1.18.0/GNU-tools-for-STM32/bin/../lib/gcc/arm-none-eabi/13.3.1/../../../../arm-none-eabi/lib/thumb/v7-m/nofp\libm.a(libm_a-kf_rem_pio2.o)
                0x0800cc10                        . = ALIGN (0x4)

.ARM.extab      0x0800cc10        0x0
                0x0800cc10                        . = ALIGN (0x4)
 *(.ARM.extab* .gnu.linkonce.armextab.*)
                0x0800cc10                        . = ALIGN (0x4)

.ARM            0x0800cc10        0x8
                0x0800cc10                        . = ALIGN (0x4)
                0x0800cc10                        __exidx_start = .
 *(.ARM.exidx*)
 .ARM.exidx     0x0800cc10        0x8 D:/Application/stm32cubeclt/STM32CubeCLT_1.18.0/GNU-tools-for-STM32/bin/../lib/gcc/arm-none-eabi/13.3.1/thumb/v7-m/nofp\libgcc.a(_udivmoddi4.o)
 .ARM.exidx     0x0800cc18        0x0 D:/Application/stm32cubeclt/STM32CubeCLT_1.18.0/GNU-tools-for-STM32/bin/../lib/gcc/arm-none-eabi/13.3.1/../../../../arm-none-eabi/lib/thumb/v7-m/nofp\libg.a(libc_a-strlen.o)
                                  0x8 (size before relaxing)
                0x0800cc18                        __exidx_end = .
                0x0800cc18                        . = ALIGN (0x4)

.rel.dyn        0x0800cc18        0x0
 .rel.iplt      0x0800cc18        0x0 D:/Application/stm32cubeclt/STM32CubeCLT_1.18.0/GNU-tools-for-STM32/bin/../lib/gcc/arm-none-eabi/13.3.1/thumb/v7-m/nofp/crtbegin.o

.preinit_array  0x0800cc18        0x0
                0x0800cc18                        . = ALIGN (0x4)
                0x0800cc18                        PROVIDE (__preinit_array_start = .)
 *(.preinit_array*)
                0x0800cc18                        PROVIDE (__preinit_array_end = .)
                0x0800cc18                        . = ALIGN (0x4)

.init_array     0x0800cc18        0x8
                0x0800cc18                        . = ALIGN (0x4)
                0x0800cc18                        PROVIDE (__init_array_start = .)
 *(SORT_BY_NAME(.init_array.*))
 .init_array.00000
                0x0800cc18        0x4 D:/Application/stm32cubeclt/STM32CubeCLT_1.18.0/GNU-tools-for-STM32/bin/../lib/gcc/arm-none-eabi/13.3.1/../../../../arm-none-eabi/lib/thumb/v7-m/nofp\libg.a(libc_a-__call_atexit.o)
 *(.init_array*)
 .init_array    0x0800cc1c        0x4 D:/Application/stm32cubeclt/STM32CubeCLT_1.18.0/GNU-tools-for-STM32/bin/../lib/gcc/arm-none-eabi/13.3.1/thumb/v7-m/nofp/crtbegin.o
                0x0800cc20                        PROVIDE (__init_array_end = .)
                0x0800cc20                        . = ALIGN (0x4)

.fini_array     0x0800cc20        0x4
                0x0800cc20                        . = ALIGN (0x4)
                0x0800cc20                        PROVIDE (__fini_array_start = .)
 *(SORT_BY_NAME(.fini_array.*))
 *(.fini_array*)
 .fini_array    0x0800cc20        0x4 D:/Application/stm32cubeclt/STM32CubeCLT_1.18.0/GNU-tools-for-STM32/bin/../lib/gcc/arm-none-eabi/13.3.1/thumb/v7-m/nofp/crtbegin.o
                0x0800cc24                        PROVIDE (__fini_array_end = .)
                0x0800cc24                        . = ALIGN (0x4)
                0x0800cc24                        _sidata = LOADADDR (.data)

.data           0x20000000      0x6f8 load address 0x0800cc24
                0x20000000                        . = ALIGN (0x4)
                0x20000000                        _sdata = .
 *(.data)
 *(.data*)
 .data.ramp_enable
                0x20000000        0x1 CMakeFiles/DSB2.elf.dir/Core/Src/move_while_rotating/move_while_rotating.c.obj
                0x20000000                ramp_enable
 *fill*         0x20000001        0x3 
 .data.rotate_speed
                0x20000004        0x4 CMakeFiles/DSB2.elf.dir/Core/Src/move_while_rotating/move_while_rotating.c.obj
                0x20000004                rotate_speed
 .data.world_x  0x20000008        0x4 CMakeFiles/DSB2.elf.dir/Core/Src/move_while_rotating/move_while_rotating.c.obj
                0x20000008                world_x
 .data.SystemCoreClock
                0x2000000c        0x4 CMakeFiles/DSB2.elf.dir/Core/Src/system_stm32f1xx.c.obj
                0x2000000c                SystemCoreClock
 .data.txBuf    0x20000010        0xb CMakeFiles/DSB2.elf.dir/Core/Src/uart2_motor_frame_tx/uart2_motor_frame_tx.c.obj
 *fill*         0x2000001b        0x1 
 .data.ramp_ticks_total
                0x2000001c        0x2 CMakeFiles/DSB2.elf.dir/Core/Src/yaw_pid_control/yaw_ramp.c.obj
                0x2000001c                ramp_ticks_total
 .data.uwTickFreq
                0x2000001e        0x1 CMakeFiles/DSB2.elf.dir/Drivers/STM32F1xx_HAL_Driver/Src/stm32f1xx_hal.c.obj
                0x2000001e                uwTickFreq
 *fill*         0x2000001f        0x1 
 .data.uwTickPrio
                0x20000020        0x4 CMakeFiles/DSB2.elf.dir/Drivers/STM32F1xx_HAL_Driver/Src/stm32f1xx_hal.c.obj
                0x20000020                uwTickPrio
 .data.__sglue  0x20000024        0xc D:/Application/stm32cubeclt/STM32CubeCLT_1.18.0/GNU-tools-for-STM32/bin/../lib/gcc/arm-none-eabi/13.3.1/../../../../arm-none-eabi/lib/thumb/v7-m/nofp\libg.a(libc_a-findfp.o)
                0x20000024                __sglue
 .data._impure_ptr
                0x20000030        0x4 D:/Application/stm32cubeclt/STM32CubeCLT_1.18.0/GNU-tools-for-STM32/bin/../lib/gcc/arm-none-eabi/13.3.1/../../../../arm-none-eabi/lib/thumb/v7-m/nofp\libg.a(libc_a-impure.o)
                0x20000030                _impure_ptr
 *fill*         0x20000034        0x4 
 .data._impure_data
                0x20000038      0x140 D:/Application/stm32cubeclt/STM32CubeCLT_1.18.0/GNU-tools-for-STM32/bin/../lib/gcc/arm-none-eabi/13.3.1/../../../../arm-none-eabi/lib/thumb/v7-m/nofp\libg.a(libc_a-impure.o)
                0x20000038                _impure_data
 .data.__atexit_recursive_mutex
                0x20000178        0x4 D:/Application/stm32cubeclt/STM32CubeCLT_1.18.0/GNU-tools-for-STM32/bin/../lib/gcc/arm-none-eabi/13.3.1/../../../../arm-none-eabi/lib/thumb/v7-m/nofp\libg.a(libc_a-__call_atexit.o)
                0x20000178                __atexit_recursive_mutex
 .data.__malloc_sbrk_base
                0x2000017c        0x4 D:/Application/stm32cubeclt/STM32CubeCLT_1.18.0/GNU-tools-for-STM32/bin/../lib/gcc/arm-none-eabi/13.3.1/../../../../arm-none-eabi/lib/thumb/v7-m/nofp\libg.a(libc_a-mallocr.o)
                0x2000017c                __malloc_sbrk_base
 .data.__malloc_trim_threshold
                0x20000180        0x4 D:/Application/stm32cubeclt/STM32CubeCLT_1.18.0/GNU-tools-for-STM32/bin/../lib/gcc/arm-none-eabi/13.3.1/../../../../arm-none-eabi/lib/thumb/v7-m/nofp\libg.a(libc_a-mallocr.o)
                0x20000180                __malloc_trim_threshold
 .data.__malloc_av_
                0x20000184      0x408 D:/Application/stm32cubeclt/STM32CubeCLT_1.18.0/GNU-tools-for-STM32/bin/../lib/gcc/arm-none-eabi/13.3.1/../../../../arm-none-eabi/lib/thumb/v7-m/nofp\libg.a(libc_a-mallocr.o)
                0x20000184                __malloc_av_
 .data.__global_locale
                0x2000058c      0x16c D:/Application/stm32cubeclt/STM32CubeCLT_1.18.0/GNU-tools-for-STM32/bin/../lib/gcc/arm-none-eabi/13.3.1/../../../../arm-none-eabi/lib/thumb/v7-m/nofp\libg.a(libc_a-locale.o)
                0x2000058c                __global_locale
 *(.RamFunc)
 *(.RamFunc*)
                0x200006f8                        . = ALIGN (0x4)
                0x200006f8                        _edata = .

.igot.plt       0x200006f8        0x0 load address 0x0800d31c
 .igot.plt      0x200006f8        0x0 D:/Application/stm32cubeclt/STM32CubeCLT_1.18.0/GNU-tools-for-STM32/bin/../lib/gcc/arm-none-eabi/13.3.1/thumb/v7-m/nofp/crtbegin.o
                0x200006f8                        . = ALIGN (0x4)

.bss            0x200006f8      0xd58 load address 0x0800d31c
                0x200006f8                        _sbss = .
                0x200006f8                        __bss_start__ = _sbss
 *(.bss)
 .bss           0x200006f8       0x1c D:/Application/stm32cubeclt/STM32CubeCLT_1.18.0/GNU-tools-for-STM32/bin/../lib/gcc/arm-none-eabi/13.3.1/thumb/v7-m/nofp/crtbegin.o
 *(.bss*)
 .bss.hi2c1     0x20000714       0x54 CMakeFiles/DSB2.elf.dir/Core/Src/i2c.c.obj
                0x20000714                hi2c1
 .bss.imu_gyro_z_cdps
                0x20000768        0x4 CMakeFiles/DSB2.elf.dir/Core/Src/imu_uart4/imu_uart4.c.obj
                0x20000768                imu_gyro_z_cdps
 .bss.imu_gyro_y_cdps
                0x2000076c        0x4 CMakeFiles/DSB2.elf.dir/Core/Src/imu_uart4/imu_uart4.c.obj
                0x2000076c                imu_gyro_y_cdps
 .bss.imu_gyro_x_cdps
                0x20000770        0x4 CMakeFiles/DSB2.elf.dir/Core/Src/imu_uart4/imu_uart4.c.obj
                0x20000770                imu_gyro_x_cdps
 .bss.imu_yaw_cdeg
                0x20000774        0x4 CMakeFiles/DSB2.elf.dir/Core/Src/imu_uart4/imu_uart4.c.obj
                0x20000774                imu_yaw_cdeg
 .bss.imu_pitch_cdeg
                0x20000778        0x4 CMakeFiles/DSB2.elf.dir/Core/Src/imu_uart4/imu_uart4.c.obj
                0x20000778                imu_pitch_cdeg
 .bss.imu_roll_cdeg
                0x2000077c        0x4 CMakeFiles/DSB2.elf.dir/Core/Src/imu_uart4/imu_uart4.c.obj
                0x2000077c                imu_roll_cdeg
 .bss.s_rxIndex
                0x20000780        0x1 CMakeFiles/DSB2.elf.dir/Core/Src/imu_uart4/imu_uart4.c.obj
 *fill*         0x20000781        0x3 
 .bss.s_rxBuf   0x20000784       0x1d CMakeFiles/DSB2.elf.dir/Core/Src/imu_uart4/imu_uart4.c.obj
 .bss.g_rxByte  0x200007a1        0x1 CMakeFiles/DSB2.elf.dir/Core/Src/imu_uart4/imu_uart4.c.obj
 *fill*         0x200007a2        0x2 
 .bss.g_keyLastMs
                0x200007a4       0x10 CMakeFiles/DSB2.elf.dir/Core/Src/key/key.c.obj
 .bss.g_keyClick
                0x200007b4        0x4 CMakeFiles/DSB2.elf.dir/Core/Src/key/key.c.obj
 .bss.g_keyLevel
                0x200007b8        0x4 CMakeFiles/DSB2.elf.dir/Core/Src/key/key.c.obj
 .bss.yaw_goal  0x200007bc        0x4 CMakeFiles/DSB2.elf.dir/Core/Src/line_follow_pid/line_follow_pid.c.obj
                0x200007bc                yaw_goal
 .bss.reached_end_flag
                0x200007c0        0x1 CMakeFiles/DSB2.elf.dir/Core/Src/line_follow_pid/line_follow_pid.c.obj
 *fill*         0x200007c1        0x3 
 .bss.pid_output
                0x200007c4        0x4 CMakeFiles/DSB2.elf.dir/Core/Src/line_follow_pid/line_follow_pid.c.obj
 .bss.err_integral
                0x200007c8        0x4 CMakeFiles/DSB2.elf.dir/Core/Src/line_follow_pid/line_follow_pid.c.obj
 .bss.err_prev  0x200007cc        0x2 CMakeFiles/DSB2.elf.dir/Core/Src/line_follow_pid/line_follow_pid.c.obj
 .bss.sum_count
                0x200007ce        0x1 CMakeFiles/DSB2.elf.dir/Core/Src/line_follow_pid/line_follow_pid.c.obj
 *fill*         0x200007cf        0x1 