Archive member included to satisfy reference by file (symbol)

e:/gcc-arm-none-eabi-10.3-2021.10/bin/../lib/gcc/arm-none-eabi/10.3.1/thumb/v7-m/nofp\libgcc.a(_arm_muldf3.o)
                              CMakeFiles/DSB2.elf.dir/Core/Src/oled/oled.c.obj (__aeabi_dmul)
e:/gcc-arm-none-eabi-10.3-2021.10/bin/../lib/gcc/arm-none-eabi/10.3.1/thumb/v7-m/nofp\libgcc.a(_arm_mulsf3.o)
                              CMakeFiles/DSB2.elf.dir/Core/Src/main.c.obj (__aeabi_fmul)
e:/gcc-arm-none-eabi-10.3-2021.10/bin/../lib/gcc/arm-none-eabi/10.3.1/thumb/v7-m/nofp\libgcc.a(_arm_addsubdf3.o)
                              CMakeFiles/DSB2.elf.dir/Core/Src/oled/oled.c.obj (__aeabi_dsub)
e:/gcc-arm-none-eabi-10.3-2021.10/bin/../lib/gcc/arm-none-eabi/10.3.1/thumb/v7-m/nofp\libgcc.a(_arm_fixdfsi.o)
                              CMakeFiles/DSB2.elf.dir/Core/Src/oled/oled.c.obj (__aeabi_d2iz)
e:/gcc-arm-none-eabi-10.3-2021.10/bin/../lib/gcc/arm-none-eabi/10.3.1/thumb/v7-m/nofp\libgcc.a(_arm_addsubsf3.o)
                              CMakeFiles/DSB2.elf.dir/Core/Src/yaw_pid_control/yaw_ramp.c.obj (__aeabi_fsub)
e:/gcc-arm-none-eabi-10.3-2021.10/bin/../lib/gcc/arm-none-eabi/10.3.1/thumb/v7-m/nofp\libgcc.a(_arm_muldivsf3.o)
                              CMakeFiles/DSB2.elf.dir/Core/Src/process.c.obj (__aeabi_fdiv)
e:/gcc-arm-none-eabi-10.3-2021.10/bin/../lib/gcc/arm-none-eabi/10.3.1/thumb/v7-m/nofp\libgcc.a(_arm_cmpsf2.o)
                              CMakeFiles/DSB2.elf.dir/Core/Src/yaw_pid_control/yaw_ramp.c.obj (__aeabi_fcmplt)
e:/gcc-arm-none-eabi-10.3-2021.10/bin/../lib/gcc/arm-none-eabi/10.3.1/thumb/v7-m/nofp\libgcc.a(_arm_fixsfsi.o)
                              CMakeFiles/DSB2.elf.dir/Core/Src/main.c.obj (__aeabi_f2iz)
e:/gcc-arm-none-eabi-10.3-2021.10/bin/../lib/gcc/arm-none-eabi/10.3.1/thumb/v7-m/nofp\libgcc.a(_aeabi_ldivmod.o)
                              CMakeFiles/DSB2.elf.dir/Core/Src/yaw_pid_control/yaw_pid_control.c.obj (__aeabi_ldivmod)
e:/gcc-arm-none-eabi-10.3-2021.10/bin/../lib/gcc/arm-none-eabi/10.3.1/thumb/v7-m/nofp\libgcc.a(_udivmoddi4.o)
                              e:/gcc-arm-none-eabi-10.3-2021.10/bin/../lib/gcc/arm-none-eabi/10.3.1/thumb/v7-m/nofp\libgcc.a(_aeabi_ldivmod.o) (__udivmoddi4)
e:/gcc-arm-none-eabi-10.3-2021.10/bin/../lib/gcc/arm-none-eabi/10.3.1/thumb/v7-m/nofp\libgcc.a(_dvmd_tls.o)
                              e:/gcc-arm-none-eabi-10.3-2021.10/bin/../lib/gcc/arm-none-eabi/10.3.1/thumb/v7-m/nofp\libgcc.a(_aeabi_ldivmod.o) (__aeabi_ldiv0)
e:/gcc-arm-none-eabi-10.3-2021.10/bin/../lib/gcc/arm-none-eabi/10.3.1/../../../../arm-none-eabi/lib/thumb/v7-m/nofp\libg.a(lib_a-atoi.o)
                              CMakeFiles/DSB2.elf.dir/Core/Src/linetracker_uart5/linetracker_uart5.c.obj (atoi)
e:/gcc-arm-none-eabi-10.3-2021.10/bin/../lib/gcc/arm-none-eabi/10.3.1/../../../../arm-none-eabi/lib/thumb/v7-m/nofp\libg.a(lib_a-errno.o)
                              CMakeFiles/DSB2.elf.dir/Core/Src/syscalls.c.obj (__errno)
e:/gcc-arm-none-eabi-10.3-2021.10/bin/../lib/gcc/arm-none-eabi/10.3.1/../../../../arm-none-eabi/lib/thumb/v7-m/nofp\libg.a(lib_a-exit.o)
                              e:/gcc-arm-none-eabi-10.3-2021.10/bin/../lib/gcc/arm-none-eabi/10.3.1/../../../../arm-none-eabi/lib/thumb/v7-m/nofp/crt0.o (exit)
e:/gcc-arm-none-eabi-10.3-2021.10/bin/../lib/gcc/arm-none-eabi/10.3.1/../../../../arm-none-eabi/lib/thumb/v7-m/nofp\libg.a(lib_a-impure.o)
                              e:/gcc-arm-none-eabi-10.3-2021.10/bin/../lib/gcc/arm-none-eabi/10.3.1/../../../../arm-none-eabi/lib/thumb/v7-m/nofp\libg.a(lib_a-exit.o) (_global_impure_ptr)
e:/gcc-arm-none-eabi-10.3-2021.10/bin/../lib/gcc/arm-none-eabi/10.3.1/../../../../arm-none-eabi/lib/thumb/v7-m/nofp\libg.a(lib_a-init.o)
                              e:/gcc-arm-none-eabi-10.3-2021.10/bin/../lib/gcc/arm-none-eabi/10.3.1/../../../../arm-none-eabi/lib/thumb/v7-m/nofp/crt0.o (__libc_init_array)
e:/gcc-arm-none-eabi-10.3-2021.10/bin/../lib/gcc/arm-none-eabi/10.3.1/../../../../arm-none-eabi/lib/thumb/v7-m/nofp\libg.a(lib_a-memcmp.o)
                              CMakeFiles/DSB2.elf.dir/Core/Src/oled/oled.c.obj (memcmp)
e:/gcc-arm-none-eabi-10.3-2021.10/bin/../lib/gcc/arm-none-eabi/10.3.1/../../../../arm-none-eabi/lib/thumb/v7-m/nofp\libg.a(lib_a-memcpy.o)
                              CMakeFiles/DSB2.elf.dir/Core/Src/oled/oled.c.obj (memcpy)
e:/gcc-arm-none-eabi-10.3-2021.10/bin/../lib/gcc/arm-none-eabi/10.3.1/../../../../arm-none-eabi/lib/thumb/v7-m/nofp\libg.a(lib_a-memset.o)
                              e:/gcc-arm-none-eabi-10.3-2021.10/bin/../lib/gcc/arm-none-eabi/10.3.1/../../../../arm-none-eabi/lib/thumb/v7-m/nofp/crt0.o (memset)
e:/gcc-arm-none-eabi-10.3-2021.10/bin/../lib/gcc/arm-none-eabi/10.3.1/../../../../arm-none-eabi/lib/thumb/v7-m/nofp\libg.a(lib_a-snprintf.o)
                              CMakeFiles/DSB2.elf.dir/Core/Src/process.c.obj (snprintf)
[...]
Memory Configuration

Name             Origin             Length             Attributes
RAM              0x20000000         0x0000c000         xrw
FLASH            0x08000000         0x00040000         xr
*default*        0x00000000         0xffffffff

Linker script and memory map

LOAD e:/gcc-arm-none-eabi-10.3-2021.10/bin/../lib/gcc/arm-none-eabi/10.3.1/thumb/v7-m/nofp/crti.o
LOAD e:/gcc-arm-none-eabi-10.3-2021.10/bin/../lib/gcc/arm-none-eabi/10.3.1/thumb/v7-m/nofp/crtbegin.o
LOAD e:/gcc-arm-none-eabi-10.3-2021.10/bin/../lib/gcc/arm-none-eabi/10.3.1/../../../../arm-none-eabi/lib/thumb/v7-m/nofp/crt0.o
LOAD CMakeFiles/DSB2.elf.dir/Core/Src/buzzer/buzzer.c.obj
LOAD CMakeFiles/DSB2.elf.dir/Core/Src/gpio.c.obj
LOAD CMakeFiles/DSB2.elf.dir/Core/Src/i2c.c.obj
LOAD CMakeFiles/DSB2.elf.dir/Core/Src/imu_uart4/imu_uart4.c.obj
LOAD CMakeFiles/DSB2.elf.dir/Core/Src/key/key.c.obj
LOAD CMakeFiles/DSB2.elf.dir/Core/Src/line_follow_pid/line_follow_pid.c.obj
LOAD CMakeFiles/DSB2.elf.dir/Core/Src/linetracker_uart5/linetracker_uart5.c.obj
LOAD CMakeFiles/DSB2.elf.dir/Core/Src/main.c.obj
LOAD CMakeFiles/DSB2.elf.dir/Core/Src/motor_rx/motor_rx.c.obj
LOAD CMakeFiles/DSB2.elf.dir/Core/Src/move_while_rotating/move_while_rotating.c.obj
LOAD CMakeFiles/DSB2.elf.dir/Core/Src/oled/font.c.obj
LOAD CMakeFiles/DSB2.elf.dir/Core/Src/oled/oled.c.obj
LOAD CMakeFiles/DSB2.elf.dir/Core/Src/process.c.obj
LOAD CMakeFiles/DSB2.elf.dir/Core/Src/servo_control/servo_control.c.obj
LOAD CMakeFiles/DSB2.elf.dir/Core/Src/stm32f1xx_hal_msp.c.obj
LOAD CMakeFiles/DSB2.elf.dir/Core/Src/stm32f1xx_it.c.obj
LOAD CMakeFiles/DSB2.elf.dir/Core/Src/syscalls.c.obj
LOAD CMakeFiles/DSB2.elf.dir/Core/Src/sysmem.c.obj
LOAD CMakeFiles/DSB2.elf.dir/Core/Src/system_stm32f1xx.c.obj
LOAD CMakeFiles/DSB2.elf.dir/Core/Src/tim.c.obj
LOAD CMakeFiles/DSB2.elf.dir/Core/Src/uart2_motor_frame_tx/uart2_motor_frame_tx.c.obj
LOAD CMakeFiles/DSB2.elf.dir/Core/Src/usart.c.obj
LOAD CMakeFiles/DSB2.elf.dir/Core/Src/vision_parser/vision_parser.c.obj
LOAD CMakeFiles/DSB2.elf.dir/Core/Src/wind/wind.c.obj
LOAD CMakeFiles/DSB2.elf.dir/Core/Src/yaw_pid_control/yaw_pid_control.c.obj
LOAD CMakeFiles/DSB2.elf.dir/Core/Src/yaw_pid_control/yaw_ramp.c.obj
LOAD CMakeFiles/DSB2.elf.dir/Core/Startup/startup_stm32f103rctx.s.obj
LOAD CMakeFiles/DSB2.elf.dir/Drivers/STM32F1xx_HAL_Driver/Src/stm32f1xx_hal.c.obj
LOAD CMakeFiles/DSB2.elf.dir/Drivers/STM32F1xx_HAL_Driver/Src/stm32f1xx_hal_cortex.c.obj
LOAD CMakeFiles/DSB2.elf.dir/Drivers/STM32F1xx_HAL_Driver/Src/stm32f1xx_hal_dma.c.obj
LOAD CMakeFiles/DSB2.elf.dir/Drivers/STM32F1xx_HAL_Driver/Src/stm32f1xx_hal_exti.c.obj
LOAD CMakeFiles/DSB2.elf.dir/Drivers/STM32F1xx_HAL_Driver/Src/stm32f1xx_hal_flash.c.obj
LOAD CMakeFiles/DSB2.elf.dir/Drivers/STM32F1xx_HAL_Driver/Src/stm32f1xx_hal_flash_ex.c.obj
LOAD CMakeFiles/DSB2.elf.dir/Drivers/STM32F1xx_HAL_Driver/Src/stm32f1xx_hal_gpio.c.obj
LOAD CMakeFiles/DSB2.elf.dir/Drivers/STM32F1xx_HAL_Driver/Src/stm32f1xx_hal_gpio_ex.c.obj
LOAD CMakeFiles/DSB2.elf.dir/Drivers/STM32F1xx_HAL_Driver/Src/stm32f1xx_hal_i2c.c.obj
LOAD CMakeFiles/DSB2.elf.dir/Drivers/STM32F1xx_HAL_Driver/Src/stm32f1xx_hal_pwr.c.obj
LOAD CMakeFiles/DSB2.elf.dir/Drivers/STM32F1xx_HAL_Driver/Src/stm32f1xx_hal_rcc.c.obj
LOAD CMakeFiles/DSB2.elf.dir/Drivers/STM32F1xx_HAL_Driver/Src/stm32f1xx_hal_rcc_ex.c.obj
LOAD CMakeFiles/DSB2.elf.dir/Drivers/STM32F1xx_HAL_Driver/Src/stm32f1xx_hal_tim.c.obj
LOAD CMakeFiles/DSB2.elf.dir/Drivers/STM32F1xx_HAL_Driver/Src/stm32f1xx_hal_tim_ex.c.obj
LOAD CMakeFiles/DSB2.elf.dir/Drivers/STM32F1xx_HAL_Driver/Src/stm32f1xx_hal_uart.c.obj
START GROUP
LOAD e:/gcc-arm-none-eabi-10.3-2021.10/bin/../lib/gcc/arm-none-eabi/10.3.1/thumb/v7-m/nofp\libgcc.a
LOAD e:/gcc-arm-none-eabi-10.3-2021.10/bin/../lib/gcc/arm-none-eabi/10.3.1/../../../../arm-none-eabi/lib/thumb/v7-m/nofp\libg.a
LOAD e:/gcc-arm-none-eabi-10.3-2021.10/bin/../lib/gcc/arm-none-eabi/10.3.1/../../../../arm-none-eabi/lib/thumb/v7-m/nofp\libc.a
END GROUP
LOAD e:/gcc-arm-none-eabi-10.3-2021.10/bin/../lib/gcc/arm-none-eabi/10.3.1/thumb/v7-m/nofp/crtend.o
LOAD e:/gcc-arm-none-eabi-10.3-2021.10/bin/../lib/gcc/arm-none-eabi/10.3.1/thumb/v7-m/nofp/crtn.o
                0x2000c000                _estack = (ORIGIN (RAM) + LENGTH (RAM))
                0x00000200                _Min_Heap_Size = 0x200
                0x00000400                _Min_Stack_Size = 0x400

.isr_vector     0x08000000      0x1e4
                0x08000000                . = ALIGN (0x4)
 *(.isr_vector)
 .isr_vector    0x08000000      0x1e4 CMakeFiles/DSB2.elf.dir/Core/Startup/startup_stm32f103rctx.s.obj
                0x08000000                g_pfnVectors
                0x080001e4                . = ALIGN (0x4)

.text           0x080001e4     0x5ef8
                0x080001e4                . = ALIGN (0x4)
 *(.text)
 .text          0x080001e4       0x40 e:/gcc-arm-none-eabi-10.3-2021.10/bin/../lib/gcc/arm-none-eabi/10.3.1/thumb/v7-m/nofp/crtbegin.o
 .text          0x08000224      0x21c e:/gcc-arm-none-eabi-10.3-2021.10/bin/../lib/gcc/arm-none-eabi/10.3.1/thumb/v7-m/nofp\libgcc.a(_arm_addsubsf3.o)
                0x08000224                __aeabi_frsub
                0x0800022c                __subsf3
                0x0800022c                __aeabi_fsub
                0x08000230                __aeabi_fadd
                0x08000230                __addsf3
                0x08000390                __aeabi_ui2f
                0x08000390                __floatunsisf
                0x08000398                __aeabi_i2f
                0x08000398                __floatsisf
                0x080003b4                __aeabi_ul2f
                0x080003b4                __floatundisf
                0x080003c4                __aeabi_l2f
                0x080003c4                __floatdisf
 .text          0x08000440      0x2a0 e:/gcc-arm-none-eabi-10.3-2021.10/bin/../lib/gcc/arm-none-eabi/10.3.1/thumb/v7-m/nofp\libgcc.a(_arm_muldivsf3.o)
                0x08000440                __mulsf3
                0x08000440                __aeabi_fmul
                0x080005a8                __aeabi_fdiv
                0x080005a8                __divsf3
 .text          0x080006e0       0xec e:/gcc-arm-none-eabi-10.3-2021.10/bin/../lib/gcc/arm-none-eabi/10.3.1/thumb/v7-m/nofp\libgcc.a(_arm_cmpsf2.o)
                0x080006e0                __gesf2
                0x080006e0                __gtsf2
                0x080006e8                __lesf2
                0x080006e8                __ltsf2
                0x080006f0                __nesf2
                0x080006f0                __eqsf2
                0x080006f0                __cmpsf2
                0x08000750                __aeabi_cfrcmple
                0x08000758                __aeabi_cfcmpeq
                0x08000758                __aeabi_cfcmple
                0x08000768                __aeabi_fcmpeq
                0x0800077c                __aeabi_fcmplt
                0x08000790                __aeabi_fcmple
                0x080007a4                __aeabi_fcmpge
                0x080007b8                __aeabi_fcmpgt
 .text          0x080007cc       0x4c e:/gcc-arm-none-eabi-10.3-2021.10/bin/../lib/gcc/arm-none-eabi/10.3.1/thumb/v7-m/nofp\libgcc.a(_arm_fixsfsi.o)
                0x080007cc                __aeabi_f2iz
                0x080007cc                __fixsfsi
 .text          0x08000818       0xa0 e:/gcc-arm-none-eabi-10.3-2021.10/bin/../lib/gcc/arm-none-eabi/10.3.1/thumb/v7-m/nofp\libgcc.a(_aeabi_ldivmod.o)
                0x08000818                __aeabi_ldivmod
 .text          0x080008b8      0x2d4 e:/gcc-arm-none-eabi-10.3-2021.10/bin/../lib/gcc/arm-none-eabi/10.3.1/thumb/v7-m/nofp\libgcc.a(_udivmoddi4.o)
                0x080008b8                __udivmoddi4
 .text          0x08000b8c        0x4 e:/gcc-arm-none-eabi-10.3-2021.10/bin/../lib/gcc/arm-none-eabi/10.3.1/thumb/v7-m/nofp\libgcc.a(_dvmd_tls.o)
                0x08000b8c                __aeabi_idiv0
                0x08000b8c                __aeabi_ldiv0
 .text          0x08000b90       0xec e:/gcc-arm-none-eabi-10.3-2021.10/bin/../lib/gcc/arm-none-eabi/10.3.1/../../../../arm-none-eabi/lib/thumb/v7-m/nofp\libg.a(lib_a-memcpy.o)
                0x08000b90                memcpy
 *(.text*)
 .text.Buzzer_Init
                0x08000c7c       0x10 CMakeFiles/DSB2.elf.dir/Core/Src/buzzer/buzzer.c.obj
                0x08000c7c                Buzzer_Init
 .text.Buzzer_Stop
                0x08000c8c       0x10 CMakeFiles/DSB2.elf.dir/Core/Src/buzzer/buzzer.c.obj
                0x08000c8c                Buzzer_Stop
 .text.Buzzer_PlayFreq
                0x08000c9c       0x44 CMakeFiles/DSB2.elf.dir/Core/Src/buzzer/buzzer.c.obj
                0x08000c9c                Buzzer_PlayFreq
 .text.Buzzer_PlayMelody
                0x08000ce0       0x48 CMakeFiles/DSB2.elf.dir/Core/Src/buzzer/buzzer.c.obj
                0x08000ce0                Buzzer_PlayMelody
 .text.MX_GPIO_Init
                0x08000d28       0xe8 CMakeFiles/DSB2.elf.dir/Core/Src/gpio.c.obj
                0x08000d28                MX_GPIO_Init
 .text.MX_I2C1_Init
                0x08000e10       0x3c CMakeFiles/DSB2.elf.dir/Core/Src/i2c.c.obj
                0x08000e10                MX_I2C1_Init
 .text.HAL_I2C_MspInit
                0x08000e4c       0x78 CMakeFiles/DSB2.elf.dir/Core/Src/i2c.c.obj
                0x08000e4c                HAL_I2C_MspInit
 .text.IMU_ParseFrame
                0x08000ec4      0x2c0 CMakeFiles/DSB2.elf.dir/Core/Src/imu_uart4/imu_uart4.c.obj
 .text.IMU_UART4_Init
                0x08001184       0x18 CMakeFiles/DSB2.elf.dir/Core/Src/imu_uart4/imu_uart4.c.obj
                0x08001184                IMU_UART4_Init
 .text.IMU_UART4_RxISR
                0x0800119c       0x50 CMakeFiles/DSB2.elf.dir/Core/Src/imu_uart4/imu_uart4.c.obj
                0x0800119c                IMU_UART4_RxISR
 .text.Key_Init
                0x080011ec       0x4c CMakeFiles/DSB2.elf.dir/Core/Src/key/key.c.obj
                0x080011ec                Key_Init
 .text.HAL_GPIO_EXTI_Callback
                0x08001238       0x50 CMakeFiles/DSB2.elf.dir/Core/Src/key/key.c.obj
                0x08001238                HAL_GPIO_EXTI_Callback
 .text.Line_nspection_data_synthesis
                0x08001288       0x5c CMakeFiles/DSB2.elf.dir/Core/Src/line_follow_pid/line_follow_pid.c.obj
 .text.Line_Follow_PID_Compute
                0x080012e4       0x80 CMakeFiles/DSB2.elf.dir/Core/Src/line_follow_pid/line_follow_pid.c.obj
 .text.Line_Follow_PID_Control
                0x08001364       0x20 CMakeFiles/DSB2.elf.dir/Core/Src/line_follow_pid/line_follow_pid.c.obj
                0x08001364                Line_Follow_PID_Control
 .text.LT_ParseDigitalFrame
                0x08001384       0x58 CMakeFiles/DSB2.elf.dir/Core/Src/linetracker_uart5/linetracker_uart5.c.obj
 .text.LT_UART5_Init
                0x080013dc       0x3c CMakeFiles/DSB2.elf.dir/Core/Src/linetracker_uart5/linetracker_uart5.c.obj
                0x080013dc                LT_UART5_Init
 .text.LT_UART5_RxISR
                0x08001418       0x5c CMakeFiles/DSB2.elf.dir/Core/Src/linetracker_uart5/linetracker_uart5.c.obj
                0x08001418                LT_UART5_RxISR
 .text.LT_Process
                0x08001474       0x20 CMakeFiles/DSB2.elf.dir/Core/Src/linetracker_uart5/linetracker_uart5.c.obj
                0x08001474                LT_Process
 .text.Error_Handler
                0x08001494        0x4 CMakeFiles/DSB2.elf.dir/Core/Src/main.c.obj
                0x08001494                Error_Handler
 .text.SystemClock_Config
                0x08001498       0x64 CMakeFiles/DSB2.elf.dir/Core/Src/main.c.obj
                0x08001498                SystemClock_Config
 .text.main     0x080014fc       0x7c CMakeFiles/DSB2.elf.dir/Core/Src/main.c.obj
                0x080014fc                main
 .text.MotorRx_Init
                0x08001578       0x48 CMakeFiles/DSB2.elf.dir/Core/Src/motor_rx/motor_rx.c.obj
                0x08001578                MotorRx_Init
 .text.MotorRx_RxISR
                0x080015c0       0x74 CMakeFiles/DSB2.elf.dir/Core/Src/motor_rx/motor_rx.c.obj
                0x080015c0                MotorRx_RxISR
 .text.MotorRx_Parse
                0x08001634       0xb0 CMakeFiles/DSB2.elf.dir/Core/Src/motor_rx/motor_rx.c.obj
                0x08001634                MotorRx_Parse
 .text.MoveWhileRotating
                0x080016e4       0xbc CMakeFiles/DSB2.elf.dir/Core/Src/move_while_rotating/move_while_rotating.c.obj
                0x080016e4                MoveWhileRotating
 .text.OLED_Send
                0x080017a0       0x20 CMakeFiles/DSB2.elf.dir/Core/Src/oled/oled.c.obj
                0x080017a0                OLED_Send
 .text.OLED_SendCmd
                0x080017c0       0x14 CMakeFiles/DSB2.elf.dir/Core/Src/oled/oled.c.obj
                0x080017c0                OLED_SendCmd
 .text.OLED_NewFrame
                0x080017d4       0x14 CMakeFiles/DSB2.elf.dir/Core/Src/oled/oled.c.obj
                0x080017d4                OLED_NewFrame
 .text.OLED_ShowFrame
                0x080017e8       0x4c CMakeFiles/DSB2.elf.dir/Core/Src/oled/oled.c.obj
                0x080017e8                OLED_ShowFrame
 .text.OLED_Init
                0x08001834       0xb4 CMakeFiles/DSB2.elf.dir/Core/Src/oled/oled.c.obj
                0x08001834                OLED_Init
 .text.process_Init
                0x080018e8       0x64 CMakeFiles/DSB2.elf.dir/Core/Src/process.c.obj
                0x080018e8                process_Init
 .text.servo_init
                0x0800194c       0x1c CMakeFiles/DSB2.elf.dir/Core/Src/servo_control/servo_control.c.obj
                0x0800194c                servo_init
 .text.HAL_MspInit
                0x08001968       0x44 CMakeFiles/DSB2.elf.dir/Core/Src/stm32f1xx_hal_msp.c.obj
                0x08001968                HAL_MspInit
 .text.NMI_Handler
                0x080019ac        0x2 CMakeFiles/DSB2.elf.dir/Core/Src/stm32f1xx_it.c.obj
                0x080019ac                NMI_Handler
 .text.HardFault_Handler
                0x080019ae        0x2 CMakeFiles/DSB2.elf.dir/Core/Src/stm32f1xx_it.c.obj
                0x080019ae                HardFault_Handler
 .text.MemManage_Handler
                0x080019b0        0x2 CMakeFiles/DSB2.elf.dir/Core/Src/stm32f1xx_it.c.obj
                0x080019b0                MemManage_Handler
 .text.BusFault_Handler
                0x080019b2        0x2 CMakeFiles/DSB2.elf.dir/Core/Src/stm32f1xx_it.c.obj
                0x080019b2                BusFault_Handler
 .text.UsageFault_Handler
                0x080019b4        0x2 CMakeFiles/DSB2.elf.dir/Core/Src/stm32f1xx_it.c.obj
                0x080019b4                UsageFault_Handler
 .text.SVC_Handler
                0x080019b6        0x2 CMakeFiles/DSB2.elf.dir/Core/Src/stm32f1xx_it.c.obj
                0x080019b6                SVC_Handler
 .text.DebugMon_Handler
                0x080019b8        0x2 CMakeFiles/DSB2.elf.dir/Core/Src/stm32f1xx_it.c.obj
                0x080019b8                DebugMon_Handler
 .text.PendSV_Handler
                0x080019ba        0x2 CMakeFiles/DSB2.elf.dir/Core/Src/stm32f1xx_it.c.obj
                0x080019ba                PendSV_Handler
 .text.SysTick_Handler
                0x080019bc       0x40 CMakeFiles/DSB2.elf.dir/Core/Src/stm32f1xx_it.c.obj
                0x080019bc                SysTick_Handler
 .text.EXTI4_IRQHandler
                0x080019fc        0xa CMakeFiles/DSB2.elf.dir/Core/Src/stm32f1xx_it.c.obj
                0x080019fc                EXTI4_IRQHandler
 .text.EXTI9_5_IRQHandler
                0x08001a06       0x16 CMakeFiles/DSB2.elf.dir/Core/Src/stm32f1xx_it.c.obj
                0x08001a06                EXTI9_5_IRQHandler
 .text.USART2_IRQHandler
                0x08001a1c       0x10 CMakeFiles/DSB2.elf.dir/Core/Src/stm32f1xx_it.c.obj
                0x08001a1c                USART2_IRQHandler
 .text.USART3_IRQHandler
                0x08001a2c       0x10 CMakeFiles/DSB2.elf.dir/Core/Src/stm32f1xx_it.c.obj
                0x08001a2c                USART3_IRQHandler
 .text.TIM5_IRQHandler
                0x08001a3c       0x14 CMakeFiles/DSB2.elf.dir/Core/Src/stm32f1xx_it.c.obj
                0x08001a3c                TIM5_IRQHandler
 .text.UART4_IRQHandler
                0x08001a50       0x10 CMakeFiles/DSB2.elf.dir/Core/Src/stm32f1xx_it.c.obj
                0x08001a50                UART4_IRQHandler
 .text.UART5_IRQHandler
                0x08001a60       0x10 CMakeFiles/DSB2.elf.dir/Core/Src/stm32f1xx_it.c.obj
                0x08001a60                UART5_IRQHandler
 .text.TIM6_IRQHandler
                0x08001a70       0x14 CMakeFiles/DSB2.elf.dir/Core/Src/stm32f1xx_it.c.obj
                0x08001a70                TIM6_IRQHandler
 .text.TIM7_IRQHandler
                0x08001a84       0x34 CMakeFiles/DSB2.elf.dir/Core/Src/stm32f1xx_it.c.obj
                0x08001a84                TIM7_IRQHandler
 .text.HAL_UART_TxCpltCallback
                0x08001ab8        0x8 CMakeFiles/DSB2.elf.dir/Core/Src/stm32f1xx_it.c.obj
                0x08001ab8                HAL_UART_TxCpltCallback
 .text.HAL_UART_RxCpltCallback
                0x08001ac0       0x48 CMakeFiles/DSB2.elf.dir/Core/Src/stm32f1xx_it.c.obj
                0x08001ac0                HAL_UART_RxCpltCallback
 .text.SystemInit
                0x08001b08        0x2 CMakeFiles/DSB2.elf.dir/Core/Src/system_stm32f1xx.c.obj
                0x08001b08                SystemInit
 *fill*         0x08001b0a        0x2 
 .text.MX_TIM5_Init
                0x08001b0c       0x70 CMakeFiles/DSB2.elf.dir/Core/Src/tim.c.obj
                0x08001b0c                MX_TIM5_Init
 .text.MX_TIM6_Init
                0x08001b7c       0x50 CMakeFiles/DSB2.elf.dir/Core/Src/tim.c.obj
                0x08001b7c                MX_TIM6_Init
 .text.MX_TIM7_Init
                0x08001bcc       0x50 CMakeFiles/DSB2.elf.dir/Core/Src/tim.c.obj
                0x08001bcc                MX_TIM7_Init
 .text.HAL_TIM_PWM_MspInit
                0x08001c1c       0xa8 CMakeFiles/DSB2.elf.dir/Core/Src/tim.c.obj
                0x08001c1c                HAL_TIM_PWM_MspInit
 .text.HAL_TIM_Base_MspInit
                0x08001cc4       0xa0 CMakeFiles/DSB2.elf.dir/Core/Src/tim.c.obj
                0x08001cc4                HAL_TIM_Base_MspInit
 .text.HAL_TIM_MspPostInit
                0x08001d64      0x138 CMakeFiles/DSB2.elf.dir/Core/Src/tim.c.obj
                0x08001d64                HAL_TIM_MspPostInit
 .text.MX_TIM1_Init
                0x08001e9c       0xc8 CMakeFiles/DSB2.elf.dir/Core/Src/tim.c.obj
                0x08001e9c                MX_TIM1_Init
 .text.MX_TIM2_Init
                0x08001f64       0x84 CMakeFiles/DSB2.elf.dir/Core/Src/tim.c.obj
                0x08001f64                MX_TIM2_Init
 .text.MX_TIM3_Init
                0x08001fe8       0xb8 CMakeFiles/DSB2.elf.dir/Core/Src/tim.c.obj
                0x08001fe8                MX_TIM3_Init
 .text.MX_TIM4_Init
                0x080020a0       0xa0 CMakeFiles/DSB2.elf.dir/Core/Src/tim.c.obj
                0x080020a0                MX_TIM4_Init
 .text.MX_TIM8_Init
                0x08002140       0xd0 CMakeFiles/DSB2.elf.dir/Core/Src/tim.c.obj
                0x08002140                MX_TIM8_Init
 .text.MotorFrame_UART2_TxInit
                0x08002210        0xc CMakeFiles/DSB2.elf.dir/Core/Src/uart2_motor_frame_tx/uart2_motor_frame_tx.c.obj
                0x08002210                MotorFrame_UART2_TxInit
 .text.MotorFrame_SetSpeedAndCtrl
                0x0800221c       0x44 CMakeFiles/DSB2.elf.dir/Core/Src/uart2_motor_frame_tx/uart2_motor_frame_tx.c.obj
                0x0800221c                MotorFrame_SetSpeedAndCtrl
 .text.MotorFrame_UART2_SendIT
                0x08002260       0x2c CMakeFiles/DSB2.elf.dir/Core/Src/uart2_motor_frame_tx/uart2_motor_frame_tx.c.obj
                0x08002260                MotorFrame_UART2_SendIT
 .text.MotorFrame_SetAngleVelocity
                0x0800228c       0x1c CMakeFiles/DSB2.elf.dir/Core/Src/uart2_motor_frame_tx/uart2_motor_frame_tx.c.obj
                0x0800228c                MotorFrame_SetAngleVelocity
 .text.MotorFrame_UART2_TxCallback
                0x080022a8       0x18 CMakeFiles/DSB2.elf.dir/Core/Src/uart2_motor_frame_tx/uart2_motor_frame_tx.c.obj
                0x080022a8                MotorFrame_UART2_TxCallback
 .text.MotorFrame_CheckAndSend
                0x080022c0       0x34 CMakeFiles/DSB2.elf.dir/Core/Src/uart2_motor_frame_tx/uart2_motor_frame_tx.c.obj
                0x080022c0                MotorFrame_CheckAndSend
 .text.MX_UART4_Init
                0x080022f4       0x34 CMakeFiles/DSB2.elf.dir/Core/Src/usart.c.obj
                0x080022f4                MX_UART4_Init
 .text.MX_UART5_Init
                0x08002328       0x34 CMakeFiles/DSB2.elf.dir/Core/Src/usart.c.obj
                0x08002328                MX_UART5_Init
 .text.MX_USART1_UART_Init
                0x0800235c       0x34 CMakeFiles/DSB2.elf.dir/Core/Src/usart.c.obj
                0x0800235c                MX_USART1_UART_Init
 .text.MX_USART2_UART_Init
                0x08002390       0x34 CMakeFiles/DSB2.elf.dir/Core/Src/usart.c.obj
                0x08002390                MX_USART2_UART_Init
 .text.MX_USART3_UART_Init
                0x080023c4       0x34 CMakeFiles/DSB2.elf.dir/Core/Src/usart.c.obj
                0x080023c4                MX_USART3_UART_Init
 .text.HAL_UART_MspInit
                0x080023f8      0x24c CMakeFiles/DSB2.elf.dir/Core/Src/usart.c.obj
                0x080023f8                HAL_UART_MspInit
 .text.vision_uart_init
                0x08002644       0x18 CMakeFiles/DSB2.elf.dir/Core/Src/vision_parser/vision_parser.c.obj
                0x08002644                vision_uart_init
 .text.vision_frame_parse
                0x0800265c       0x78 CMakeFiles/DSB2.elf.dir/Core/Src/vision_parser/vision_parser.c.obj
                0x0800265c                vision_frame_parse
 .text.Vision_RxISR
                0x080026d4       0x7c CMakeFiles/DSB2.elf.dir/Core/Src/vision_parser/vision_parser.c.obj
                0x080026d4                Vision_RxISR
 .text.Wind_Init
                0x08002750       0x64 CMakeFiles/DSB2.elf.dir/Core/Src/wind/wind.c.obj
                0x08002750                Wind_Init
 .text.Wind_SetDirection
                0x080027b4       0x48 CMakeFiles/DSB2.elf.dir/Core/Src/wind/wind.c.obj
                0x080027b4                Wind_SetDirection
 .text.Wind_SetSpeed
                0x080027fc       0x18 CMakeFiles/DSB2.elf.dir/Core/Src/wind/wind.c.obj
                0x080027fc                Wind_SetSpeed
 .text.Vehicle_movement
                0x08002814       0x20 CMakeFiles/DSB2.elf.dir/Core/Src/yaw_pid_control/yaw_pid_control.c.obj
                0x08002814                Vehicle_movement
 .text.yaw_pid_control_callback
                0x08002834      0x13c CMakeFiles/DSB2.elf.dir/Core/Src/yaw_pid_control/yaw_pid_control.c.obj
                0x08002834                yaw_pid_control_callback
 .text.Speed_Control
                0x08002970       0x2a CMakeFiles/DSB2.elf.dir/Core/Src/yaw_pid_control/yaw_pid_control.c.obj
                0x08002970                Speed_Control
 *fill*         0x0800299a        0x2 
 .text.shortest_diff
                0x0800299c       0x24 CMakeFiles/DSB2.elf.dir/Core/Src/yaw_pid_control/yaw_ramp.c.obj
 .text.ease_in_out_quad
                0x080029c0       0x4c CMakeFiles/DSB2.elf.dir/Core/Src/yaw_pid_control/yaw_ramp.c.obj
 .text.yaw_ramp_set_goal
                0x08002a0c       0x68 CMakeFiles/DSB2.elf.dir/Core/Src/yaw_pid_control/yaw_ramp.c.obj
                0x08002a0c                yaw_ramp_set_goal
 .text.yaw_ramp_update
                0x08002a74       0x90 CMakeFiles/DSB2.elf.dir/Core/Src/yaw_pid_control/yaw_ramp.c.obj
                0x08002a74                yaw_ramp_update
 .text.Reset_Handler
                0x08002b04       0x48 CMakeFiles/DSB2.elf.dir/Core/Startup/startup_stm32f103rctx.s.obj
                0x08002b04                Reset_Handler
 .text.Default_Handler
                0x08002b4c        0x2 CMakeFiles/DSB2.elf.dir/Core/Startup/startup_stm32f103rctx.s.obj
                0x08002b4c                RTC_Alarm_IRQHandler
                0x08002b4c                EXTI2_IRQHandler
                0x08002b4c                TIM8_TRG_COM_IRQHandler
                0x08002b4c                TIM8_CC_IRQHandler
                0x08002b4c                TIM1_CC_IRQHandler
                0x08002b4c                PVD_IRQHandler
                0x08002b4c                SDIO_IRQHandler
                0x08002b4c                EXTI3_IRQHandler
                0x08002b4c                EXTI0_IRQHandler
                0x08002b4c                I2C2_EV_IRQHandler
                0x08002b4c                ADC1_2_IRQHandler
                0x08002b4c                SPI1_IRQHandler
                0x08002b4c                TAMPER_IRQHandler
                0x08002b4c                TIM8_UP_IRQHandler
                0x08002b4c                DMA2_Channel2_IRQHandler
                0x08002b4c                DMA1_Channel4_IRQHandler
                0x08002b4c                RTC_IRQHandler
                0x08002b4c                DMA1_Channel7_IRQHandler
                0x08002b4c                CAN1_RX1_IRQHandler
                0x08002b4c                ADC3_IRQHandler
                0x08002b4c                TIM4_IRQHandler
                0x08002b4c                DMA2_Channel1_IRQHandler
                0x08002b4c                I2C1_EV_IRQHandler
                0x08002b4c                DMA1_Channel6_IRQHandler
                0x08002b4c                TIM3_IRQHandler
                0x08002b4c                RCC_IRQHandler
                0x08002b4c                TIM1_TRG_COM_IRQHandler
                0x08002b4c                DMA1_Channel1_IRQHandler
                0x08002b4c                Default_Handler
                0x08002b4c                EXTI15_10_IRQHandler
                0x08002b4c                SPI2_IRQHandler
                0x08002b4c                DMA1_Channel5_IRQHandler
                0x08002b4c                USB_LP_CAN1_RX0_IRQHandler
                0x08002b4c                USB_HP_CAN1_TX_IRQHandler
                0x08002b4c                DMA1_Channel3_IRQHandler
                0x08002b4c                FSMC_IRQHandler
                0x08002b4c                TIM1_UP_IRQHandler
                0x08002b4c                WWDG_IRQHandler
                0x08002b4c                TIM2_IRQHandler
                0x08002b4c                TIM1_BRK_IRQHandler
                0x08002b4c                EXTI1_IRQHandler
                0x08002b4c                DMA2_Channel4_5_IRQHandler
                0x08002b4c                I2C2_ER_IRQHandler
                0x08002b4c                DMA1_Channel2_IRQHandler
                0x08002b4c                TIM8_BRK_IRQHandler
                0x08002b4c                CAN1_SCE_IRQHandler
                0x08002b4c                FLASH_IRQHandler
                0x08002b4c                USART1_IRQHandler
                0x08002b4c                SPI3_IRQHandler
                0x08002b4c                I2C1_ER_IRQHandler
                0x08002b4c                USBWakeUp_IRQHandler
                0x08002b4c                DMA2_Channel3_IRQHandler
 *fill*         0x08002b4e        0x2 
 .text.HAL_InitTick
                0x08002b50       0x4c CMakeFiles/DSB2.elf.dir/Drivers/STM32F1xx_HAL_Driver/Src/stm32f1xx_hal.c.obj
                0x08002b50                HAL_InitTick
 .text.HAL_Init
                0x08002b9c       0x24 CMakeFiles/DSB2.elf.dir/Drivers/STM32F1xx_HAL_Driver/Src/stm32f1xx_hal.c.obj
                0x08002b9c                HAL_Init
 .text.HAL_IncTick
                0x08002bc0       0x18 CMakeFiles/DSB2.elf.dir/Drivers/STM32F1xx_HAL_Driver/Src/stm32f1xx_hal.c.obj
                0x08002bc0                HAL_IncTick
 .text.HAL_GetTick
                0x08002bd8        0xc CMakeFiles/DSB2.elf.dir/Drivers/STM32F1xx_HAL_Driver/Src/stm32f1xx_hal.c.obj
                0x08002bd8                HAL_GetTick
 .text.HAL_Delay
                0x08002be4       0x28 CMakeFiles/DSB2.elf.dir/Drivers/STM32F1xx_HAL_Driver/Src/stm32f1xx_hal.c.obj
                0x08002be4                HAL_Delay
 .text.HAL_NVIC_SetPriorityGrouping
                0x08002c0c       0x24 CMakeFiles/DSB2.elf.dir/Drivers/STM32F1xx_HAL_Driver/Src/stm32f1xx_hal_cortex.c.obj
                0x08002c0c                HAL_NVIC_SetPriorityGrouping
 .text.HAL_NVIC_SetPriority
                0x08002c30       0x70 CMakeFiles/DSB2.elf.dir/Drivers/STM32F1xx_HAL_Driver/Src/stm32f1xx_hal_cortex.c.obj
                0x08002c30                HAL_NVIC_SetPriority
 .text.HAL_NVIC_EnableIRQ
                0x08002ca0       0x1c CMakeFiles/DSB2.elf.dir/Drivers/STM32F1xx_HAL_Driver/Src/stm32f1xx_hal_cortex.c.obj
                0x08002ca0                HAL_NVIC_EnableIRQ
 .text.HAL_SYSTICK_Config
                0x08002cbc       0x28 CMakeFiles/DSB2.elf.dir/Drivers/STM32F1xx_HAL_Driver/Src/stm32f1xx_hal_cortex.c.obj
                0x08002cbc                HAL_SYSTICK_Config
 .text.HAL_DMA_Abort
                0x08002ce4       0x46 CMakeFiles/DSB2.elf.dir/Drivers/STM32F1xx_HAL_Driver/Src/stm32f1xx_hal_dma.c.obj
                0x08002ce4                HAL_DMA_Abort
 *fill*         0x08002d2a        0x2 
 .text.HAL_DMA_Abort_IT
                0x08002d2c      0x16c CMakeFiles/DSB2.elf.dir/Drivers/STM32F1xx_HAL_Driver/Src/stm32f1xx_hal_dma.c.obj
                0x08002d2c                HAL_DMA_Abort_IT
 .text.HAL_GPIO_Init
                0x08002e98      0x240 CMakeFiles/DSB2.elf.dir/Drivers/STM32F1xx_HAL_Driver/Src/stm32f1xx_hal_gpio.c.obj
                0x08002e98                HAL_GPIO_Init
 .text.HAL_GPIO_WritePin
                0x080030d8        0xc CMakeFiles/DSB2.elf.dir/Drivers/STM32F1xx_HAL_Driver/Src/stm32f1xx_hal_gpio.c.obj
                0x080030d8                HAL_GPIO_WritePin
 .text.HAL_GPIO_EXTI_IRQHandler
                0x080030e4       0x1c CMakeFiles/DSB2.elf.dir/Drivers/STM32F1xx_HAL_Driver/Src/stm32f1xx_hal_gpio.c.obj
                0x080030e4                HAL_GPIO_EXTI_IRQHandler
 .text.I2C_IsAcknowledgeFailed
                0x08003100       0x32 CMakeFiles/DSB2.elf.dir/Drivers/STM32F1xx_HAL_Driver/Src/stm32f1xx_hal_i2c.c.obj
 .text.I2C_WaitOnFlagUntilTimeout
                0x08003132       0xaa CMakeFiles/DSB2.elf.dir/Drivers/STM32F1xx_HAL_Driver/Src/stm32f1xx_hal_i2c.c.obj
 .text.I2C_WaitOnMasterAddressFlagUntilTimeout
                0x080031dc       0xd6 CMakeFiles/DSB2.elf.dir/Drivers/STM32F1xx_HAL_Driver/Src/stm32f1xx_hal_i2c.c.obj
 *fill*         0x080032b2        0x2 
 .text.I2C_MasterRequestWrite
                0x080032b4       0xb4 CMakeFiles/DSB2.elf.dir/Drivers/STM32F1xx_HAL_Driver/Src/stm32f1xx_hal_i2c.c.obj
 .text.I2C_WaitOnTXEFlagUntilTimeout
                0x08003368       0x5e CMakeFiles/DSB2.elf.dir/Drivers/STM32F1xx_HAL_Driver/Src/stm32f1xx_hal_i2c.c.obj
 .text.I2C_WaitOnBTFFlagUntilTimeout
                0x080033c6       0x5e CMakeFiles/DSB2.elf.dir/Drivers/STM32F1xx_HAL_Driver/Src/stm32f1xx_hal_i2c.c.obj
 .text.HAL_I2C_Init
                0x08003424      0x1bc CMakeFiles/DSB2.elf.dir/Drivers/STM32F1xx_HAL_Driver/Src/stm32f1xx_hal_i2c.c.obj
                0x08003424                HAL_I2C_Init
 .text.HAL_I2C_Master_Transmit
                0x080035e0      0x178 CMakeFiles/DSB2.elf.dir/Drivers/STM32F1xx_HAL_Driver/Src/stm32f1xx_hal_i2c.c.obj
                0x080035e0                HAL_I2C_Master_Transmit
 .text.RCC_Delay
                0x08003758       0x2c CMakeFiles/DSB2.elf.dir/Drivers/STM32F1xx_HAL_Driver/Src/stm32f1xx_hal_rcc.c.obj
 .text.HAL_RCC_OscConfig
                0x08003784      0x410 CMakeFiles/DSB2.elf.dir/Drivers/STM32F1xx_HAL_Driver/Src/stm32f1xx_hal_rcc.c.obj
                0x08003784                HAL_RCC_OscConfig
 .text.HAL_RCC_GetSysClockFreq
                0x08003b94       0x54 CMakeFiles/DSB2.elf.dir/Drivers/STM32F1xx_HAL_Driver/Src/stm32f1xx_hal_rcc.c.obj
                0x08003b94                HAL_RCC_GetSysClockFreq
 .text.HAL_RCC_ClockConfig
                0x08003be8      0x16c CMakeFiles/DSB2.elf.dir/Drivers/STM32F1xx_HAL_Driver/Src/stm32f1xx_hal_rcc.c.obj
                0x08003be8                HAL_RCC_ClockConfig
 .text.HAL_RCC_GetHCLKFreq
                0x08003d54        0xc CMakeFiles/DSB2.elf.dir/Drivers/STM32F1xx_HAL_Driver/Src/stm32f1xx_hal_rcc.c.obj
                0x08003d54                HAL_RCC_GetHCLKFreq
 .text.HAL_RCC_GetPCLK1Freq
                0x08003d60       0x20 CMakeFiles/DSB2.elf.dir/Drivers/STM32F1xx_HAL_Driver/Src/stm32f1xx_hal_rcc.c.obj
                0x08003d60                HAL_RCC_GetPCLK1Freq
 .text.HAL_RCC_GetPCLK2Freq
                0x08003d80       0x20 CMakeFiles/DSB2.elf.dir/Drivers/STM32F1xx_HAL_Driver/Src/stm32f1xx_hal_rcc.c.obj
                0x08003d80                HAL_RCC_GetPCLK2Freq
 .text.TIM_OC1_SetConfig
                0x08003da0       0x68 CMakeFiles/DSB2.elf.dir/Drivers/STM32F1xx_HAL_Driver/Src/stm32f1xx_hal_tim.c.obj
 .text.TIM_OC3_SetConfig
                0x08003e08       0x70 CMakeFiles/DSB2.elf.dir/Drivers/STM32F1xx_HAL_Driver/Src/stm32f1xx_hal_tim.c.obj
 .text.TIM_OC4_SetConfig
                0x08003e78       0x50 CMakeFiles/DSB2.elf.dir/Drivers/STM32F1xx_HAL_Driver/Src/stm32f1xx_hal_tim.c.obj
 .text.TIM_TI1_ConfigInputStage
                0x08003ec8       0x24 CMakeFiles/DSB2.elf.dir/Drivers/STM32F1xx_HAL_Driver/Src/stm32f1xx_hal_tim.c.obj
 .text.TIM_TI2_ConfigInputStage
                0x08003eec       0x26 CMakeFiles/DSB2.elf.dir/Drivers/STM32F1xx_HAL_Driver/Src/stm32f1xx_hal_tim.c.obj
 .text.TIM_ITRx_SetConfig
                0x08003f12       0x10 CMakeFiles/DSB2.elf.dir/Drivers/STM32F1xx_HAL_Driver/Src/stm32f1xx_hal_tim.c.obj
 *fill*         0x08003f22        0x2 
 .text.HAL_TIM_Base_Start_IT
                0x08003f24       0x78 CMakeFiles/DSB2.elf.dir/Drivers/STM32F1xx_HAL_Driver/Src/stm32f1xx_hal_tim.c.obj
                0x08003f24                HAL_TIM_Base_Start_IT
 .text.HAL_TIM_PeriodElapsedCallback
                0x08003f9c        0x2 CMakeFiles/DSB2.elf.dir/Drivers/STM32F1xx_HAL_Driver/Src/stm32f1xx_hal_tim.c.obj
                0x08003f9c                HAL_TIM_PeriodElapsedCallback
 .text.HAL_TIM_OC_DelayElapsedCallback
                0x08003f9e        0x2 CMakeFiles/DSB2.elf.dir/Drivers/STM32F1xx_HAL_Driver/Src/stm32f1xx_hal_tim.c.obj
                0x08003f9e                HAL_TIM_OC_DelayElapsedCallback
 .text.HAL_TIM_IC_CaptureCallback
                0x08003fa0        0x2 CMakeFiles/DSB2.elf.dir/Drivers/STM32F1xx_HAL_Driver/Src/stm32f1xx_hal_tim.c.obj
                0x08003fa0                HAL_TIM_IC_CaptureCallback
 .text.HAL_TIM_PWM_PulseFinishedCallback
                0x08003fa2        0x2 CMakeFiles/DSB2.elf.dir/Drivers/STM32F1xx_HAL_Driver/Src/stm32f1xx_hal_tim.c.obj
                0x08003fa2                HAL_TIM_PWM_PulseFinishedCallback
 .text.HAL_TIM_TriggerCallback
                0x08003fa4        0x2 CMakeFiles/DSB2.elf.dir/Drivers/STM32F1xx_HAL_Driver/Src/stm32f1xx_hal_tim.c.obj
                0x08003fa4                HAL_TIM_TriggerCallback
 .text.HAL_TIM_IRQHandler
                0x08003fa6      0x15e CMakeFiles/DSB2.elf.dir/Drivers/STM32F1xx_HAL_Driver/Src/stm32f1xx_hal_tim.c.obj
                0x08003fa6                HAL_TIM_IRQHandler
 .text.TIM_Base_SetConfig
                0x08004104       0xa8 CMakeFiles/DSB2.elf.dir/Drivers/STM32F1xx_HAL_Driver/Src/stm32f1xx_hal_tim.c.obj
                0x08004104                TIM_Base_SetConfig
 .text.HAL_TIM_Base_Init
                0x080041ac       0x58 CMakeFiles/DSB2.elf.dir/Drivers/STM32F1xx_HAL_Driver/Src/stm32f1xx_hal_tim.c.obj
                0x080041ac                HAL_TIM_Base_Init
 .text.HAL_TIM_PWM_Init
                0x08004204       0x58 CMakeFiles/DSB2.elf.dir/Drivers/STM32F1xx_HAL_Driver/Src/stm32f1xx_hal_tim.c.obj
                0x08004204                HAL_TIM_PWM_Init
 .text.TIM_OC2_SetConfig
                0x0800425c       0x70 CMakeFiles/DSB2.elf.dir/Drivers/STM32F1xx_HAL_Driver/Src/stm32f1xx_hal_tim.c.obj
                0x0800425c                TIM_OC2_SetConfig
 .text.HAL_TIM_PWM_ConfigChannel
                0x080042cc       0xdc CMakeFiles/DSB2.elf.dir/Drivers/STM32F1xx_HAL_Driver/Src/stm32f1xx_hal_tim.c.obj
                0x080042cc                HAL_TIM_PWM_ConfigChannel
 .text.TIM_ETR_SetConfig
                0x080043a8       0x18 CMakeFiles/DSB2.elf.dir/Drivers/STM32F1xx_HAL_Driver/Src/stm32f1xx_hal_tim.c.obj
                0x080043a8                TIM_ETR_SetConfig
 .text.HAL_TIM_ConfigClockSource
                0x080043c0       0xfe CMakeFiles/DSB2.elf.dir/Drivers/STM32F1xx_HAL_Driver/Src/stm32f1xx_hal_tim.c.obj
                0x080043c0                HAL_TIM_ConfigClockSource
 .text.TIM_CCxChannelCmd
                0x080044be       0x1e CMakeFiles/DSB2.elf.dir/Drivers/STM32F1xx_HAL_Driver/Src/stm32f1xx_hal_tim.c.obj
                0x080044be                TIM_CCxChannelCmd
 .text.HAL_TIM_PWM_Start
                0x080044dc       0xf4 CMakeFiles/DSB2.elf.dir/Drivers/STM32F1xx_HAL_Driver/Src/stm32f1xx_hal_tim.c.obj
                0x080044dc                HAL_TIM_PWM_Start
 .text.HAL_TIM_PWM_Stop
                0x080045d0       0x8c CMakeFiles/DSB2.elf.dir/Drivers/STM32F1xx_HAL_Driver/Src/stm32f1xx_hal_tim.c.obj
                0x080045d0                HAL_TIM_PWM_Stop
 .text.HAL_TIMEx_MasterConfigSynchronization
                0x0800465c       0x7c CMakeFiles/DSB2.elf.dir/Drivers/STM32F1xx_HAL_Driver/Src/stm32f1xx_hal_tim_ex.c.obj
                0x0800465c                HAL_TIMEx_MasterConfigSynchronization
 .text.HAL_TIMEx_ConfigBreakDeadTime
                0x080046d8       0x52 CMakeFiles/DSB2.elf.dir/Drivers/STM32F1xx_HAL_Driver/Src/stm32f1xx_hal_tim_ex.c.obj
                0x080046d8                HAL_TIMEx_ConfigBreakDeadTime
 .text.HAL_TIMEx_CommutCallback
                0x0800472a        0x2 CMakeFiles/DSB2.elf.dir/Drivers/STM32F1xx_HAL_Driver/Src/stm32f1xx_hal_tim_ex.c.obj
                0x0800472a                HAL_TIMEx_CommutCallback
 .text.HAL_TIMEx_BreakCallback
                0x0800472c        0x2 CMakeFiles/DSB2.elf.dir/Drivers/STM32F1xx_HAL_Driver/Src/stm32f1xx_hal_tim_ex.c.obj
                0x0800472c                HAL_TIMEx_BreakCallback
 .text.UART_EndRxTransfer
                0x0800472e       0x5c CMakeFiles/DSB2.elf.dir/Drivers/STM32F1xx_HAL_Driver/Src/stm32f1xx_hal_uart.c.obj
 .text.UART_Transmit_IT
                0x0800478a       0x60 CMakeFiles/DSB2.elf.dir/Drivers/STM32F1xx_HAL_Driver/Src/stm32f1xx_hal_uart.c.obj
 *fill*         0x080047ea        0x2 
 .text.UART_SetConfig
                0x080047ec       0x94 CMakeFiles/DSB2.elf.dir/Drivers/STM32F1xx_HAL_Driver/Src/stm32f1xx_hal_uart.c.obj
 .text.UART_WaitOnFlagUntilTimeout
                0x08004880       0x8a CMakeFiles/DSB2.elf.dir/Drivers/STM32F1xx_HAL_Driver/Src/stm32f1xx_hal_uart.c.obj
 .text.HAL_UART_Init
                0x0800490a       0x60 CMakeFiles/DSB2.elf.dir/Drivers/STM32F1xx_HAL_Driver/Src/stm32f1xx_hal_uart.c.obj
                0x0800490a                HAL_UART_Init
 .text.HAL_UART_Transmit
                0x0800496a       0xcc CMakeFiles/DSB2.elf.dir/Drivers/STM32F1xx_HAL_Driver/Src/stm32f1xx_hal_uart.c.obj
                0x0800496a                HAL_UART_Transmit
 .text.HAL_UART_Transmit_IT
                0x08004a36       0x38 CMakeFiles/DSB2.elf.dir/Drivers/STM32F1xx_HAL_Driver/Src/stm32f1xx_hal_uart.c.obj
                0x08004a36                HAL_UART_Transmit_IT
 .text.UART_EndTransmit_IT
                0x08004a6e       0x1a CMakeFiles/DSB2.elf.dir/Drivers/STM32F1xx_HAL_Driver/Src/stm32f1xx_hal_uart.c.obj
 .text.HAL_UART_ErrorCallback
                0x08004a88        0x2 CMakeFiles/DSB2.elf.dir/Drivers/STM32F1xx_HAL_Driver/Src/stm32f1xx_hal_uart.c.obj
                0x08004a88                HAL_UART_ErrorCallback
 .text.UART_DMAAbortOnError
                0x08004a8a       0x10 CMakeFiles/DSB2.elf.dir/Drivers/STM32F1xx_HAL_Driver/Src/stm32f1xx_hal_uart.c.obj
 .text.HAL_UARTEx_RxEventCallback
                0x08004a9a        0x2 CMakeFiles/DSB2.elf.dir/Drivers/STM32F1xx_HAL_Driver/Src/stm32f1xx_hal_uart.c.obj
                0x08004a9a                HAL_UARTEx_RxEventCallback
 .text.UART_Receive_IT
                0x08004a9c       0xe6 CMakeFiles/DSB2.elf.dir/Drivers/STM32F1xx_HAL_Driver/Src/stm32f1xx_hal_uart.c.obj
 *fill*         0x08004b82        0x2 
 .text.HAL_UART_IRQHandler
                0x08004b84      0x288 CMakeFiles/DSB2.elf.dir/Drivers/STM32F1xx_HAL_Driver/Src/stm32f1xx_hal_uart.c.obj
                0x08004b84                HAL_UART_IRQHandler
 .text.UART_Start_Receive_IT
                0x08004e0c       0x36 CMakeFiles/DSB2.elf.dir/Drivers/STM32F1xx_HAL_Driver/Src/stm32f1xx_hal_uart.c.obj
                0x08004e0c                UART_Start_Receive_IT
 .text.HAL_UART_Receive_IT
                0x08004e42       0x26 CMakeFiles/DSB2.elf.dir/Drivers/STM32F1xx_HAL_Driver/Src/stm32f1xx_hal_uart.c.obj
                0x08004e42                HAL_UART_Receive_IT
 .text.atoi     0x08004e68        0x8 e:/gcc-arm-none-eabi-10.3-2021.10/bin/../lib/gcc/arm-none-eabi/10.3.1/../../../../arm-none-eabi/lib/thumb/v7-m/nofp\libg.a(lib_a-atoi.o)
                0x08004e68                atoi
 .text.__errno  0x08004e70        0xc e:/gcc-arm-none-eabi-10.3-2021.10/bin/../lib/gcc/arm-none-eabi/10.3.1/../../../../arm-none-eabi/lib/thumb/v7-m/nofp\libg.a(lib_a-errno.o)
                0x08004e70                __errno
 .text.__libc_init_array
                0x08004e7c       0x48 e:/gcc-arm-none-eabi-10.3-2021.10/bin/../lib/gcc/arm-none-eabi/10.3.1/../../../../arm-none-eabi/lib/thumb/v7-m/nofp\libg.a(lib_a-init.o)
                0x08004e7c                __libc_init_array
 .text.memset   0x08004ec4       0xa4 e:/gcc-arm-none-eabi-10.3-2021.10/bin/../lib/gcc/arm-none-eabi/10.3.1/../../../../arm-none-eabi/lib/thumb/v7-m/nofp\libg.a(lib_a-memset.o)
                0x08004ec4                memset
 .text.strchr   0x08004f68       0xcc e:/gcc-arm-none-eabi-10.3-2021.10/bin/../lib/gcc/arm-none-eabi/10.3.1/../../../../arm-none-eabi/lib/thumb/v7-m/nofp\libg.a(lib_a-strchr.o)
                0x08004f68                strchr
 .text._strtol_l.part.0
                0x08005034      0x120 e:/gcc-arm-none-eabi-10.3-2021.10/bin/../lib/gcc/arm-none-eabi/10.3.1/../../../../arm-none-eabi/lib/thumb/v7-m/nofp\libg.a(lib_a-strtol.o)
 .text.strtol   0x08005154       0x2c e:/gcc-arm-none-eabi-10.3-2021.10/bin/../lib/gcc/arm-none-eabi/10.3.1/../../../../arm-none-eabi/lib/thumb/v7-m/nofp\libg.a(lib_a-strtol.o)
                0x08005154                strtol
 .text.startup.register_fini
                0x08005180       0x14 e:/gcc-arm-none-eabi-10.3-2021.10/bin/../lib/gcc/arm-none-eabi/10.3.1/../../../../arm-none-eabi/lib/thumb/v7-m/nofp\libg.a(lib_a-__call_atexit.o)
 .text.atexit   0x08005194        0xc e:/gcc-arm-none-eabi-10.3-2021.10/bin/../lib/gcc/arm-none-eabi/10.3.1/../../../../arm-none-eabi/lib/thumb/v7-m/nofp\libg.a(lib_a-atexit.o)
                0x08005194                atexit
 .text.__libc_fini_array
                0x080051a0       0x2c e:/gcc-arm-none-eabi-10.3-2021.10/bin/../lib/gcc/arm-none-eabi/10.3.1/../../../../arm-none-eabi/lib/thumb/v7-m/nofp\libg.a(lib_a-fini.o)
                0x080051a0                __libc_fini_array
 .text.__retarget_lock_acquire_recursive
                0x080051cc        0x4 e:/gcc-arm-none-eabi-10.3-2021.10/bin/../lib/gcc/arm-none-eabi/10.3.1/../../../../arm-none-eabi/lib/thumb/v7-m/nofp\libg.a(lib_a-lock.o)
                0x080051cc                __retarget_lock_acquire_recursive
 .text.__retarget_lock_release_recursive
                0x080051d0        0x4 e:/gcc-arm-none-eabi-10.3-2021.10/bin/../lib/gcc/arm-none-eabi/10.3.1/../../../../arm-none-eabi/lib/thumb/v7-m/nofp\libg.a(lib_a-lock.o)
                0x080051d0                __retarget_lock_release_recursive
 .text.__register_exitproc
                0x080051d4       0x8c e:/gcc-arm-none-eabi-10.3-2021.10/bin/../lib/gcc/arm-none-eabi/10.3.1/../../../../arm-none-eabi/lib/thumb/v7-m/nofp\libg.a(lib_a-__atexit.o)
                0x080051d4                __register_exitproc
 .text.cosf     0x08005260       0x70 e:/gcc-arm-none-eabi-10.3-2021.10/bin/../lib/gcc/arm-none-eabi/10.3.1/../../../../arm-none-eabi/lib/thumb/v7-m/nofp\libm.a(lib_a-sf_cos.o)
                0x08005260                cosf
 .text.sinf     0x080052d0       0x74 e:/gcc-arm-none-eabi-10.3-2021.10/bin/../lib/gcc/arm-none-eabi/10.3.1/../../../../arm-none-eabi/lib/thumb/v7-m/nofp\libm.a(lib_a-sf_sin.o)
                0x080052d0                sinf
 .text.__ieee754_rem_pio2f
                0x08005344      0x2e4 e:/gcc-arm-none-eabi-10.3-2021.10/bin/../lib/gcc/arm-none-eabi/10.3.1/../../../../arm-none-eabi/lib/thumb/v7-m/nofp\libm.a(lib_a-ef_rem_pio2.o)
                0x08005344                __ieee754_rem_pio2f
 .text.__kernel_cosf
                0x08005628      0x18c e:/gcc-arm-none-eabi-10.3-2021.10/bin/../lib/gcc/arm-none-eabi/10.3.1/../../../../arm-none-eabi/lib/thumb/v7-m/nofp\libm.a(lib_a-kf_cos.o)
                0x08005628                __kernel_cosf
 .text.__kernel_rem_pio2f
                0x080057b4      0x6e4 e:/gcc-arm-none-eabi-10.3-2021.10/bin/../lib/gcc/arm-none-eabi/10.3.1/../../../../arm-none-eabi/lib/thumb/v7-m/nofp\libm.a(lib_a-kf_rem_pio2.o)
                0x080057b4                __kernel_rem_pio2f
 .text.__kernel_sinf
                0x08005e98       0xe8 e:/gcc-arm-none-eabi-10.3-2021.10/bin/../lib/gcc/arm-none-eabi/10.3.1/../../../../arm-none-eabi/lib/thumb/v7-m/nofp\libm.a(lib_a-kf_sin.o)
                0x08005e98                __kernel_sinf
 .text.fabsf    0x08005f80        0x8 e:/gcc-arm-none-eabi-10.3-2021.10/bin/../lib/gcc/arm-none-eabi/10.3.1/../../../../arm-none-eabi/lib/thumb/v7-m/nofp\libm.a(lib_a-sf_fabs.o)
                0x08005f80                fabsf
 .text.floorf   0x08005f88       0x80 e:/gcc-arm-none-eabi-10.3-2021.10/bin/../lib/gcc/arm-none-eabi/10.3.1/../../../../arm-none-eabi/lib/thumb/v7-m/nofp\libm.a(lib_a-sf_floor.o)
                0x08005f88                floorf
 .text.scalbnf  0x08006008       0xbc e:/gcc-arm-none-eabi-10.3-2021.10/bin/../lib/gcc/arm-none-eabi/10.3.1/../../../../arm-none-eabi/lib/thumb/v7-m/nofp\libm.a(lib_a-sf_scalbn.o)
                0x08006008                scalbnf
 *(.glue_7)
 .glue_7        0x080060c4        0x0 linker stubs
 *(.glue_7t)
 .glue_7t       0x080060c4        0x0 linker stubs
 *(.eh_frame)
 .eh_frame      0x080060c4        0x0 e:/gcc-arm-none-eabi-10.3-2021.10/bin/../lib/gcc/arm-none-eabi/10.3.1/thumb/v7-m/nofp/crtbegin.o
 *(.init)
 .init          0x080060c4        0x4 e:/gcc-arm-none-eabi-10.3-2021.10/bin/../lib/gcc/arm-none-eabi/10.3.1/thumb/v7-m/nofp/crti.o
                0x080060c4                _init
 .init          0x080060c8        0x8 e:/gcc-arm-none-eabi-10.3-2021.10/bin/../lib/gcc/arm-none-eabi/10.3.1/thumb/v7-m/nofp/crtn.o
 *(.fini)
 .fini          0x080060d0        0x4 e:/gcc-arm-none-eabi-10.3-2021.10/bin/../lib/gcc/arm-none-eabi/10.3.1/thumb/v7-m/nofp/crti.o
                0x080060d0                _fini
 .fini          0x080060d4        0x8 e:/gcc-arm-none-eabi-10.3-2021.10/bin/../lib/gcc/arm-none-eabi/10.3.1/thumb/v7-m/nofp/crtn.o
                0x080060dc                . = ALIGN (0x4)
                0x080060dc                _etext = .

.vfp11_veneer   0x080060dc        0x0
 .vfp11_veneer  0x080060dc        0x0 linker stubs

.v4_bx          0x080060dc        0x0
 .v4_bx         0x080060dc        0x0 linker stubs

.iplt           0x080060dc        0x0
 .iplt          0x080060dc        0x0 e:/gcc-arm-none-eabi-10.3-2021.10/bin/../lib/gcc/arm-none-eabi/10.3.1/thumb/v7-m/nofp/crtbegin.o

.rodata         0x080060dc      0x5b8
                0x080060dc                . = ALIGN (0x4)
 *(.rodata)
 *(.rodata*)
 .rodata.mel_len
                0x080060dc        0x4 CMakeFiles/DSB2.elf.dir/Core/Src/buzzer/buzzer.c.obj
 .rodata.mel_tab
                0x080060e0        0x8 CMakeFiles/DSB2.elf.dir/Core/Src/buzzer/buzzer.c.obj
 .rodata.melody_pirates
                0x080060e8       0x80 CMakeFiles/DSB2.elf.dir/Core/Src/buzzer/buzzer.c.obj
 .rodata.melody_startup
                0x08006168       0x10 CMakeFiles/DSB2.elf.dir/Core/Src/buzzer/buzzer.c.obj
 .rodata.s_keyPin
                0x08006178        0x8 CMakeFiles/DSB2.elf.dir/Core/Src/key/key.c.obj
 .rodata.weight
                0x08006180        0x8 CMakeFiles/DSB2.elf.dir/Core/Src/line_follow_pid/line_follow_pid.c.obj
 .rodata.LT_UART5_Init.str1.4
                0x08006188        0x8 CMakeFiles/DSB2.elf.dir/Core/Src/linetracker_uart5/linetracker_uart5.c.obj
 .rodata.AHBPrescTable
                0x08006190       0x10 CMakeFiles/DSB2.elf.dir/Core/Src/system_stm32f1xx.c.obj
                0x08006190                AHBPrescTable
 .rodata.APBPrescTable
                0x080061a0        0x8 CMakeFiles/DSB2.elf.dir/Core/Src/system_stm32f1xx.c.obj
                0x080061a0                APBPrescTable
 .rodata.aPLLMULFactorTable.1
                0x080061a8       0x10 CMakeFiles/DSB2.elf.dir/Drivers/STM32F1xx_HAL_Driver/Src/stm32f1xx_hal_rcc.c.obj
 .rodata.aPredivFactorTable.0
                0x080061b8        0x2 CMakeFiles/DSB2.elf.dir/Drivers/STM32F1xx_HAL_Driver/Src/stm32f1xx_hal_rcc.c.obj
 *fill*         0x080061ba        0x2 
 .rodata._global_impure_ptr
                0x080061bc        0x4 e:/gcc-arm-none-eabi-10.3-2021.10/bin/../lib/gcc/arm-none-eabi/10.3.1/../../../../arm-none-eabi/lib/thumb/v7-m/nofp\libg.a(lib_a-impure.o)
                0x080061bc                _global_impure_ptr
 .rodata._ctype_
                0x080061c0      0x101 e:/gcc-arm-none-eabi-10.3-2021.10/bin/../lib/gcc/arm-none-eabi/10.3.1/../../../../arm-none-eabi/lib/thumb/v7-m/nofp\libg.a(lib_a-ctype_.o)
                0x080061c0                _ctype_
 *fill*         0x080062c1        0x3 
 .rodata.npio2_hw
                0x080062c4       0x80 e:/gcc-arm-none-eabi-10.3-2021.10/bin/../lib/gcc/arm-none-eabi/10.3.1/../../../../arm-none-eabi/lib/thumb/v7-m/nofp\libm.a(lib_a-ef_rem_pio2.o)
 .rodata.two_over_pi
                0x08006344      0x318 e:/gcc-arm-none-eabi-10.3-2021.10/bin/../lib/gcc/arm-none-eabi/10.3.1/../../../../arm-none-eabi/lib/thumb/v7-m/nofp\libm.a(lib_a-ef_rem_pio2.o)
 .rodata.PIo2   0x0800665c       0x2c e:/gcc-arm-none-eabi-10.3-2021.10/bin/../lib/gcc/arm-none-eabi/10.3.1/../../../../arm-none-eabi/lib/thumb/v7-m/nofp\libm.a(lib_a-kf_rem_pio2.o)
 .rodata.init_jk
                0x08006688        0xc e:/gcc-arm-none-eabi-10.3-2021.10/bin/../lib/gcc/arm-none-eabi/10.3.1/../../../../arm-none-eabi/lib/thumb/v7-m/nofp\libm.a(lib_a-kf_rem_pio2.o)
                0x08006694                . = ALIGN (0x4)

.ARM.extab      0x08006694        0x0
                0x08006694                . = ALIGN (0x4)
 *(.ARM.extab* .gnu.linkonce.armextab.*)
                0x08006694                . = ALIGN (0x4)

.ARM            0x08006694        0x8
                0x08006694                . = ALIGN (0x4)
                0x08006694                __exidx_start = .
 *(.ARM.exidx*)
 .ARM.exidx     0x08006694        0x8 e:/gcc-arm-none-eabi-10.3-2021.10/bin/../lib/gcc/arm-none-eabi/10.3.1/thumb/v7-m/nofp\libgcc.a(_udivmoddi4.o)
                0x0800669c                __exidx_end = .
                0x0800669c                . = ALIGN (0x4)

.rel.dyn        0x0800669c        0x0
 .rel.iplt      0x0800669c        0x0 e:/gcc-arm-none-eabi-10.3-2021.10/bin/../lib/gcc/arm-none-eabi/10.3.1/thumb/v7-m/nofp/crtbegin.o

.preinit_array  0x0800669c        0x0
                0x0800669c                . = ALIGN (0x4)
                0x0800669c                PROVIDE (__preinit_array_start = .)
 *(.preinit_array*)
                0x0800669c                PROVIDE (__preinit_array_end = .)
                0x0800669c                . = ALIGN (0x4)

.init_array     0x0800669c        0x8
                0x0800669c                . = ALIGN (0x4)
                0x0800669c                PROVIDE (__init_array_start = .)
 *(SORT_BY_NAME(.init_array.*))
 .init_array.00000
                0x0800669c        0x4 e:/gcc-arm-none-eabi-10.3-2021.10/bin/../lib/gcc/arm-none-eabi/10.3.1/../../../../arm-none-eabi/lib/thumb/v7-m/nofp\libg.a(lib_a-__call_atexit.o)
 *(.init_array*)
 .init_array    0x080066a0        0x4 e:/gcc-arm-none-eabi-10.3-2021.10/bin/../lib/gcc/arm-none-eabi/10.3.1/thumb/v7-m/nofp/crtbegin.o
                0x080066a4                PROVIDE (__init_array_end = .)
                0x080066a4                . = ALIGN (0x4)

.fini_array     0x080066a4        0x4
                0x080066a4                . = ALIGN (0x4)
                0x080066a4                PROVIDE (__fini_array_start = .)
 *(SORT_BY_NAME(.fini_array.*))
 *(.fini_array*)
 .fini_array    0x080066a4        0x4 e:/gcc-arm-none-eabi-10.3-2021.10/bin/../lib/gcc/arm-none-eabi/10.3.1/thumb/v7-m/nofp/crtbegin.o
                0x080066a8                PROVIDE (__fini_array_end = .)
                0x080066a8                . = ALIGN (0x4)
                0x080066a8                _sidata = LOADADDR (.data)

.data           0x20000000      0x454 load address 0x080066a8
                0x20000000                . = ALIGN (0x4)
                0x20000000                _sdata = .
 *(.data)
 *(.data*)
 .data.ramp_enable
                0x20000000        0x1 CMakeFiles/DSB2.elf.dir/Core/Src/move_while_rotating/move_while_rotating.c.obj
                0x20000000                ramp_enable
 *fill*         0x20000001        0x3 
 .data.rotate_speed
                0x20000004        0x4 CMakeFiles/DSB2.elf.dir/Core/Src/move_while_rotating/move_while_rotating.c.obj
                0x20000004                rotate_speed
 .data.world_x  0x20000008        0x4 CMakeFiles/DSB2.elf.dir/Core/Src/move_while_rotating/move_while_rotating.c.obj
                0x20000008                world_x
 .data.SystemCoreClock
                0x2000000c        0x4 CMakeFiles/DSB2.elf.dir/Core/Src/system_stm32f1xx.c.obj
                0x2000000c                SystemCoreClock
 .data.txBuf    0x20000010        0xb CMakeFiles/DSB2.elf.dir/Core/Src/uart2_motor_frame_tx/uart2_motor_frame_tx.c.obj
 *fill*         0x2000001b        0x1 
 .data.ramp_ticks_total
                0x2000001c        0x2 CMakeFiles/DSB2.elf.dir/Core/Src/yaw_pid_control/yaw_ramp.c.obj
                0x2000001c                ramp_ticks_total
 .data.uwTickFreq
                0x2000001e        0x1 CMakeFiles/DSB2.elf.dir/Drivers/STM32F1xx_HAL_Driver/Src/stm32f1xx_hal.c.obj
                0x2000001e                uwTickFreq
 *fill*         0x2000001f        0x1 
 .data.uwTickPrio
                0x20000020        0x4 CMakeFiles/DSB2.elf.dir/Drivers/STM32F1xx_HAL_Driver/Src/stm32f1xx_hal.c.obj
                0x20000020                uwTickPrio
 .data._impure_ptr
                0x20000024        0x4 e:/gcc-arm-none-eabi-10.3-2021.10/bin/../lib/gcc/arm-none-eabi/10.3.1/../../../../arm-none-eabi/lib/thumb/v7-m/nofp\libg.a(lib_a-impure.o)
                0x20000024                _impure_ptr
 .data.impure_data
                0x20000028      0x428 e:/gcc-arm-none-eabi-10.3-2021.10/bin/../lib/gcc/arm-none-eabi/10.3.1/../../../../arm-none-eabi/lib/thumb/v7-m/nofp\libg.a(lib_a-impure.o)
 .data.__atexit_recursive_mutex
                0x20000450        0x4 e:/gcc-arm-none-eabi-10.3-2021.10/bin/../lib/gcc/arm-none-eabi/10.3.1/../../../../arm-none-eabi/lib/thumb/v7-m/nofp\libg.a(lib_a-__call_atexit.o)
                0x20000450                __atexit_recursive_mutex
 *(.RamFunc)
 *(.RamFunc*)
                0x20000454                . = ALIGN (0x4)
                0x20000454                _edata = .

.igot.plt       0x20000454        0x0 load address 0x08006afc
 .igot.plt      0x20000454        0x0 e:/gcc-arm-none-eabi-10.3-2021.10/bin/../lib/gcc/arm-none-eabi/10.3.1/thumb/v7-m/nofp/crtbegin.o
                0x20000454                . = ALIGN (0x4)

.bss            0x20000458      0xa4c load address 0x08006afc
                0x20000458                _sbss = .
                0x20000458                __bss_start__ = _sbss
 *(.bss)
 .bss           0x20000458       0x1c e:/gcc-arm-none-eabi-10.3-2021.10/bin/../lib/gcc/arm-none-eabi/10.3.1/thumb/v7-m/nofp/crtbegin.o
 *(.bss*)
 .bss.i2        0x20000474        0x4 CMakeFiles/DSB2.elf.dir/Core/Src/buzzer/buzzer.c.obj
                0x20000474                i2
 .bss.hi2c1     0x20000478       0x54 CMakeFiles/DSB2.elf.dir/Core/Src/i2c.c.obj
                0x20000478                hi2c1
 .bss.g_rxByte  0x200004cc        0x1 CMakeFiles/DSB2.elf.dir/Core/Src/imu_uart4/imu_uart4.c.obj
 *fill*         0x200004cd        0x3 
 .bss.imu_gyro_x_cdps
                0x200004d0        0x4 CMakeFiles/DSB2.elf.dir/Core/Src/imu_uart4/imu_uart4.c.obj
                0x200004d0                imu_gyro_x_cdps
 .bss.imu_gyro_y_cdps
                0x200004d4        0x4 CMakeFiles/DSB2.elf.dir/Core/Src/imu_uart4/imu_uart4.c.obj
                0x200004d4                imu_gyro_y_cdps
 .bss.imu_gyro_z_cdps
                0x200004d8        0x4 CMakeFiles/DSB2.elf.dir/Core/Src/imu_uart4/imu_uart4.c.obj
                0x200004d8                imu_gyro_z_cdps
 .bss.imu_pitch_cdeg
                0x200004dc        0x4 CMakeFiles/DSB2.elf.dir/Core/Src/imu_uart4/imu_uart4.c.obj
                0x200004dc                imu_pitch_cdeg
 .bss.imu_roll_cdeg
                0x200004e0        0x4 CMakeFiles/DSB2.elf.dir/Core/Src/imu_uart4/imu_uart4.c.obj
                0x200004e0                imu_roll_cdeg
 .bss.imu_yaw_cdeg
                0x200004e4        0x4 CMakeFiles/DSB2.elf.dir/Core/Src/imu_uart4/imu_uart4.c.obj
                0x200004e4                imu_yaw_cdeg
 .bss.s_rxBuf   0x200004e8       0x1d CMakeFiles/DSB2.elf.dir/Core/Src/imu_uart4/imu_uart4.c.obj
 .bss.s_rxIndex
                0x20000505        0x1 CMakeFiles/DSB2.elf.dir/Core/Src/imu_uart4/imu_uart4.c.obj
 *fill*         0x20000506        0x2 
 .bss.g_keyClick
                0x20000508        0x4 CMakeFiles/DSB2.elf.dir/Core/Src/key/key.c.obj
 .bss.g_keyLastMs
                0x2000050c       0x10 CMakeFiles/DSB2.elf.dir/Core/Src/key/key.c.obj
 .bss.g_keyLevel
                0x2000051c        0x4 CMakeFiles/DSB2.elf.dir/Core/Src/key/key.c.obj
 .bss.Line_Follow_On
                0x20000520        0x1 CMakeFiles/DSB2.elf.dir/Core/Src/line_follow_pid/line_follow_pid.c.obj
                0x20000520                Line_Follow_On
 *fill*         0x20000521        0x3 
 .bss.err_integral
                0x20000524        0x4 CMakeFiles/DSB2.elf.dir/Core/Src/line_follow_pid/line_follow_pid.c.obj
 .bss.err_prev  0x20000528        0x2 CMakeFiles/DSB2.elf.dir/Core/Src/line_follow_pid/line_follow_pid.c.obj
 *fill*         0x2000052a        0x2 
 .bss.pid_output
                0x2000052c        0x4 CMakeFiles/DSB2.elf.dir/Core/Src/line_follow_pid/line_follow_pid.c.obj
 .bss.reached_end_flag
                0x20000530        0x1 CMakeFiles/DSB2.elf.dir/Core/Src/line_follow_pid/line_follow_pid.c.obj
 .bss.sum_count
                0x20000531        0x1 CMakeFiles/DSB2.elf.dir/Core/Src/line_follow_pid/line_follow_pid.c.obj
 .bss.sum_weight
                0x20000532        0x2 CMakeFiles/DSB2.elf.dir/Core/Src/line_follow_pid/line_follow_pid.c.obj
 .bss.yaw_goal  0x20000534        0x4 CMakeFiles/DSB2.elf.dir/Core/Src/line_follow_pid/line_follow_pid.c.obj
                0x20000534                yaw_goal
 .bss.frame_ready
                0x20000538        0x1 CMakeFiles/DSB2.elf.dir/Core/Src/linetracker_uart5/linetracker_uart5.c.obj
 .bss.g_rxByte  0x20000539        0x1 CMakeFiles/DSB2.elf.dir/Core/Src/linetracker_uart5/linetracker_uart5.c.obj
 *fill*         0x2000053a        0x2 
 .bss.lt_digital
                0x2000053c        0x8 CMakeFiles/DSB2.elf.dir/Core/Src/linetracker_uart5/linetracker_uart5.c.obj
                0x2000053c                lt_digital
 .bss.lt_new_digital
                0x20000544        0x1 CMakeFiles/DSB2.elf.dir/Core/Src/linetracker_uart5/linetracker_uart5.c.obj
                0x20000544                lt_new_digital
 *fill*         0x20000545        0x3 
 .bss.rx_buf    0x20000548       0x40 CMakeFiles/DSB2.elf.dir/Core/Src/linetracker_uart5/linetracker_uart5.c.obj
 .bss.rx_idx    0x20000588        0x2 CMakeFiles/DSB2.elf.dir/Core/Src/linetracker_uart5/linetracker_uart5.c.obj
 *fill*         0x2000058a        0x2 
 .bss.frame_buf
                0x2000058c       0x2a CMakeFiles/DSB2.elf.dir/Core/Src/motor_rx/motor_rx.c.obj
 .bss.frame_ready
                0x200005b6        0x1 CMakeFiles/DSB2.elf.dir/Core/Src/motor_rx/motor_rx.c.obj
 .bss.g_rxByte  0x200005b7        0x1 CMakeFiles/DSB2.elf.dir/Core/Src/motor_rx/motor_rx.c.obj
 .bss.motor_odometers
                0x200005b8       0x10 CMakeFiles/DSB2.elf.dir/Core/Src/motor_rx/motor_rx.c.obj
                0x200005b8                motor_odometers
 .bss.motor_real_speed
                0x200005c8       0x10 CMakeFiles/DSB2.elf.dir/Core/Src/motor_rx/motor_rx.c.obj
                0x200005c8                motor_real_speed
 .bss.motor_sum_odometers_x
                0x200005d8        0x4 CMakeFiles/DSB2.elf.dir/Core/Src/motor_rx/motor_rx.c.obj
                0x200005d8                motor_sum_odometers_x
 .bss.motor_sum_odometers_y
                0x200005dc        0x4 CMakeFiles/DSB2.elf.dir/Core/Src/motor_rx/motor_rx.c.obj
                0x200005dc                motor_sum_odometers_y
 .bss.motor_target_speed
                0x200005e0        0x8 CMakeFiles/DSB2.elf.dir/Core/Src/motor_rx/motor_rx.c.obj
                0x200005e0                motor_target_speed
 .bss.rx_buf    0x200005e8       0x2a CMakeFiles/DSB2.elf.dir/Core/Src/motor_rx/motor_rx.c.obj
 .bss.rx_idx    0x20000612        0x1 CMakeFiles/DSB2.elf.dir/Core/Src/motor_rx/motor_rx.c.obj
 .bss.move_enable_flag
                0x20000613        0x1 CMakeFiles/DSB2.elf.dir/Core/Src/move_while_rotating/move_while_rotating.c.obj
                0x20000613                move_enable_flag
 .bss.world_y   0x20000614        0x4 CMakeFiles/DSB2.elf.dir/Core/Src/move_while_rotating/move_while_rotating.c.obj
                0x20000614                world_y
 .bss.OLED_GRAM
                0x20000618      0x400 CMakeFiles/DSB2.elf.dir/Core/Src/oled/oled.c.obj
                0x20000618                OLED_GRAM
 .bss.sendBuffer.2
                0x20000a18       0x81 CMakeFiles/DSB2.elf.dir/Core/Src/oled/oled.c.obj
 *fill*         0x20000a99        0x3 
 .bss.sendBuffer.3
                0x20000a9c        0x2 CMakeFiles/DSB2.elf.dir/Core/Src/oled/oled.c.obj
 *fill*         0x20000a9e        0x2 
 .bss.index1.1  0x20000aa0        0x4 CMakeFiles/DSB2.elf.dir/Core/Src/stm32f1xx_it.c.obj
 .bss.index2.0  0x20000aa4        0x4 CMakeFiles/DSB2.elf.dir/Core/Src/stm32f1xx_it.c.obj
 .bss.htim1     0x20000aa8       0x48 CMakeFiles/DSB2.elf.dir/Core/Src/tim.c.obj
                0x20000aa8                htim1
 .bss.htim2     0x20000af0       0x48 CMakeFiles/DSB2.elf.dir/Core/Src/tim.c.obj
                0x20000af0                htim2
 .bss.htim3     0x20000b38       0x48 CMakeFiles/DSB2.elf.dir/Core/Src/tim.c.obj
                0x20000b38                htim3
 .bss.htim4     0x20000b80       0x48 CMakeFiles/DSB2.elf.dir/Core/Src/tim.c.obj
                0x20000b80                htim4
 .bss.htim5     0x20000bc8       0x48 CMakeFiles/DSB2.elf.dir/Core/Src/tim.c.obj
                0x20000bc8                htim5
 .bss.htim6     0x20000c10       0x48 CMakeFiles/DSB2.elf.dir/Core/Src/tim.c.obj
                0x20000c10                htim6
 .bss.htim7     0x20000c58       0x48 CMakeFiles/DSB2.elf.dir/Core/Src/tim.c.obj
                0x20000c58                htim7
 .bss.htim8     0x20000ca0       0x48 CMakeFiles/DSB2.elf.dir/Core/Src/tim.c.obj
                0x20000ca0                htim8
 .bss.last_set_speed
                0x20000ce8        0x4 CMakeFiles/DSB2.elf.dir/Core/Src/uart2_motor_frame_tx/uart2_motor_frame_tx.c.obj
                0x20000ce8                last_set_speed
 .bss.txBusy    0x20000cec        0x1 CMakeFiles/DSB2.elf.dir/Core/Src/uart2_motor_frame_tx/uart2_motor_frame_tx.c.obj
 *fill*         0x20000ced        0x3 
 .bss.huart1    0x20000cf0       0x48 CMakeFiles/DSB2.elf.dir/Core/Src/usart.c.obj
                0x20000cf0                huart1
 .bss.huart2    0x20000d38       0x48 CMakeFiles/DSB2.elf.dir/Core/Src/usart.c.obj
                0x20000d38                huart2
 .bss.huart3    0x20000d80       0x48 CMakeFiles/DSB2.elf.dir/Core/Src/usart.c.obj
                0x20000d80                huart3
 .bss.huart4    0x20000dc8       0x48 CMakeFiles/DSB2.elf.dir/Core/Src/usart.c.obj
                0x20000dc8                huart4
 .bss.huart5    0x20000e10       0x48 CMakeFiles/DSB2.elf.dir/Core/Src/usart.c.obj
                0x20000e10                huart5
 .bss.vision_frame_buffer
                0x20000e58        0xd CMakeFiles/DSB2.elf.dir/Core/Src/vision_parser/vision_parser.c.obj
 .bss.vision_frame_index
                0x20000e65        0x1 CMakeFiles/DSB2.elf.dir/Core/Src/vision_parser/vision_parser.c.obj
 .bss.vision_frame_ready
                0x20000e66        0x1 CMakeFiles/DSB2.elf.dir/Core/Src/vision_parser/vision_parser.c.obj
 *fill*         0x20000e67        0x1 
 .bss.vision_tag
                0x20000e68        0x4 CMakeFiles/DSB2.elf.dir/Core/Src/vision_parser/vision_parser.c.obj
                0x20000e68                vision_tag
 .bss.vision_uart_rx_byte
                0x20000e6c        0x1 CMakeFiles/DSB2.elf.dir/Core/Src/vision_parser/vision_parser.c.obj
 *fill*         0x20000e6d        0x1 
 .bss.vision_x_coord
                0x20000e6e        0x2 CMakeFiles/DSB2.elf.dir/Core/Src/vision_parser/vision_parser.c.obj
                0x20000e6e                vision_x_coord
 .bss.vision_y_coord
                0x20000e70        0x2 CMakeFiles/DSB2.elf.dir/Core/Src/vision_parser/vision_parser.c.obj
                0x20000e70                vision_y_coord
 *fill*         0x20000e72        0x6 
 .bss.integral.1
                0x20000e78        0x8 CMakeFiles/DSB2.elf.dir/Core/Src/yaw_pid_control/yaw_pid_control.c.obj
 .bss.prev_error.0
                0x20000e80        0x4 CMakeFiles/DSB2.elf.dir/Core/Src/yaw_pid_control/yaw_pid_control.c.obj
 .bss.target_yaw_cdeg
                0x20000e84        0x4 CMakeFiles/DSB2.elf.dir/Core/Src/yaw_pid_control/yaw_pid_control.c.obj
                0x20000e84                target_yaw_cdeg
 .bss.target_yaw_cmd_cdeg
                0x20000e88        0x4 CMakeFiles/DSB2.elf.dir/Core/Src/yaw_pid_control/yaw_pid_control.c.obj
                0x20000e88                target_yaw_cmd_cdeg
 .bss.yaw_pid_control_on
                0x20000e8c        0x1 CMakeFiles/DSB2.elf.dir/Core/Src/yaw_pid_control/yaw_pid_control.c.obj
                0x20000e8c                yaw_pid_control_on
 .bss.ramp_active
                0x20000e8d        0x1 CMakeFiles/DSB2.elf.dir/Core/Src/yaw_pid_control/yaw_ramp.c.obj
 *fill*         0x20000e8e        0x2 
 .bss.ramp_delta_cdeg
                0x20000e90        0x4 CMakeFiles/DSB2.elf.dir/Core/Src/yaw_pid_control/yaw_ramp.c.obj
 .bss.ramp_start_cdeg
                0x20000e94        0x4 CMakeFiles/DSB2.elf.dir/Core/Src/yaw_pid_control/yaw_ramp.c.obj
 .bss.ramp_tick
                0x20000e98        0x2 CMakeFiles/DSB2.elf.dir/Core/Src/yaw_pid_control/yaw_ramp.c.obj
 *fill*         0x20000e9a        0x2 
 .bss.uwTick    0x20000e9c        0x4 CMakeFiles/DSB2.elf.dir/Drivers/STM32F1xx_HAL_Driver/Src/stm32f1xx_hal.c.obj
                0x20000e9c                uwTick
 .bss.__lock___atexit_recursive_mutex
                0x20000ea0        0x1 e:/gcc-arm-none-eabi-10.3-2021.10/bin/../lib/gcc/arm-none-eabi/10.3.1/../../../../arm-none-eabi/lib/thumb/v7-m/nofp\libg.a(lib_a-lock.o)
                0x20000ea0                __lock___atexit_recursive_mutex
 *(COMMON)
                0x20000ea4                . = ALIGN (0x4)
 *fill*         0x20000ea1        0x3 
                0x20000ea4                _ebss = .
                0x20000ea4                __bss_end__ = _ebss

._user_heap_stack
                0x20000ea4      0x604 load address 0x08006afc
                0x20000ea8                . = ALIGN (0x8)
 *fill*         0x20000ea4        0x4 
                [!provide]                PROVIDE (end = .)
                0x20000ea8                PROVIDE (_end = .)
                0x200010a8                . = (. + _Min_Heap_Size)
 *fill*         0x20000ea8      0x200 
                0x200014a8                . = (. + _Min_Stack_Size)
 *fill*         0x200010a8      0x400 
                0x200014a8                . = ALIGN (0x8)

/DISCARD/
 libc.a(*)
 libm.a(*)
 libgcc.a(*)

.ARM.attributes
                0x00000000       0x29
 *(.ARM.attributes)
 .ARM.attributes
                0x00000000       0x1d e:/gcc-arm-none-eabi-10.3-2021.10/bin/../lib/gcc/arm-none-eabi/10.3.1/thumb/v7-m/nofp/crti.o
 .ARM.attributes
                0x0000001d       0x2d e:/gcc-arm-none-eabi-10.3-2021.10/bin/../lib/gcc/arm-none-eabi/10.3.1/thumb/v7-m/nofp/crtbegin.o
 .ARM.attributes
                0x0000004a       0x2d CMakeFiles/DSB2.elf.dir/Core/Src/buzzer/buzzer.c.obj
 .ARM.attributes
                0x00000077       0x2d CMakeFiles/DSB2.elf.dir/Core/Src/gpio.c.obj
 .ARM.attributes
                0x000000a4       0x2d CMakeFiles/DSB2.elf.dir/Core/Src/i2c.c.obj
 .ARM.attributes
                0x000000d1       0x2d CMakeFiles/DSB2.elf.dir/Core/Src/imu_uart4/imu_uart4.c.obj
 .ARM.attributes
                0x000000fe       0x2d CMakeFiles/DSB2.elf.dir/Core/Src/key/key.c.obj
 .ARM.attributes
                0x0000012b       0x2d CMakeFiles/DSB2.elf.dir/Core/Src/line_follow_pid/line_follow_pid.c.obj
 .ARM.attributes
                0x00000158       0x2d CMakeFiles/DSB2.elf.dir/Core/Src/linetracker_uart5/linetracker_uart5.c.obj
 .ARM.attributes
                0x00000185       0x2d CMakeFiles/DSB2.elf.dir/Core/Src/main.c.obj
 .ARM.attributes
                0x000001b2       0x2d CMakeFiles/DSB2.elf.dir/Core/Src/motor_rx/motor_rx.c.obj
 .ARM.attributes
                0x000001df       0x2d CMakeFiles/DSB2.elf.dir/Core/Src/move_while_rotating/move_while_rotating.c.obj
 .ARM.attributes
                0x0000020c       0x2d CMakeFiles/DSB2.elf.dir/Core/Src/oled/oled.c.obj
 .ARM.attributes
                0x00000239       0x2d CMakeFiles/DSB2.elf.dir/Core/Src/process.c.obj
 .ARM.attributes
                0x00000266       0x2d CMakeFiles/DSB2.elf.dir/Core/Src/servo_control/servo_control.c.obj
 .ARM.attributes
                0x00000293       0x2d CMakeFiles/DSB2.elf.dir/Core/Src/stm32f1xx_hal_msp.c.obj
 .ARM.attributes
                0x000002c0       0x2d CMakeFiles/DSB2.elf.dir/Core/Src/stm32f1xx_it.c.obj
 .ARM.attributes
                0x000002ed       0x2d CMakeFiles/DSB2.elf.dir/Core/Src/system_stm32f1xx.c.obj
 .ARM.attributes
                0x0000031a       0x2d CMakeFiles/DSB2.elf.dir/Core/Src/tim.c.obj
 .ARM.attributes
                0x00000347       0x2d CMakeFiles/DSB2.elf.dir/Core/Src/uart2_motor_frame_tx/uart2_motor_frame_tx.c.obj
 .ARM.attributes
                0x00000374       0x2d CMakeFiles/DSB2.elf.dir/Core/Src/usart.c.obj
 .ARM.attributes
                0x000003a1       0x2d CMakeFiles/DSB2.elf.dir/Core/Src/vision_parser/vision_parser.c.obj
 .ARM.attributes
                0x000003ce       0x2d CMakeFiles/DSB2.elf.dir/Core/Src/wind/wind.c.obj
 .ARM.attributes
                0x000003fb       0x2d CMakeFiles/DSB2.elf.dir/Core/Src/yaw_pid_control/yaw_pid_control.c.obj
 .ARM.attributes
                0x00000428       0x2d CMakeFiles/DSB2.elf.dir/Core/Src/yaw_pid_control/yaw_ramp.c.obj
 .ARM.attributes
                0x00000455       0x21 CMakeFiles/DSB2.elf.dir/Core/Startup/startup_stm32f103rctx.s.obj
 .ARM.attributes
                0x00000476       0x2d CMakeFiles/DSB2.elf.dir/Drivers/STM32F1xx_HAL_Driver/Src/stm32f1xx_hal.c.obj
 .ARM.attributes
                0x000004a3       0x2d CMakeFiles/DSB2.elf.dir/Drivers/STM32F1xx_HAL_Driver/Src/stm32f1xx_hal_cortex.c.obj
 .ARM.attributes
                0x000004d0       0x2d CMakeFiles/DSB2.elf.dir/Drivers/STM32F1xx_HAL_Driver/Src/stm32f1xx_hal_dma.c.obj
 .ARM.attributes
                0x000004fd       0x2d CMakeFiles/DSB2.elf.dir/Drivers/STM32F1xx_HAL_Driver/Src/stm32f1xx_hal_gpio.c.obj
 .ARM.attributes
                0x0000052a       0x2d CMakeFiles/DSB2.elf.dir/Drivers/STM32F1xx_HAL_Driver/Src/stm32f1xx_hal_i2c.c.obj
 .ARM.attributes
                0x00000557       0x2d CMakeFiles/DSB2.elf.dir/Drivers/STM32F1xx_HAL_Driver/Src/stm32f1xx_hal_rcc.c.obj
 .ARM.attributes
                0x00000584       0x2d CMakeFiles/DSB2.elf.dir/Drivers/STM32F1xx_HAL_Driver/Src/stm32f1xx_hal_tim.c.obj
 .ARM.attributes
                0x000005b1       0x2d CMakeFiles/DSB2.elf.dir/Drivers/STM32F1xx_HAL_Driver/Src/stm32f1xx_hal_tim_ex.c.obj
 .ARM.attributes
                0x000005de       0x2d CMakeFiles/DSB2.elf.dir/Drivers/STM32F1xx_HAL_Driver/Src/stm32f1xx_hal_uart.c.obj
 .ARM.attributes
                0x0000060b       0x1d e:/gcc-arm-none-eabi-10.3-2021.10/bin/../lib/gcc/arm-none-eabi/10.3.1/thumb/v7-m/nofp\libgcc.a(_arm_addsubsf3.o)
 .ARM.attributes
                0x00000628       0x1d e:/gcc-arm-none-eabi-10.3-2021.10/bin/../lib/gcc/arm-none-eabi/10.3.1/thumb/v7-m/nofp\libgcc.a(_arm_muldivsf3.o)
 .ARM.attributes
                0x00000645       0x1d e:/gcc-arm-none-eabi-10.3-2021.10/bin/../lib/gcc/arm-none-eabi/10.3.1/thumb/v7-m/nofp\libgcc.a(_arm_cmpsf2.o)
 .ARM.attributes
                0x00000662       0x1d e:/gcc-arm-none-eabi-10.3-2021.10/bin/../lib/gcc/arm-none-eabi/10.3.1/thumb/v7-m/nofp\libgcc.a(_arm_fixsfsi.o)
 .ARM.attributes
                0x0000067f       0x1d e:/gcc-arm-none-eabi-10.3-2021.10/bin/../lib/gcc/arm-none-eabi/10.3.1/thumb/v7-m/nofp\libgcc.a(_aeabi_ldivmod.o)
 .ARM.attributes
                0x0000069c       0x2d e:/gcc-arm-none-eabi-10.3-2021.10/bin/../lib/gcc/arm-none-eabi/10.3.1/thumb/v7-m/nofp\libgcc.a(_udivmoddi4.o)
 .ARM.attributes
                0x000006c9       0x1d e:/gcc-arm-none-eabi-10.3-2021.10/bin/../lib/gcc/arm-none-eabi/10.3.1/thumb/v7-m/nofp\libgcc.a(_dvmd_tls.o)
 .ARM.attributes
                0x000006e6       0x2d e:/gcc-arm-none-eabi-10.3-2021.10/bin/../lib/gcc/arm-none-eabi/10.3.1/../../../../arm-none-eabi/lib/thumb/v7-m/nofp\libg.a(lib_a-atoi.o)
 .ARM.attributes
                0x00000713       0x2d e:/gcc-arm-none-eabi-10.3-2021.10/bin/../lib/gcc/arm-none-eabi/10.3.1/../../../../arm-none-eabi/lib/thumb/v7-m/nofp\libg.a(lib_a-errno.o)
 .ARM.attributes
                0x00000740       0x2d e:/gcc-arm-none-eabi-10.3-2021.10/bin/../lib/gcc/arm-none-eabi/10.3.1/../../../../arm-none-eabi/lib/thumb/v7-m/nofp\libg.a(lib_a-impure.o)
 .ARM.attributes
                0x0000076d       0x2d e:/gcc-arm-none-eabi-10.3-2021.10/bin/../lib/gcc/arm-none-eabi/10.3.1/../../../../arm-none-eabi/lib/thumb/v7-m/nofp\libg.a(lib_a-init.o)
 .ARM.attributes
                0x0000079a       0x1b e:/gcc-arm-none-eabi-10.3-2021.10/bin/../lib/gcc/arm-none-eabi/10.3.1/../../../../arm-none-eabi/lib/thumb/v7-m/nofp\libg.a(lib_a-memcpy.o)
 .ARM.attributes
                0x000007b5       0x2d e:/gcc-arm-none-eabi-10.3-2021.10/bin/../lib/gcc/arm-none-eabi/10.3.1/../../../../arm-none-eabi/lib/thumb/v7-m/nofp\libg.a(lib_a-memset.o)
 .ARM.attributes
                0x000007e2       0x2d e:/gcc-arm-none-eabi-10.3-2021.10/bin/../lib/gcc/arm-none-eabi/10.3.1/../../../../arm-none-eabi/lib/thumb/v7-m/nofp\libg.a(lib_a-strchr.o)
 .ARM.attributes
                0x0000080f       0x2d e:/gcc-arm-none-eabi-10.3-2021.10/bin/../lib/gcc/arm-none-eabi/10.3.1/../../../../arm-none-eabi/lib/thumb/v7-m/nofp\libg.a(lib_a-strtol.o)
 .ARM.attributes
                0x0000083c       0x2d e:/gcc-arm-none-eabi-10.3-2021.10/bin/../lib/gcc/arm-none-eabi/10.3.1/../../../../arm-none-eabi/lib/thumb/v7-m/nofp\libg.a(lib_a-__call_atexit.o)
 .ARM.attributes
                0x00000869       0x2d e:/gcc-arm-none-eabi-10.3-2021.10/bin/../lib/gcc/arm-none-eabi/10.3.1/../../../../arm-none-eabi/lib/thumb/v7-m/nofp\libg.a(lib_a-atexit.o)
 .ARM.attributes
                0x00000896       0x2d e:/gcc-arm-none-eabi-10.3-2021.10/bin/../lib/gcc/arm-none-eabi/10.3.1/../../../../arm-none-eabi/lib/thumb/v7-m/nofp\libg.a(lib_a-ctype_.o)
 .ARM.attributes
                0x000008c3       0x2d e:/gcc-arm-none-eabi-10.3-2021.10/bin/../lib/gcc/arm-none-eabi/10.3.1/../../../../arm-none-eabi/lib/thumb/v7-m/nofp\libg.a(lib_a-fini.o)
 .ARM.attributes
                0x000008f0       0x2d e:/gcc-arm-none-eabi-10.3-2021.10/bin/../lib/gcc/arm-none-eabi/10.3.1/../../../../arm-none-eabi/lib/thumb/v7-m/nofp\libg.a(lib_a-lock.o)
 .ARM.attributes
                0x0000091d       0x2d e:/gcc-arm-none-eabi-10.3-2021.10/bin/../lib/gcc/arm-none-eabi/10.3.1/../../../../arm-none-eabi/lib/thumb/v7-m/nofp\libg.a(lib_a-__atexit.o)
 .ARM.attributes
                0x0000094a       0x1d e:/gcc-arm-none-eabi-10.3-2021.10/bin/../lib/gcc/arm-none-eabi/10.3.1/thumb/v7-m/nofp/crtn.o
OUTPUT(DSB2.elf elf32-littlearm)
LOAD linker stubs
LOAD e:/gcc-arm-none-eabi-10.3-2021.10/bin/../lib/gcc/arm-none-eabi/10.3.1/../../../../arm-none-eabi/lib/thumb/v7-m/nofp\libc.a
LOAD e:/gcc-arm-none-eabi-10.3-2021.10/bin/../lib/gcc/arm-none-eabi/10.3.1/../../../../arm-none-eabi/lib/thumb/v7-m/nofp\libm.a
LOAD e:/gcc-arm-none-eabi-10.3-2021.10/bin/../lib/gcc/arm-none-eabi/10.3.1/thumb/v7-m/nofp\libgcc.a

.debug_info     0x00000000    0x1e2ba
 .debug_info    0x00000000      0xaae CMakeFiles/DSB2.elf.dir/Core/Src/buzzer/buzzer.c.obj
 .debug_info    0x00000aae      0x58f CMakeFiles/DSB2.elf.dir/Core/Src/gpio.c.obj
 .debug_info    0x0000103d      0x93b CMakeFiles/DSB2.elf.dir/Core/Src/i2c.c.obj
 .debug_info    0x00001978      0x9e3 CMakeFiles/DSB2.elf.dir/Core/Src/imu_uart4/imu_uart4.c.obj
 .debug_info    0x0000235b      0x5dc CMakeFiles/DSB2.elf.dir/Core/Src/key/key.c.obj
 .debug_info    0x00002937      0x3c9 CMakeFiles/DSB2.elf.dir/Core/Src/line_follow_pid/line_follow_pid.c.obj
 .debug_info    0x00002d00      0x7ef CMakeFiles/DSB2.elf.dir/Core/Src/linetracker_uart5/linetracker_uart5.c.obj
 .debug_info    0x000034ef      0x536 CMakeFiles/DSB2.elf.dir/Core/Src/main.c.obj
 .debug_info    0x00003a25      0x87e CMakeFiles/DSB2.elf.dir/Core/Src/motor_rx/motor_rx.c.obj
 .debug_info    0x000042a3      0x308 CMakeFiles/DSB2.elf.dir/Core/Src/move_while_rotating/move_while_rotating.c.obj
 .debug_info    0x000045ab     0x211f CMakeFiles/DSB2.elf.dir/Core/Src/oled/oled.c.obj
 .debug_info    0x000066ca     0x19c1 CMakeFiles/DSB2.elf.dir/Core/Src/process.c.obj
 .debug_info    0x0000808b      0x6da CMakeFiles/DSB2.elf.dir/Core/Src/servo_control/servo_control.c.obj
 .debug_info    0x00008765      0x211 CMakeFiles/DSB2.elf.dir/Core/Src/stm32f1xx_hal_msp.c.obj
 .debug_info    0x00008976      0xce5 CMakeFiles/DSB2.elf.dir/Core/Src/stm32f1xx_it.c.obj
 .debug_info    0x0000965b      0x248 CMakeFiles/DSB2.elf.dir/Core/Src/system_stm32f1xx.c.obj
 .debug_info    0x000098a3     0x1776 CMakeFiles/DSB2.elf.dir/Core/Src/tim.c.obj
 .debug_info    0x0000b019      0x86e CMakeFiles/DSB2.elf.dir/Core/Src/uart2_motor_frame_tx/uart2_motor_frame_tx.c.obj
 .debug_info    0x0000b887      0xf02 CMakeFiles/DSB2.elf.dir/Core/Src/usart.c.obj
 .debug_info    0x0000c789      0x717 CMakeFiles/DSB2.elf.dir/Core/Src/vision_parser/vision_parser.c.obj
 .debug_info    0x0000cea0      0xa00 CMakeFiles/DSB2.elf.dir/Core/Src/wind/wind.c.obj
 .debug_info    0x0000d8a0      0x3b9 CMakeFiles/DSB2.elf.dir/Core/Src/yaw_pid_control/yaw_pid_control.c.obj
 .debug_info    0x0000dc59      0x33d CMakeFiles/DSB2.elf.dir/Core/Src/yaw_pid_control/yaw_ramp.c.obj
 .debug_info    0x0000df96       0x22 CMakeFiles/DSB2.elf.dir/Core/Startup/startup_stm32f103rctx.s.obj
 .debug_info    0x0000dfb8      0x80e CMakeFiles/DSB2.elf.dir/Drivers/STM32F1xx_HAL_Driver/Src/stm32f1xx_hal.c.obj
 .debug_info    0x0000e7c6      0xdf0 CMakeFiles/DSB2.elf.dir/Drivers/STM32F1xx_HAL_Driver/Src/stm32f1xx_hal_cortex.c.obj
 .debug_info    0x0000f5b6      0x84b CMakeFiles/DSB2.elf.dir/Drivers/STM32F1xx_HAL_Driver/Src/stm32f1xx_hal_dma.c.obj
 .debug_info    0x0000fe01      0x66f CMakeFiles/DSB2.elf.dir/Drivers/STM32F1xx_HAL_Driver/Src/stm32f1xx_hal_gpio.c.obj
 .debug_info    0x00010470     0x3ac3 CMakeFiles/DSB2.elf.dir/Drivers/STM32F1xx_HAL_Driver/Src/stm32f1xx_hal_i2c.c.obj
 .debug_info    0x00013f33      0xa3b CMakeFiles/DSB2.elf.dir/Drivers/STM32F1xx_HAL_Driver/Src/stm32f1xx_hal_rcc.c.obj
 .debug_info    0x0001496e     0x3d7c CMakeFiles/DSB2.elf.dir/Drivers/STM32F1xx_HAL_Driver/Src/stm32f1xx_hal_tim.c.obj
 .debug_info    0x000186ea     0x1abb CMakeFiles/DSB2.elf.dir/Drivers/STM32F1xx_HAL_Driver/Src/stm32f1xx_hal_tim_ex.c.obj
 .debug_info    0x0001a1a5     0x4115 CMakeFiles/DSB2.elf.dir/Drivers/STM32F1xx_HAL_Driver/Src/stm32f1xx_hal_uart.c.obj

.debug_abbrev   0x00000000     0x404e
 .debug_abbrev  0x00000000      0x265 CMakeFiles/DSB2.elf.dir/Core/Src/buzzer/buzzer.c.obj
 .debug_abbrev  0x00000265      0x158 CMakeFiles/DSB2.elf.dir/Core/Src/gpio.c.obj
 .debug_abbrev  0x000003bd      0x1e7 CMakeFiles/DSB2.elf.dir/Core/Src/i2c.c.obj
 .debug_abbrev  0x000005a4      0x26c CMakeFiles/DSB2.elf.dir/Core/Src/imu_uart4/imu_uart4.c.obj
 .debug_abbrev  0x00000810      0x1e9 CMakeFiles/DSB2.elf.dir/Core/Src/key/key.c.obj
 .debug_abbrev  0x000009f9      0x1bf CMakeFiles/DSB2.elf.dir/Core/Src/line_follow_pid/line_follow_pid.c.obj
 .debug_abbrev  0x00000bb8      0x21e CMakeFiles/DSB2.elf.dir/Core/Src/linetracker_uart5/linetracker_uart5.c.obj
 .debug_abbrev  0x00000dd6      0x1db CMakeFiles/DSB2.elf.dir/Core/Src/main.c.obj
 .debug_abbrev  0x00000fb1      0x1e1 CMakeFiles/DSB2.elf.dir/Core/Src/motor_rx/motor_rx.c.obj
 .debug_abbrev  0x00001192      0x134 CMakeFiles/DSB2.elf.dir/Core/Src/move_while_rotating/move_while_rotating.c.obj
 .debug_abbrev  0x000012c6      0x336 CMakeFiles/DSB2.elf.dir/Core/Src/oled/oled.c.obj
 .debug_abbrev  0x000015fc      0x1ed CMakeFiles/DSB2.elf.dir/Core/Src/process.c.obj
 .debug_abbrev  0x000017e9      0x1c2 CMakeFiles/DSB2.elf.dir/Core/Src/servo_control/servo_control.c.obj
 .debug_abbrev  0x000019ab       0xe5 CMakeFiles/DSB2.elf.dir/Core/Src/stm32f1xx_hal_msp.c.obj
 .debug_abbrev  0x00001a90      0x1f8 CMakeFiles/DSB2.elf.dir/Core/Src/stm32f1xx_it.c.obj
 .debug_abbrev  0x00001c88      0x13e CMakeFiles/DSB2.elf.dir/Core/Src/system_stm32f1xx.c.obj
 .debug_abbrev  0x00001dc6      0x25b CMakeFiles/DSB2.elf.dir/Core/Src/tim.c.obj
 .debug_abbrev  0x00002021      0x218 CMakeFiles/DSB2.elf.dir/Core/Src/uart2_motor_frame_tx/uart2_motor_frame_tx.c.obj
 .debug_abbrev  0x00002239      0x212 CMakeFiles/DSB2.elf.dir/Core/Src/usart.c.obj
 .debug_abbrev  0x0000244b      0x1bd CMakeFiles/DSB2.elf.dir/Core/Src/vision_parser/vision_parser.c.obj
 .debug_abbrev  0x00002608      0x1e3 CMakeFiles/DSB2.elf.dir/Core/Src/wind/wind.c.obj
 .debug_abbrev  0x000027eb      0x144 CMakeFiles/DSB2.elf.dir/Core/Src/yaw_pid_control/yaw_pid_control.c.obj
 .debug_abbrev  0x0000292f      0x158 CMakeFiles/DSB2.elf.dir/Core/Src/yaw_pid_control/yaw_ramp.c.obj
 .debug_abbrev  0x00002a87       0x12 CMakeFiles/DSB2.elf.dir/Core/Startup/startup_stm32f103rctx.s.obj
 .debug_abbrev  0x00002a99      0x1f4 CMakeFiles/DSB2.elf.dir/Drivers/STM32F1xx_HAL_Driver/Src/stm32f1xx_hal.c.obj
 .debug_abbrev  0x00002c8d      0x341 CMakeFiles/DSB2.elf.dir/Drivers/STM32F1xx_HAL_Driver/Src/stm32f1xx_hal_cortex.c.obj
 .debug_abbrev  0x00002fce      0x223 CMakeFiles/DSB2.elf.dir/Drivers/STM32F1xx_HAL_Driver/Src/stm32f1xx_hal_dma.c.obj
 .debug_abbrev  0x000031f1      0x1e6 CMakeFiles/DSB2.elf.dir/Drivers/STM32F1xx_HAL_Driver/Src/stm32f1xx_hal_gpio.c.obj
 .debug_abbrev  0x000033d7      0x293 CMakeFiles/DSB2.elf.dir/Drivers/STM32F1xx_HAL_Driver/Src/stm32f1xx_hal_i2c.c.obj
 .debug_abbrev  0x0000366a      0x27a CMakeFiles/DSB2.elf.dir/Drivers/STM32F1xx_HAL_Driver/Src/stm32f1xx_hal_rcc.c.obj
 .debug_abbrev  0x000038e4      0x245 CMakeFiles/DSB2.elf.dir/Drivers/STM32F1xx_HAL_Driver/Src/stm32f1xx_hal_tim.c.obj
 .debug_abbrev  0x00003b29      0x248 CMakeFiles/DSB2.elf.dir/Drivers/STM32F1xx_HAL_Driver/Src/stm32f1xx_hal_tim_ex.c.obj
 .debug_abbrev  0x00003d71      0x2dd CMakeFiles/DSB2.elf.dir/Drivers/STM32F1xx_HAL_Driver/Src/stm32f1xx_hal_uart.c.obj

.debug_loc      0x00000000    0x13f27
 .debug_loc     0x00000000      0x214 CMakeFiles/DSB2.elf.dir/Core/Src/buzzer/buzzer.c.obj
 .debug_loc     0x00000214       0xaa CMakeFiles/DSB2.elf.dir/Core/Src/i2c.c.obj
 .debug_loc     0x000002be      0x3fa CMakeFiles/DSB2.elf.dir/Core/Src/imu_uart4/imu_uart4.c.obj
 .debug_loc     0x000006b8      0x150 CMakeFiles/DSB2.elf.dir/Core/Src/key/key.c.obj
 .debug_loc     0x00000808       0xdc CMakeFiles/DSB2.elf.dir/Core/Src/line_follow_pid/line_follow_pid.c.obj
 .debug_loc     0x000008e4       0x8c CMakeFiles/DSB2.elf.dir/Core/Src/linetracker_uart5/linetracker_uart5.c.obj
 .debug_loc     0x00000970       0xfd CMakeFiles/DSB2.elf.dir/Core/Src/motor_rx/motor_rx.c.obj
 .debug_loc     0x00000a6d      0x166 CMakeFiles/DSB2.elf.dir/Core/Src/move_while_rotating/move_while_rotating.c.obj
 .debug_loc     0x00000bd3     0x1640 CMakeFiles/DSB2.elf.dir/Core/Src/oled/oled.c.obj
 .debug_loc     0x00002213       0xf5 CMakeFiles/DSB2.elf.dir/Core/Src/process.c.obj
 .debug_loc     0x00002308       0x37 CMakeFiles/DSB2.elf.dir/Core/Src/servo_control/servo_control.c.obj
 .debug_loc     0x0000233f       0x15 CMakeFiles/DSB2.elf.dir/Core/Src/stm32f1xx_hal_msp.c.obj
 .debug_loc     0x00002354       0xbe CMakeFiles/DSB2.elf.dir/Core/Src/stm32f1xx_it.c.obj
 .debug_loc     0x00002412       0xff CMakeFiles/DSB2.elf.dir/Core/Src/system_stm32f1xx.c.obj
 .debug_loc     0x00002511      0x1e3 CMakeFiles/DSB2.elf.dir/Core/Src/tim.c.obj
 .debug_loc     0x000026f4      0x134 CMakeFiles/DSB2.elf.dir/Core/Src/uart2_motor_frame_tx/uart2_motor_frame_tx.c.obj
 .debug_loc     0x00002828      0x16c CMakeFiles/DSB2.elf.dir/Core/Src/usart.c.obj
 .debug_loc     0x00002994       0xb9 CMakeFiles/DSB2.elf.dir/Core/Src/wind/wind.c.obj
 .debug_loc     0x00002a4d      0x311 CMakeFiles/DSB2.elf.dir/Core/Src/yaw_pid_control/yaw_pid_control.c.obj
 .debug_loc     0x00002d5e      0x11b CMakeFiles/DSB2.elf.dir/Core/Src/yaw_pid_control/yaw_ramp.c.obj
 .debug_loc     0x00002e79      0x141 CMakeFiles/DSB2.elf.dir/Drivers/STM32F1xx_HAL_Driver/Src/stm32f1xx_hal.c.obj
 .debug_loc     0x00002fba      0x71f CMakeFiles/DSB2.elf.dir/Drivers/STM32F1xx_HAL_Driver/Src/stm32f1xx_hal_cortex.c.obj
 .debug_loc     0x000036d9      0x7ce CMakeFiles/DSB2.elf.dir/Drivers/STM32F1xx_HAL_Driver/Src/stm32f1xx_hal_dma.c.obj
 .debug_loc     0x00003ea7      0x47d CMakeFiles/DSB2.elf.dir/Drivers/STM32F1xx_HAL_Driver/Src/stm32f1xx_hal_gpio.c.obj
 .debug_loc     0x00004324     0x41d5 CMakeFiles/DSB2.elf.dir/Drivers/STM32F1xx_HAL_Driver/Src/stm32f1xx_hal_i2c.c.obj
 .debug_loc     0x000084f9      0x618 CMakeFiles/DSB2.elf.dir/Drivers/STM32F1xx_HAL_Driver/Src/stm32f1xx_hal_rcc.c.obj
 .debug_loc     0x00008b11     0x50ae CMakeFiles/DSB2.elf.dir/Drivers/STM32F1xx_HAL_Driver/Src/stm32f1xx_hal_tim.c.obj
 .debug_loc     0x0000dbbf     0x1cad CMakeFiles/DSB2.elf.dir/Drivers/STM32F1xx_HAL_Driver/Src/stm32f1xx_hal_tim_ex.c.obj
 .debug_loc     0x0000f86c     0x46bb CMakeFiles/DSB2.elf.dir/Drivers/STM32F1xx_HAL_Driver/Src/stm32f1xx_hal_uart.c.obj

.debug_aranges  0x00000000     0x1370
 .debug_aranges
                0x00000000       0x40 CMakeFiles/DSB2.elf.dir/Core/Src/buzzer/buzzer.c.obj
 .debug_aranges
                0x00000040       0x20 CMakeFiles/DSB2.elf.dir/Core/Src/gpio.c.obj
 .debug_aranges
                0x00000060       0x30 CMakeFiles/DSB2.elf.dir/Core/Src/i2c.c.obj
 .debug_aranges
                0x00000090       0x38 CMakeFiles/DSB2.elf.dir/Core/Src/imu_uart4/imu_uart4.c.obj
 .debug_aranges
                0x000000c8       0x38 CMakeFiles/DSB2.elf.dir/Core/Src/key/key.c.obj
 .debug_aranges
                0x00000100       0x50 CMakeFiles/DSB2.elf.dir/Core/Src/line_follow_pid/line_follow_pid.c.obj
 .debug_aranges
                0x00000150       0x38 CMakeFiles/DSB2.elf.dir/Core/Src/linetracker_uart5/linetracker_uart5.c.obj
 .debug_aranges
                0x00000188       0x30 CMakeFiles/DSB2.elf.dir/Core/Src/main.c.obj
 .debug_aranges
                0x000001b8       0x38 CMakeFiles/DSB2.elf.dir/Core/Src/motor_rx/motor_rx.c.obj
 .debug_aranges
                0x000001f0       0x28 CMakeFiles/DSB2.elf.dir/Core/Src/move_while_rotating/move_while_rotating.c.obj
 .debug_aranges
                0x00000218       0xf0 CMakeFiles/DSB2.elf.dir/Core/Src/oled/oled.c.obj
 .debug_aranges
                0x00000308       0x40 CMakeFiles/DSB2.elf.dir/Core/Src/process.c.obj
 .debug_aranges
                0x00000348       0x28 CMakeFiles/DSB2.elf.dir/Core/Src/servo_control/servo_control.c.obj
 .debug_aranges
                0x00000370       0x20 CMakeFiles/DSB2.elf.dir/Core/Src/stm32f1xx_hal_msp.c.obj
 .debug_aranges
                0x00000390       0xb8 CMakeFiles/DSB2.elf.dir/Core/Src/stm32f1xx_it.c.obj
 .debug_aranges
                0x00000448       0x28 CMakeFiles/DSB2.elf.dir/Core/Src/system_stm32f1xx.c.obj
 .debug_aranges
                0x00000470       0x80 CMakeFiles/DSB2.elf.dir/Core/Src/tim.c.obj
 .debug_aranges
                0x000004f0       0x58 CMakeFiles/DSB2.elf.dir/Core/Src/uart2_motor_frame_tx/uart2_motor_frame_tx.c.obj
 .debug_aranges
                0x00000548       0x50 CMakeFiles/DSB2.elf.dir/Core/Src/usart.c.obj
 .debug_aranges
                0x00000598       0x30 CMakeFiles/DSB2.elf.dir/Core/Src/vision_parser/vision_parser.c.obj
 .debug_aranges
                0x000005c8       0x40 CMakeFiles/DSB2.elf.dir/Core/Src/wind/wind.c.obj
 .debug_aranges
                0x00000608       0x30 CMakeFiles/DSB2.elf.dir/Core/Src/yaw_pid_control/yaw_pid_control.c.obj
 .debug_aranges
                0x00000638       0x50 CMakeFiles/DSB2.elf.dir/Core/Src/yaw_pid_control/yaw_ramp.c.obj
 .debug_aranges
                0x00000688       0x28 CMakeFiles/DSB2.elf.dir/Core/Startup/startup_stm32f103rctx.s.obj
 .debug_aranges
                0x000006b0       0xe0 CMakeFiles/DSB2.elf.dir/Drivers/STM32F1xx_HAL_Driver/Src/stm32f1xx_hal.c.obj
 .debug_aranges
                0x00000790       0x90 CMakeFiles/DSB2.elf.dir/Drivers/STM32F1xx_HAL_Driver/Src/stm32f1xx_hal_cortex.c.obj
 .debug_aranges
                0x00000820       0x80 CMakeFiles/DSB2.elf.dir/Drivers/STM32F1xx_HAL_Driver/Src/stm32f1xx_hal_dma.c.obj
 .debug_aranges
                0x000008a0       0x58 CMakeFiles/DSB2.elf.dir/Drivers/STM32F1xx_HAL_Driver/Src/stm32f1xx_hal_gpio.c.obj
 .debug_aranges
                0x000008f8      0x2a8 CMakeFiles/DSB2.elf.dir/Drivers/STM32F1xx_HAL_Driver/Src/stm32f1xx_hal_i2c.c.obj
 .debug_aranges
                0x00000ba0       0x90 CMakeFiles/DSB2.elf.dir/Drivers/STM32F1xx_HAL_Driver/Src/stm32f1xx_hal_rcc.c.obj
 .debug_aranges
                0x00000c30      0x3d0 CMakeFiles/DSB2.elf.dir/Drivers/STM32F1xx_HAL_Driver/Src/stm32f1xx_hal_tim.c.obj
 .debug_aranges
                0x00001000      0x168 CMakeFiles/DSB2.elf.dir/Drivers/STM32F1xx_HAL_Driver/Src/stm32f1xx_hal_tim_ex.c.obj
 .debug_aranges
                0x00001168      0x208 CMakeFiles/DSB2.elf.dir/Drivers/STM32F1xx_HAL_Driver/Src/stm32f1xx_hal_uart.c.obj

.debug_ranges   0x00000000     0x1338
 .debug_ranges  0x00000000       0x48 CMakeFiles/DSB2.elf.dir/Core/Src/buzzer/buzzer.c.obj
 .debug_ranges  0x00000048       0x10 CMakeFiles/DSB2.elf.dir/Core/Src/gpio.c.obj
 .debug_ranges  0x00000058       0x20 CMakeFiles/DSB2.elf.dir/Core/Src/i2c.c.obj
 .debug_ranges  0x00000078       0x70 CMakeFiles/DSB2.elf.dir/Core/Src/imu_uart4/imu_uart4.c.obj
 .debug_ranges  0x000000e8       0x28 CMakeFiles/DSB2.elf.dir/Core/Src/key/key.c.obj
 .debug_ranges  0x00000110       0x40 CMakeFiles/DSB2.elf.dir/Core/Src/line_follow_pid/line_follow_pid.c.obj
 .debug_ranges  0x00000150       0x28 CMakeFiles/DSB2.elf.dir/Core/Src/linetracker_uart5/linetracker_uart5.c.obj
 .debug_ranges  0x00000178       0x20 CMakeFiles/DSB2.elf.dir/Core/Src/main.c.obj
 .debug_ranges  0x00000198       0x70 CMakeFiles/DSB2.elf.dir/Core/Src/motor_rx/motor_rx.c.obj
 .debug_ranges  0x00000208       0x18 CMakeFiles/DSB2.elf.dir/Core/Src/move_while_rotating/move_while_rotating.c.obj
 .debug_ranges  0x00000220      0x140 CMakeFiles/DSB2.elf.dir/Core/Src/oled/oled.c.obj
 .debug_ranges  0x00000360       0x30 CMakeFiles/DSB2.elf.dir/Core/Src/process.c.obj
 .debug_ranges  0x00000390       0x18 CMakeFiles/DSB2.elf.dir/Core/Src/servo_control/servo_control.c.obj
 .debug_ranges  0x000003a8       0x10 CMakeFiles/DSB2.elf.dir/Core/Src/stm32f1xx_hal_msp.c.obj
 .debug_ranges  0x000003b8       0xa8 CMakeFiles/DSB2.elf.dir/Core/Src/stm32f1xx_it.c.obj
 .debug_ranges  0x00000460       0x18 CMakeFiles/DSB2.elf.dir/Core/Src/system_stm32f1xx.c.obj
 .debug_ranges  0x00000478       0x70 CMakeFiles/DSB2.elf.dir/Core/Src/tim.c.obj
 .debug_ranges  0x000004e8       0x60 CMakeFiles/DSB2.elf.dir/Core/Src/uart2_motor_frame_tx/uart2_motor_frame_tx.c.obj
 .debug_ranges  0x00000548       0x40 CMakeFiles/DSB2.elf.dir/Core/Src/usart.c.obj
 .debug_ranges  0x00000588       0x20 CMakeFiles/DSB2.elf.dir/Core/Src/vision_parser/vision_parser.c.obj
 .debug_ranges  0x000005a8       0x30 CMakeFiles/DSB2.elf.dir/Core/Src/wind/wind.c.obj
 .debug_ranges  0x000005d8       0x20 CMakeFiles/DSB2.elf.dir/Core/Src/yaw_pid_control/yaw_pid_control.c.obj
 .debug_ranges  0x000005f8       0x40 CMakeFiles/DSB2.elf.dir/Core/Src/yaw_pid_control/yaw_ramp.c.obj
 .debug_ranges  0x00000638       0x20 CMakeFiles/DSB2.elf.dir/Core/Startup/startup_stm32f103rctx.s.obj
 .debug_ranges  0x00000658       0xd0 CMakeFiles/DSB2.elf.dir/Drivers/STM32F1xx_HAL_Driver/Src/stm32f1xx_hal.c.obj
 .debug_ranges  0x00000728       0xe0 CMakeFiles/DSB2.elf.dir/Drivers/STM32F1xx_HAL_Driver/Src/stm32f1xx_hal_cortex.c.obj
 .debug_ranges  0x00000808       0x70 CMakeFiles/DSB2.elf.dir/Drivers/STM32F1xx_HAL_Driver/Src/stm32f1xx_hal_dma.c.obj
 .debug_ranges  0x00000878       0x48 CMakeFiles/DSB2.elf.dir/Drivers/STM32F1xx_HAL_Driver/Src/stm32f1xx_hal_gpio.c.obj
 .debug_ranges  0x000008c0      0x2b0 CMakeFiles/DSB2.elf.dir/Drivers/STM32F1xx_HAL_Driver/Src/stm32f1xx_hal_i2c.c.obj
 .debug_ranges  0x00000b70       0xa0 CMakeFiles/DSB2.elf.dir/Drivers/STM32F1xx_HAL_Driver/Src/stm32f1xx_hal_rcc.c.obj
 .debug_ranges  0x00000c10      0x3c0 CMakeFiles/DSB2.elf.dir/Drivers/STM32F1xx_HAL_Driver/Src/stm32f1xx_hal_tim.c.obj
 .debug_ranges  0x00000fd0      0x158 CMakeFiles/DSB2.elf.dir/Drivers/STM32F1xx_HAL_Driver/Src/stm32f1xx_hal_tim_ex.c.obj